../../../../../../../Drivers/CMSIS/Include/core_cm4.h:1933:34:__NVIC_SystemReset	0	static,ignoring_inline_asm
C:/D_DRIVE_BACKUP/workspace/stm32cubewl-v1-4-0/STM32Cube_FW_WL_V1.4.0/Projects/NUCLEO-WL55JC/Applications/LoRaWAN/LoRaWAN_End_Node/LoRaWAN/App/lora_app.c:797:13:OnSysTimeUpdate	0	static
C:/D_DRIVE_BACKUP/workspace/stm32cubewl-v1-4-0/STM32Cube_FW_WL_V1.4.0/Projects/NUCLEO-WL55JC/Applications/LoRaWAN/LoRaWAN_End_Node/LoRaWAN/App/lora_app.c:845:13:OnTxFrameCtrlChanged	0	static
C:/D_DRIVE_BACKUP/workspace/stm32cubewl-v1-4-0/STM32Cube_FW_WL_V1.4.0/Projects/NUCLEO-WL55JC/Applications/LoRaWAN/LoRaWAN_End_Node/LoRaWAN/App/lora_app.c:856:13:OnPingSlotPeriodicityChanged	0	static
C:/D_DRIVE_BACKUP/workspace/stm32cubewl-v1-4-0/STM32Cube_FW_WL_V1.4.0/Projects/NUCLEO-WL55JC/Applications/LoRaWAN/LoRaWAN_End_Node/LoRaWAN/App/lora_app.c:762:13:OnBeaconStatusChange	72	static
C:/D_DRIVE_BACKUP/workspace/stm32cubewl-v1-4-0/STM32Cube_FW_WL_V1.4.0/Projects/NUCLEO-WL55JC/Applications/LoRaWAN/LoRaWAN_End_Node/LoRaWAN/App/lora_app.c:804:13:OnClassChange	16	static
C:/D_DRIVE_BACKUP/workspace/stm32cubewl-v1-4-0/STM32Cube_FW_WL_V1.4.0/Projects/NUCLEO-WL55JC/Applications/LoRaWAN/LoRaWAN_End_Node/LoRaWAN/App/lora_app.c:956:13:OnNvmDataChange	8	static
C:/D_DRIVE_BACKUP/workspace/stm32cubewl-v1-4-0/STM32Cube_FW_WL_V1.4.0/Projects/NUCLEO-WL55JC/Applications/LoRaWAN/LoRaWAN_End_Node/LoRaWAN/App/lora_app.c:671:13:OnTxTimerEvent	8	static
C:/D_DRIVE_BACKUP/workspace/stm32cubewl-v1-4-0/STM32Cube_FW_WL_V1.4.0/Projects/NUCLEO-WL55JC/Applications/LoRaWAN/LoRaWAN_End_Node/LoRaWAN/App/lora_app.c:811:13:OnMacProcessNotify	8	static
C:/D_DRIVE_BACKUP/workspace/stm32cubewl-v1-4-0/STM32Cube_FW_WL_V1.4.0/Projects/NUCLEO-WL55JC/Applications/LoRaWAN/LoRaWAN_End_Node/LoRaWAN/App/lora_app.c:867:13:OnSystemReset	8	static
C:/D_DRIVE_BACKUP/workspace/stm32cubewl-v1-4-0/STM32Cube_FW_WL_V1.4.0/Projects/NUCLEO-WL55JC/Applications/LoRaWAN/LoRaWAN_End_Node/LoRaWAN/App/lora_app.c:823:13:OnTxPeriodicityChanged	8	static
C:/D_DRIVE_BACKUP/workspace/stm32cubewl-v1-4-0/STM32Cube_FW_WL_V1.4.0/Projects/NUCLEO-WL55JC/Applications/LoRaWAN/LoRaWAN_End_Node/LoRaWAN/App/lora_app.c:703:13:OnTxData	24	static
C:/D_DRIVE_BACKUP/workspace/stm32cubewl-v1-4-0/STM32Cube_FW_WL_V1.4.0/Projects/NUCLEO-WL55JC/Applications/LoRaWAN/LoRaWAN_End_Node/LoRaWAN/App/lora_app.c:732:13:OnJoinRequest	16	static
C:/D_DRIVE_BACKUP/workspace/stm32cubewl-v1-4-0/STM32Cube_FW_WL_V1.4.0/Projects/NUCLEO-WL55JC/Applications/LoRaWAN/LoRaWAN_End_Node/LoRaWAN/App/lora_app.c:918:13:OnStopJoinTimerEvent	8	static
C:/D_DRIVE_BACKUP/workspace/stm32cubewl-v1-4-0/STM32Cube_FW_WL_V1.4.0/Projects/NUCLEO-WL55JC/Applications/LoRaWAN/LoRaWAN_End_Node/LoRaWAN/App/lora_app.c:691:13:OnRxTimerLedEvent	8	static
C:/D_DRIVE_BACKUP/workspace/stm32cubewl-v1-4-0/STM32Cube_FW_WL_V1.4.0/Projects/NUCLEO-WL55JC/Applications/LoRaWAN/LoRaWAN_End_Node/LoRaWAN/App/lora_app.c:686:13:OnTxTimerLedEvent	8	static
C:/D_DRIVE_BACKUP/workspace/stm32cubewl-v1-4-0/STM32Cube_FW_WL_V1.4.0/Projects/NUCLEO-WL55JC/Applications/LoRaWAN/LoRaWAN_End_Node/LoRaWAN/App/lora_app.c:477:13:OnRxData	40	static
C:/D_DRIVE_BACKUP/workspace/stm32cubewl-v1-4-0/STM32Cube_FW_WL_V1.4.0/Projects/NUCLEO-WL55JC/Applications/LoRaWAN/LoRaWAN_End_Node/LoRaWAN/App/lora_app.c:974:13:OnStoreContextRequest	8	static
C:/D_DRIVE_BACKUP/workspace/stm32cubewl-v1-4-0/STM32Cube_FW_WL_V1.4.0/Projects/NUCLEO-WL55JC/Applications/LoRaWAN/LoRaWAN_End_Node/LoRaWAN/App/lora_app.c:986:13:OnRestoreContextRequest	8	static
C:/D_DRIVE_BACKUP/workspace/stm32cubewl-v1-4-0/STM32Cube_FW_WL_V1.4.0/Projects/NUCLEO-WL55JC/Applications/LoRaWAN/LoRaWAN_End_Node/LoRaWAN/App/lora_app.c:881:13:StopJoin	16	static
C:/D_DRIVE_BACKUP/workspace/stm32cubewl-v1-4-0/STM32Cube_FW_WL_V1.4.0/Projects/NUCLEO-WL55JC/Applications/LoRaWAN/LoRaWAN_End_Node/LoRaWAN/App/lora_app.c:934:13:StoreContext	8	static
C:/D_DRIVE_BACKUP/workspace/stm32cubewl-v1-4-0/STM32Cube_FW_WL_V1.4.0/Projects/NUCLEO-WL55JC/Applications/LoRaWAN/LoRaWAN_End_Node/LoRaWAN/App/lora_app.c:557:13:SendTxData	56	static
C:/D_DRIVE_BACKUP/workspace/stm32cubewl-v1-4-0/STM32Cube_FW_WL_V1.4.0/Projects/NUCLEO-WL55JC/Applications/LoRaWAN/LoRaWAN_End_Node/LoRaWAN/App/lora_app.c:696:13:OnJoinTimerLedEvent	8	static
C:/D_DRIVE_BACKUP/workspace/stm32cubewl-v1-4-0/STM32Cube_FW_WL_V1.4.0/Projects/NUCLEO-WL55JC/Applications/LoRaWAN/LoRaWAN_End_Node/LoRaWAN/App/lora_app.c:353:6:LoRaWAN_Init	40	static
C:/D_DRIVE_BACKUP/workspace/stm32cubewl-v1-4-0/STM32Cube_FW_WL_V1.4.0/Projects/NUCLEO-WL55JC/Applications/LoRaWAN/LoRaWAN_End_Node/LoRaWAN/App/lora_app.c:448:6:HAL_GPIO_EXTI_Callback	8	static
