Archive member included to satisfy reference by file (symbol)

C:/ST/STM32CubeIDE_2.0.0/STM32CubeIDE/plugins/com.st.stm32cube.ide.mcu.externaltools.gnu-tools-for-stm32.13.3.rel1.win32_1.0.100.202509120712/tools/bin/../lib/gcc/arm-none-eabi/13.3.1/../../../../arm-none-eabi/lib/thumb/v7e-m/nofp\libc_nano.a(libc_a-exit.o)
                              C:/ST/STM32CubeIDE_2.0.0/STM32CubeIDE/plugins/com.st.stm32cube.ide.mcu.externaltools.gnu-tools-for-stm32.13.3.rel1.win32_1.0.100.202509120712/tools/bin/../lib/gcc/arm-none-eabi/13.3.1/../../../../arm-none-eabi/lib/thumb/v7e-m/nofp/crt0.o (exit)
C:/ST/STM32CubeIDE_2.0.0/STM32CubeIDE/plugins/com.st.stm32cube.ide.mcu.externaltools.gnu-tools-for-stm32.13.3.rel1.win32_1.0.100.202509120712/tools/bin/../lib/gcc/arm-none-eabi/13.3.1/../../../../arm-none-eabi/lib/thumb/v7e-m/nofp\libc_nano.a(libc_a-findfp.o)
                              C:/ST/STM32CubeIDE_2.0.0/STM32CubeIDE/plugins/com.st.stm32cube.ide.mcu.externaltools.gnu-tools-for-stm32.13.3.rel1.win32_1.0.100.202509120712/tools/bin/../lib/gcc/arm-none-eabi/13.3.1/../../../../arm-none-eabi/lib/thumb/v7e-m/nofp\libc_nano.a(libc_a-exit.o) (__stdio_exit_handler)
C:/ST/STM32CubeIDE_2.0.0/STM32CubeIDE/plugins/com.st.stm32cube.ide.mcu.externaltools.gnu-tools-for-stm32.13.3.rel1.win32_1.0.100.202509120712/tools/bin/../lib/gcc/arm-none-eabi/13.3.1/../../../../arm-none-eabi/lib/thumb/v7e-m/nofp\libc_nano.a(libc_a-fwalk.o)
                              C:/ST/STM32CubeIDE_2.0.0/STM32CubeIDE/plugins/com.st.stm32cube.ide.mcu.externaltools.gnu-tools-for-stm32.13.3.rel1.win32_1.0.100.202509120712/tools/bin/../lib/gcc/arm-none-eabi/13.3.1/../../../../arm-none-eabi/lib/thumb/v7e-m/nofp\libc_nano.a(libc_a-findfp.o) (_fwalk_sglue)
C:/ST/STM32CubeIDE_2.0.0/STM32CubeIDE/plugins/com.st.stm32cube.ide.mcu.externaltools.gnu-tools-for-stm32.13.3.rel1.win32_1.0.100.202509120712/tools/bin/../lib/gcc/arm-none-eabi/13.3.1/../../../../arm-none-eabi/lib/thumb/v7e-m/nofp\libc_nano.a(libc_a-stdio.o)
                              C:/ST/STM32CubeIDE_2.0.0/STM32CubeIDE/plugins/com.st.stm32cube.ide.mcu.externaltools.gnu-tools-for-stm32.13.3.rel1.win32_1.0.100.202509120712/tools/bin/../lib/gcc/arm-none-eabi/13.3.1/../../../../arm-none-eabi/lib/thumb/v7e-m/nofp\libc_nano.a(libc_a-findfp.o) (__sread)
C:/ST/STM32CubeIDE_2.0.0/STM32CubeIDE/plugins/com.st.stm32cube.ide.mcu.externaltools.gnu-tools-for-stm32.13.3.rel1.win32_1.0.100.202509120712/tools/bin/../lib/gcc/arm-none-eabi/13.3.1/../../../../arm-none-eabi/lib/thumb/v7e-m/nofp\libc_nano.a(libc_a-memset.o)
                              C:/ST/STM32CubeIDE_2.0.0/STM32CubeIDE/plugins/com.st.stm32cube.ide.mcu.externaltools.gnu-tools-for-stm32.13.3.rel1.win32_1.0.100.202509120712/tools/bin/../lib/gcc/arm-none-eabi/13.3.1/../../../../arm-none-eabi/lib/thumb/v7e-m/nofp/crt0.o (memset)
C:/ST/STM32CubeIDE_2.0.0/STM32CubeIDE/plugins/com.st.stm32cube.ide.mcu.externaltools.gnu-tools-for-stm32.13.3.rel1.win32_1.0.100.202509120712/tools/bin/../lib/gcc/arm-none-eabi/13.3.1/../../../../arm-none-eabi/lib/thumb/v7e-m/nofp\libc_nano.a(libc_a-closer.o)
                              C:/ST/STM32CubeIDE_2.0.0/STM32CubeIDE/plugins/com.st.stm32cube.ide.mcu.externaltools.gnu-tools-for-stm32.13.3.rel1.win32_1.0.100.202509120712/tools/bin/../lib/gcc/arm-none-eabi/13.3.1/../../../../arm-none-eabi/lib/thumb/v7e-m/nofp\libc_nano.a(libc_a-stdio.o) (_close_r)
C:/ST/STM32CubeIDE_2.0.0/STM32CubeIDE/plugins/com.st.stm32cube.ide.mcu.externaltools.gnu-tools-for-stm32.13.3.rel1.win32_1.0.100.202509120712/tools/bin/../lib/gcc/arm-none-eabi/13.3.1/../../../../arm-none-eabi/lib/thumb/v7e-m/nofp\libc_nano.a(libc_a-reent.o)
                              C:/ST/STM32CubeIDE_2.0.0/STM32CubeIDE/plugins/com.st.stm32cube.ide.mcu.externaltools.gnu-tools-for-stm32.13.3.rel1.win32_1.0.100.202509120712/tools/bin/../lib/gcc/arm-none-eabi/13.3.1/../../../../arm-none-eabi/lib/thumb/v7e-m/nofp\libc_nano.a(libc_a-closer.o) (errno)
C:/ST/STM32CubeIDE_2.0.0/STM32CubeIDE/plugins/com.st.stm32cube.ide.mcu.externaltools.gnu-tools-for-stm32.13.3.rel1.win32_1.0.100.202509120712/tools/bin/../lib/gcc/arm-none-eabi/13.3.1/../../../../arm-none-eabi/lib/thumb/v7e-m/nofp\libc_nano.a(libc_a-impure.o)
                              C:/ST/STM32CubeIDE_2.0.0/STM32CubeIDE/plugins/com.st.stm32cube.ide.mcu.externaltools.gnu-tools-for-stm32.13.3.rel1.win32_1.0.100.202509120712/tools/bin/../lib/gcc/arm-none-eabi/13.3.1/../../../../arm-none-eabi/lib/thumb/v7e-m/nofp\libc_nano.a(libc_a-reent.o) (_impure_ptr)
C:/ST/STM32CubeIDE_2.0.0/STM32CubeIDE/plugins/com.st.stm32cube.ide.mcu.externaltools.gnu-tools-for-stm32.13.3.rel1.win32_1.0.100.202509120712/tools/bin/../lib/gcc/arm-none-eabi/13.3.1/../../../../arm-none-eabi/lib/thumb/v7e-m/nofp\libc_nano.a(libc_a-lseekr.o)
[...]
Memory Configuration

Name             Origin             Length             Attributes
RAM1             0x20000000         0x00008000         xrw
NVM_RAM          0x20008000         0x00001000         rw
RAM2             0x20009000         0x00007000         xrw
FLASH            0x08000000         0x0003e000         xr
USER_Key_region_ROM 0x0803e500         0x00000300         xr
*default*        0x00000000         0xffffffff

Linker script and memory map

LOAD C:/ST/STM32CubeIDE_2.0.0/STM32CubeIDE/plugins/com.st.stm32cube.ide.mcu.externaltools.gnu-tools-for-stm32.13.3.rel1.win32_1.0.100.202509120712/tools/bin/../lib/gcc/arm-none-eabi/13.3.1/thumb/v7e-m/nofp/crti.o
LOAD C:/ST/STM32CubeIDE_2.0.0/STM32CubeIDE/plugins/com.st.stm32cube.ide.mcu.externaltools.gnu-tools-for-stm32.13.3.rel1.win32_1.0.100.202509120712/tools/bin/../lib/gcc/arm-none-eabi/13.3.1/thumb/v7e-m/nofp/crtbegin.o
LOAD C:/ST/STM32CubeIDE_2.0.0/STM32CubeIDE/plugins/com.st.stm32cube.ide.mcu.externaltools.gnu-tools-for-stm32.13.3.rel1.win32_1.0.100.202509120712/tools/bin/../lib/gcc/arm-none-eabi/13.3.1/../../../../arm-none-eabi/lib/thumb/v7e-m/nofp/crt0.o
LOAD ./Application/User/Core/adc.o
LOAD ./Application/User/Core/adc_if.o
LOAD ./Application/User/Core/dma.o
LOAD ./Application/User/Core/flash_if.o
LOAD ./Application/User/Core/gpio.o
LOAD ./Application/User/Core/main.o
LOAD ./Application/User/Core/rtc.o
LOAD ./Application/User/Core/stm32_lpm_if.o
LOAD ./Application/User/Core/stm32wlxx_hal_msp.o
LOAD ./Application/User/Core/stm32wlxx_it.o
LOAD ./Application/User/Core/subghz.o
LOAD ./Application/User/Core/sys_app.o
LOAD ./Application/User/Core/sys_debug.o
LOAD ./Application/User/Core/sys_sensors.o
LOAD ./Application/User/Core/syscalls.o
LOAD ./Application/User/Core/sysmem.o
LOAD ./Application/User/Core/timer_if.o
LOAD ./Application/User/Core/usart.o
LOAD ./Application/User/Core/usart_if.o
LOAD ./Application/User/LoRaWAN/App/CayenneLpp.o
LOAD ./Application/User/LoRaWAN/App/app_lorawan.o
LOAD ./Application/User/LoRaWAN/App/lora_app.o
LOAD ./Application/User/LoRaWAN/App/lora_info.o
LOAD ./Application/User/LoRaWAN/Target/radio_board_if.o
LOAD ./Application/User/Startup/startup_stm32wle5ccux.o
LOAD ./Drivers/BSP/STM32WLxx_Nucleo/stm32wlxx_nucleo.o
LOAD ./Drivers/BSP/STM32WLxx_Nucleo/stm32wlxx_nucleo_radio.o
LOAD ./Drivers/CMSIS/system_stm32wlxx.o
LOAD ./Drivers/STM32WLxx_HAL_Driver/stm32wlxx_hal.o
LOAD ./Drivers/STM32WLxx_HAL_Driver/stm32wlxx_hal_adc.o
LOAD ./Drivers/STM32WLxx_HAL_Driver/stm32wlxx_hal_adc_ex.o
LOAD ./Drivers/STM32WLxx_HAL_Driver/stm32wlxx_hal_cortex.o
LOAD ./Drivers/STM32WLxx_HAL_Driver/stm32wlxx_hal_dma.o
LOAD ./Drivers/STM32WLxx_HAL_Driver/stm32wlxx_hal_dma_ex.o
LOAD ./Drivers/STM32WLxx_HAL_Driver/stm32wlxx_hal_exti.o
LOAD ./Drivers/STM32WLxx_HAL_Driver/stm32wlxx_hal_flash.o
LOAD ./Drivers/STM32WLxx_HAL_Driver/stm32wlxx_hal_flash_ex.o
LOAD ./Drivers/STM32WLxx_HAL_Driver/stm32wlxx_hal_gpio.o
LOAD ./Drivers/STM32WLxx_HAL_Driver/stm32wlxx_hal_pwr.o
LOAD ./Drivers/STM32WLxx_HAL_Driver/stm32wlxx_hal_pwr_ex.o
LOAD ./Drivers/STM32WLxx_HAL_Driver/stm32wlxx_hal_rcc.o
LOAD ./Drivers/STM32WLxx_HAL_Driver/stm32wlxx_hal_rcc_ex.o
LOAD ./Drivers/STM32WLxx_HAL_Driver/stm32wlxx_hal_rtc.o
LOAD ./Drivers/STM32WLxx_HAL_Driver/stm32wlxx_hal_rtc_ex.o
LOAD ./Drivers/STM32WLxx_HAL_Driver/stm32wlxx_hal_subghz.o
LOAD ./Drivers/STM32WLxx_HAL_Driver/stm32wlxx_hal_tim.o
LOAD ./Drivers/STM32WLxx_HAL_Driver/stm32wlxx_hal_tim_ex.o
LOAD ./Drivers/STM32WLxx_HAL_Driver/stm32wlxx_hal_uart.o
LOAD ./Drivers/STM32WLxx_HAL_Driver/stm32wlxx_hal_uart_ex.o
LOAD ./Drivers/STM32WLxx_HAL_Driver/stm32wlxx_ll_adc.o
LOAD ./Middlewares/LoRaWAN/LmHandler.o
LOAD ./Middlewares/LoRaWAN/LmhpCompliance.o
LOAD ./Middlewares/LoRaWAN/LmhpPackagesRegistration.o
LOAD ./Middlewares/LoRaWAN/LoRaMac.o
LOAD ./Middlewares/LoRaWAN/LoRaMacAdr.o
LOAD ./Middlewares/LoRaWAN/LoRaMacClassB.o
LOAD ./Middlewares/LoRaWAN/LoRaMacCommands.o
LOAD ./Middlewares/LoRaWAN/LoRaMacConfirmQueue.o
LOAD ./Middlewares/LoRaWAN/LoRaMacCrypto.o
LOAD ./Middlewares/LoRaWAN/LoRaMacParser.o
LOAD ./Middlewares/LoRaWAN/LoRaMacSerializer.o
LOAD ./Middlewares/LoRaWAN/NvmDataMgmt.o
LOAD ./Middlewares/LoRaWAN/Region.o
LOAD ./Middlewares/LoRaWAN/RegionAS923.o
LOAD ./Middlewares/LoRaWAN/RegionAU915.o
LOAD ./Middlewares/LoRaWAN/RegionBaseUS.o
LOAD ./Middlewares/LoRaWAN/RegionCN470.o
LOAD ./Middlewares/LoRaWAN/RegionCN470A20.o
LOAD ./Middlewares/LoRaWAN/RegionCN470A26.o
LOAD ./Middlewares/LoRaWAN/RegionCN470B20.o
LOAD ./Middlewares/LoRaWAN/RegionCN470B26.o
LOAD ./Middlewares/LoRaWAN/RegionCN779.o
LOAD ./Middlewares/LoRaWAN/RegionCommon.o
LOAD ./Middlewares/LoRaWAN/RegionEU433.o
LOAD ./Middlewares/LoRaWAN/RegionEU868.o
LOAD ./Middlewares/LoRaWAN/RegionIN865.o
LOAD ./Middlewares/LoRaWAN/RegionKR920.o
LOAD ./Middlewares/LoRaWAN/RegionRU864.o
LOAD ./Middlewares/LoRaWAN/RegionUS915.o
LOAD ./Middlewares/LoRaWAN/cmac.o
LOAD ./Middlewares/LoRaWAN/lorawan_aes.o
LOAD ./Middlewares/LoRaWAN/soft-se.o
LOAD ./Middlewares/LoRaWAN/utilities.o
LOAD ./Middlewares/SubGHz_Phy/radio.o
LOAD ./Middlewares/SubGHz_Phy/radio_driver.o
LOAD ./Middlewares/SubGHz_Phy/radio_fw.o
LOAD ./Utilities/stm32_adv_trace.o
LOAD ./Utilities/stm32_lpm.o
LOAD ./Utilities/stm32_mem.o
LOAD ./Utilities/stm32_seq.o
LOAD ./Utilities/stm32_systime.o
LOAD ./Utilities/stm32_timer.o
LOAD ./Utilities/stm32_tiny_sscanf.o
LOAD ./Utilities/stm32_tiny_vsnprintf.o
START GROUP
LOAD C:/ST/STM32CubeIDE_2.0.0/STM32CubeIDE/plugins/com.st.stm32cube.ide.mcu.externaltools.gnu-tools-for-stm32.13.3.rel1.win32_1.0.100.202509120712/tools/bin/../lib/gcc/arm-none-eabi/13.3.1/../../../../arm-none-eabi/lib/thumb/v7e-m/nofp\libc_nano.a
LOAD C:/ST/STM32CubeIDE_2.0.0/STM32CubeIDE/plugins/com.st.stm32cube.ide.mcu.externaltools.gnu-tools-for-stm32.13.3.rel1.win32_1.0.100.202509120712/tools/bin/../lib/gcc/arm-none-eabi/13.3.1/../../../../arm-none-eabi/lib/thumb/v7e-m/nofp\libm.a
END GROUP
START GROUP
LOAD C:/ST/STM32CubeIDE_2.0.0/STM32CubeIDE/plugins/com.st.stm32cube.ide.mcu.externaltools.gnu-tools-for-stm32.13.3.rel1.win32_1.0.100.202509120712/tools/bin/../lib/gcc/arm-none-eabi/13.3.1/thumb/v7e-m/nofp\libgcc.a
LOAD C:/ST/STM32CubeIDE_2.0.0/STM32CubeIDE/plugins/com.st.stm32cube.ide.mcu.externaltools.gnu-tools-for-stm32.13.3.rel1.win32_1.0.100.202509120712/tools/bin/../lib/gcc/arm-none-eabi/13.3.1/../../../../arm-none-eabi/lib/thumb/v7e-m/nofp\libc_nano.a
END GROUP
START GROUP
LOAD C:/ST/STM32CubeIDE_2.0.0/STM32CubeIDE/plugins/com.st.stm32cube.ide.mcu.externaltools.gnu-tools-for-stm32.13.3.rel1.win32_1.0.100.202509120712/tools/bin/../lib/gcc/arm-none-eabi/13.3.1/thumb/v7e-m/nofp\libgcc.a
LOAD C:/ST/STM32CubeIDE_2.0.0/STM32CubeIDE/plugins/com.st.stm32cube.ide.mcu.externaltools.gnu-tools-for-stm32.13.3.rel1.win32_1.0.100.202509120712/tools/bin/../lib/gcc/arm-none-eabi/13.3.1/../../../../arm-none-eabi/lib/thumb/v7e-m/nofp\libc_nano.a
LOAD C:/ST/STM32CubeIDE_2.0.0/STM32CubeIDE/plugins/com.st.stm32cube.ide.mcu.externaltools.gnu-tools-for-stm32.13.3.rel1.win32_1.0.100.202509120712/tools/bin/../lib/gcc/arm-none-eabi/13.3.1/../../../../arm-none-eabi/lib/thumb/v7e-m/nofp\libnosys.a
END GROUP
START GROUP
LOAD C:/ST/STM32CubeIDE_2.0.0/STM32CubeIDE/plugins/com.st.stm32cube.ide.mcu.externaltools.gnu-tools-for-stm32.13.3.rel1.win32_1.0.100.202509120712/tools/bin/../lib/gcc/arm-none-eabi/13.3.1/thumb/v7e-m/nofp\libgcc.a
LOAD C:/ST/STM32CubeIDE_2.0.0/STM32CubeIDE/plugins/com.st.stm32cube.ide.mcu.externaltools.gnu-tools-for-stm32.13.3.rel1.win32_1.0.100.202509120712/tools/bin/../lib/gcc/arm-none-eabi/13.3.1/../../../../arm-none-eabi/lib/thumb/v7e-m/nofp\libc_nano.a
LOAD C:/ST/STM32CubeIDE_2.0.0/STM32CubeIDE/plugins/com.st.stm32cube.ide.mcu.externaltools.gnu-tools-for-stm32.13.3.rel1.win32_1.0.100.202509120712/tools/bin/../lib/gcc/arm-none-eabi/13.3.1/../../../../arm-none-eabi/lib/thumb/v7e-m/nofp\libnosys.a
END GROUP
LOAD C:/ST/STM32CubeIDE_2.0.0/STM32CubeIDE/plugins/com.st.stm32cube.ide.mcu.externaltools.gnu-tools-for-stm32.13.3.rel1.win32_1.0.100.202509120712/tools/bin/../lib/gcc/arm-none-eabi/13.3.1/thumb/v7e-m/nofp/crtend.o
LOAD C:/ST/STM32CubeIDE_2.0.0/STM32CubeIDE/plugins/com.st.stm32cube.ide.mcu.externaltools.gnu-tools-for-stm32.13.3.rel1.win32_1.0.100.202509120712/tools/bin/../lib/gcc/arm-none-eabi/13.3.1/thumb/v7e-m/nofp/crtn.o
                0x20008000                        _estack = (ORIGIN (RAM1) + LENGTH (RAM1))
                0x00000200                        _Min_Heap_Size = 0x200
                0x00000800                        _Min_Stack_Size = 0x800

.isr_vector     0x08000000      0x138
                0x08000000                        . = ALIGN (0x8)
 *(.isr_vector)
 .isr_vector    0x08000000      0x138 ./Application/User/Startup/startup_stm32wle5ccux.o
                0x08000000                g_pfnVectors
                0x08000138                        . = ALIGN (0x8)

.text           0x08000138     0xfda8
                0x08000138                        . = ALIGN (0x8)
 *(.text)
 .text          0x08000138       0x40 C:/ST/STM32CubeIDE_2.0.0/STM32CubeIDE/plugins/com.st.stm32cube.ide.mcu.externaltools.gnu-tools-for-stm32.13.3.rel1.win32_1.0.100.202509120712/tools/bin/../lib/gcc/arm-none-eabi/13.3.1/thumb/v7e-m/nofp/crtbegin.o
 .text          0x08000178       0x10 C:/ST/STM32CubeIDE_2.0.0/STM32CubeIDE/plugins/com.st.stm32cube.ide.mcu.externaltools.gnu-tools-for-stm32.13.3.rel1.win32_1.0.100.202509120712/tools/bin/../lib/gcc/arm-none-eabi/13.3.1/../../../../arm-none-eabi/lib/thumb/v7e-m/nofp\libc_nano.a(libc_a-strlen.o)
                0x08000178                strlen
 .text          0x08000188      0x378 C:/ST/STM32CubeIDE_2.0.0/STM32CubeIDE/plugins/com.st.stm32cube.ide.mcu.externaltools.gnu-tools-for-stm32.13.3.rel1.win32_1.0.100.202509120712/tools/bin/../lib/gcc/arm-none-eabi/13.3.1/thumb/v7e-m/nofp\libgcc.a(_arm_addsubdf3.o)
                0x08000188                __aeabi_drsub
                0x08000190                __aeabi_dsub
                0x08000190                __subdf3
                0x08000194                __aeabi_dadd
                0x08000194                __adddf3
                0x0800040c                __floatunsidf
                0x0800040c                __aeabi_ui2d
                0x0800042c                __floatsidf
                0x0800042c                __aeabi_i2d
                0x08000450                __aeabi_f2d
                0x08000450                __extendsfdf2
                0x08000494                __floatundidf
                0x08000494                __aeabi_ul2d
                0x080004a4                __floatdidf
                0x080004a4                __aeabi_l2d
 .text          0x08000500      0x110 C:/ST/STM32CubeIDE_2.0.0/STM32CubeIDE/plugins/com.st.stm32cube.ide.mcu.externaltools.gnu-tools-for-stm32.13.3.rel1.win32_1.0.100.202509120712/tools/bin/../lib/gcc/arm-none-eabi/13.3.1/thumb/v7e-m/nofp\libgcc.a(_arm_cmpdf2.o)
                0x08000500                __gtdf2
                0x08000500                __gedf2
                0x08000508                __ltdf2
                0x08000508                __ledf2
                0x08000510                __nedf2
                0x08000510                __eqdf2
                0x08000510                __cmpdf2
                0x0800058c                __aeabi_cdrcmple
                0x0800059c                __aeabi_cdcmpeq
                0x0800059c                __aeabi_cdcmple
                0x080005ac                __aeabi_dcmpeq
                0x080005c0                __aeabi_dcmplt
                0x080005d4                __aeabi_dcmple
                0x080005e8                __aeabi_dcmpge
                0x080005fc                __aeabi_dcmpgt
 .text          0x08000610       0x50 C:/ST/STM32CubeIDE_2.0.0/STM32CubeIDE/plugins/com.st.stm32cube.ide.mcu.externaltools.gnu-tools-for-stm32.13.3.rel1.win32_1.0.100.202509120712/tools/bin/../lib/gcc/arm-none-eabi/13.3.1/thumb/v7e-m/nofp\libgcc.a(_arm_fixdfsi.o)
                0x08000610                __aeabi_d2iz
                0x08000610                __fixdfsi
 .text          0x08000660      0x21c C:/ST/STM32CubeIDE_2.0.0/STM32CubeIDE/plugins/com.st.stm32cube.ide.mcu.externaltools.gnu-tools-for-stm32.13.3.rel1.win32_1.0.100.202509120712/tools/bin/../lib/gcc/arm-none-eabi/13.3.1/thumb/v7e-m/nofp\libgcc.a(_arm_addsubsf3.o)
                0x08000660                __aeabi_frsub
                0x08000668                __subsf3
                0x08000668                __aeabi_fsub
                0x0800066c                __aeabi_fadd
                0x0800066c                __addsf3
                0x080007cc                __aeabi_ui2f
                0x080007cc                __floatunsisf
                0x080007d4                __aeabi_i2f
                0x080007d4                __floatsisf
                0x080007f0                __aeabi_ul2f
                0x080007f0                __floatundisf
                0x08000800                __aeabi_l2f
                0x08000800                __floatdisf
 .text          0x0800087c      0x2a0 C:/ST/STM32CubeIDE_2.0.0/STM32CubeIDE/plugins/com.st.stm32cube.ide.mcu.externaltools.gnu-tools-for-stm32.13.3.rel1.win32_1.0.100.202509120712/tools/bin/../lib/gcc/arm-none-eabi/13.3.1/thumb/v7e-m/nofp\libgcc.a(_arm_muldivsf3.o)
                0x0800087c                __mulsf3
                0x0800087c                __aeabi_fmul
                0x080009e4                __aeabi_fdiv
                0x080009e4                __divsf3
 .text          0x08000b1c       0x4c C:/ST/STM32CubeIDE_2.0.0/STM32CubeIDE/plugins/com.st.stm32cube.ide.mcu.externaltools.gnu-tools-for-stm32.13.3.rel1.win32_1.0.100.202509120712/tools/bin/../lib/gcc/arm-none-eabi/13.3.1/thumb/v7e-m/nofp\libgcc.a(_arm_fixsfsi.o)
                0x08000b1c                __aeabi_f2iz
                0x08000b1c                __fixsfsi
 .text          0x08000b68       0x40 C:/ST/STM32CubeIDE_2.0.0/STM32CubeIDE/plugins/com.st.stm32cube.ide.mcu.externaltools.gnu-tools-for-stm32.13.3.rel1.win32_1.0.100.202509120712/tools/bin/../lib/gcc/arm-none-eabi/13.3.1/thumb/v7e-m/nofp\libgcc.a(_arm_fixunssfsi.o)
                0x08000b68                __fixunssfsi
                0x08000b68                __aeabi_f2uiz
 .text          0x08000ba8       0x30 C:/ST/STM32CubeIDE_2.0.0/STM32CubeIDE/plugins/com.st.stm32cube.ide.mcu.externaltools.gnu-tools-for-stm32.13.3.rel1.win32_1.0.100.202509120712/tools/bin/../lib/gcc/arm-none-eabi/13.3.1/thumb/v7e-m/nofp\libgcc.a(_aeabi_uldivmod.o)
                0x08000ba8                __aeabi_uldivmod
 .text          0x08000bd8      0x2f8 C:/ST/STM32CubeIDE_2.0.0/STM32CubeIDE/plugins/com.st.stm32cube.ide.mcu.externaltools.gnu-tools-for-stm32.13.3.rel1.win32_1.0.100.202509120712/tools/bin/../lib/gcc/arm-none-eabi/13.3.1/thumb/v7e-m/nofp\libgcc.a(_udivmoddi4.o)
                0x08000bd8                __udivmoddi4
 .text          0x08000ed0        0x4 C:/ST/STM32CubeIDE_2.0.0/STM32CubeIDE/plugins/com.st.stm32cube.ide.mcu.externaltools.gnu-tools-for-stm32.13.3.rel1.win32_1.0.100.202509120712/tools/bin/../lib/gcc/arm-none-eabi/13.3.1/thumb/v7e-m/nofp\libgcc.a(_dvmd_tls.o)
                0x08000ed0                __aeabi_idiv0
                0x08000ed0                __aeabi_ldiv0
 *(.text*)
 .text.MX_ADC_Init
                0x08000ed4       0x58 ./Application/User/Core/adc.o
                0x08000ed4                MX_ADC_Init
 .text.HAL_ADC_MspInit
                0x08000f2c       0x28 ./Application/User/Core/adc.o
                0x08000f2c                HAL_ADC_MspInit
 .text.HAL_ADC_MspDeInit
                0x08000f54       0x1c ./Application/User/Core/adc.o
                0x08000f54                HAL_ADC_MspDeInit
 .text.ADC_ReadChannels
                0x08000f70       0x68 ./Application/User/Core/adc_if.o
 .text.SYS_InitMeasurement
                0x08000fd8       0x10 ./Application/User/Core/adc_if.o
                0x08000fd8                SYS_InitMeasurement
 .text.SYS_GetBatteryLevel
                0x08000fe8       0x34 ./Application/User/Core/adc_if.o
                0x08000fe8                SYS_GetBatteryLevel
 .text.SYS_GetTemperatureLevel
                0x0800101c       0x7c ./Application/User/Core/adc_if.o
                0x0800101c                SYS_GetTemperatureLevel
 .text.MX_DMA_Init
                0x08001098       0x40 ./Application/User/Core/dma.o
                0x08001098                MX_DMA_Init
 .text.FLASH_IF_INT_Clear_Error
                0x080010d8       0x2c ./Application/User/Core/flash_if.o
 .text.FLASH_IF_INT_Erase
                0x08001104       0x90 ./Application/User/Core/flash_if.o
 .text.FLASH_IF_Init
                0x08001194        0xc ./Application/User/Core/flash_if.o
                0x08001194                FLASH_IF_Init
 .text.FLASH_IF_Write
                0x080011a0      0x1c0 ./Application/User/Core/flash_if.o
                0x080011a0                FLASH_IF_Write
 .text.FLASH_IF_Read
                0x08001360       0x40 ./Application/User/Core/flash_if.o
                0x08001360                FLASH_IF_Read
 .text.LL_AHB2_GRP1_EnableClock
                0x080013a0       0x18 ./Application/User/Core/gpio.o
 .text.MX_GPIO_Init
                0x080013b8       0xc4 ./Application/User/Core/gpio.o
                0x080013b8                MX_GPIO_Init
 .text.SystemClock_Config
                0x0800147c       0x8c ./Application/User/Core/main.o
                0x0800147c                SystemClock_Config
 .text.startup.main
                0x08001508       0x18 ./Application/User/Core/main.o
                0x08001508                main
 .text.Error_Handler
                0x08001520        0x4 ./Application/User/Core/main.o
                0x08001520                Error_Handler
 .text.MX_RTC_Init
                0x08001524       0x74 ./Application/User/Core/rtc.o
                0x08001524                MX_RTC_Init
 .text.HAL_RTC_MspInit
                0x08001598       0x7c ./Application/User/Core/rtc.o
                0x08001598                HAL_RTC_MspInit
 .text.PWR_EnterOffMode
                0x08001614        0x2 ./Application/User/Core/stm32_lpm_if.o
                0x08001614                PWR_EnterOffMode
 *fill*         0x08001616        0x2 
 .text.PWR_EnterStopMode
                0x08001618       0x1c ./Application/User/Core/stm32_lpm_if.o
                0x08001618                PWR_EnterStopMode
 .text.PWR_ExitSleepMode
                0x08001634        0x4 ./Application/User/Core/stm32_lpm_if.o
                0x08001634                PWR_ExitSleepMode
 .text.PWR_ExitStopMode
                0x08001638        0xe ./Application/User/Core/stm32_lpm_if.o
                0x08001638                PWR_ExitStopMode
 .text.PWR_EnterSleepMode
                0x08001646       0x12 ./Application/User/Core/stm32_lpm_if.o
                0x08001646                PWR_EnterSleepMode
 .text.PWR_ExitOffMode
                0x08001658        0x2 ./Application/User/Core/stm32_lpm_if.o
                0x08001658                PWR_ExitOffMode
 .text.HAL_MspInit
                0x0800165a        0x2 ./Application/User/Core/stm32wlxx_hal_msp.o
                0x0800165a                HAL_MspInit
 .text.NMI_Handler
                0x0800165c        0x2 ./Application/User/Core/stm32wlxx_it.o
                0x0800165c                NMI_Handler
 .text.HardFault_Handler
                0x0800165e        0x2 ./Application/User/Core/stm32wlxx_it.o
                0x0800165e                HardFault_Handler
 .text.MemManage_Handler
                0x08001660        0x2 ./Application/User/Core/stm32wlxx_it.o
                0x08001660                MemManage_Handler
 .text.BusFault_Handler
                0x08001662        0x2 ./Application/User/Core/stm32wlxx_it.o
                0x08001662                BusFault_Handler
 .text.UsageFault_Handler
                0x08001664        0x2 ./Application/User/Core/stm32wlxx_it.o
                0x08001664                UsageFault_Handler
 .text.SVC_Handler
                0x08001666        0x2 ./Application/User/Core/stm32wlxx_it.o
                0x08001666                SVC_Handler
 .text.DebugMon_Handler
                0x08001668        0x2 ./Application/User/Core/stm32wlxx_it.o
                0x08001668                DebugMon_Handler
 .text.PendSV_Handler
                0x0800166a        0x2 ./Application/User/Core/stm32wlxx_it.o
                0x0800166a                PendSV_Handler
 .text.SysTick_Handler
                0x0800166c        0x2 ./Application/User/Core/stm32wlxx_it.o
                0x0800166c                SysTick_Handler
 *fill*         0x0800166e        0x2 
 .text.TAMP_STAMP_LSECSS_SSRU_IRQHandler
                0x08001670        0xc ./Application/User/Core/stm32wlxx_it.o
                0x08001670                TAMP_STAMP_LSECSS_SSRU_IRQHandler
 .text.EXTI0_IRQHandler
                0x0800167c        0x6 ./Application/User/Core/stm32wlxx_it.o
                0x0800167c                EXTI0_IRQHandler
 .text.EXTI1_IRQHandler
                0x08001682        0x6 ./Application/User/Core/stm32wlxx_it.o
                0x08001682                EXTI1_IRQHandler
 .text.DMA1_Channel5_IRQHandler
                0x08001688        0xc ./Application/User/Core/stm32wlxx_it.o
                0x08001688                DMA1_Channel5_IRQHandler
 .text.EXTI9_5_IRQHandler
                0x08001694        0x6 ./Application/User/Core/stm32wlxx_it.o
                0x08001694                EXTI9_5_IRQHandler
 *fill*         0x0800169a        0x2 
 .text.USART2_IRQHandler
                0x0800169c        0xc ./Application/User/Core/stm32wlxx_it.o
                0x0800169c                USART2_IRQHandler
 .text.RTC_Alarm_IRQHandler
                0x080016a8        0xc ./Application/User/Core/stm32wlxx_it.o
                0x080016a8                RTC_Alarm_IRQHandler
 .text.SUBGHZ_Radio_IRQHandler
                0x080016b4        0xc ./Application/User/Core/stm32wlxx_it.o
                0x080016b4                SUBGHZ_Radio_IRQHandler
 .text.MX_SUBGHZ_Init
                0x080016c0       0x1c ./Application/User/Core/subghz.o
                0x080016c0                MX_SUBGHZ_Init
 .text.HAL_SUBGHZ_MspInit
                0x080016dc       0x2e ./Application/User/Core/subghz.o
                0x080016dc                HAL_SUBGHZ_MspInit
 *fill*         0x0800170a        0x2 
 .text.tiny_snprintf_like.constprop.0
                0x0800170c       0x20 ./Application/User/Core/sys_app.o
 .text.TimestampNow
                0x0800172c       0x30 ./Application/User/Core/sys_app.o
 .text.SystemApp_Init
                0x0800175c       0x58 ./Application/User/Core/sys_app.o
                0x0800175c                SystemApp_Init
 .text.UTIL_SEQ_Idle
                0x080017b4        0x4 ./Application/User/Core/sys_app.o
                0x080017b4                UTIL_SEQ_Idle
 .text.GetBatteryLevel
                0x080017b8       0x30 ./Application/User/Core/sys_app.o
                0x080017b8                GetBatteryLevel
 .text.GetTemperatureLevel
                0x080017e8       0x16 ./Application/User/Core/sys_app.o
                0x080017e8                GetTemperatureLevel
 *fill*         0x080017fe        0x2 
 .text.GetUniqueId
                0x08001800       0x6c ./Application/User/Core/sys_app.o
                0x08001800                GetUniqueId
 .text.GetDevAddr
                0x0800186c       0x2c ./Application/User/Core/sys_app.o
                0x0800186c                GetDevAddr
 .text.UTIL_ADV_TRACE_PreSendHook
                0x08001898        0x8 ./Application/User/Core/sys_app.o
                0x08001898                UTIL_ADV_TRACE_PreSendHook
 .text.UTIL_ADV_TRACE_PostSendHook
                0x080018a0        0x8 ./Application/User/Core/sys_app.o
                0x080018a0                UTIL_ADV_TRACE_PostSendHook
 .text.HAL_InitTick
                0x080018a8        0x4 ./Application/User/Core/sys_app.o
                0x080018a8                HAL_InitTick
 .text.HAL_GetTick
                0x080018ac       0x10 ./Application/User/Core/sys_app.o
                0x080018ac                HAL_GetTick
 .text.HAL_Delay
                0x080018bc        0xc ./Application/User/Core/sys_app.o
                0x080018bc                HAL_Delay
 .text.DBG_Init
                0x080018c8       0x80 ./Application/User/Core/sys_debug.o
                0x080018c8                DBG_Init
 .text.EnvSensors_Read
                0x08001948       0x38 ./Application/User/Core/sys_sensors.o
                0x08001948                EnvSensors_Read
 .text.EnvSensors_Init
                0x08001980        0x4 ./Application/User/Core/sys_sensors.o
                0x08001980                EnvSensors_Init
 .text.TIMER_IF_GetTimerContext
                0x08001984        0xc ./Application/User/Core/timer_if.o
                0x08001984                TIMER_IF_GetTimerContext
 .text.TIMER_IF_GetMinimumTimeout
                0x08001990        0x4 ./Application/User/Core/timer_if.o
                0x08001990                TIMER_IF_GetMinimumTimeout
 .text.TIMER_IF_Convert_ms2Tick
                0x08001994       0x14 ./Application/User/Core/timer_if.o
                0x08001994                TIMER_IF_Convert_ms2Tick
 .text.TIMER_IF_Convert_Tick2ms
                0x080019a8       0x10 ./Application/User/Core/timer_if.o
                0x080019a8                TIMER_IF_Convert_Tick2ms
 .text.GetTimerTicks
                0x080019b8       0x14 ./Application/User/Core/timer_if.o
 .text.TIMER_IF_SetTimerContext
                0x080019cc       0x10 ./Application/User/Core/timer_if.o
                0x080019cc                TIMER_IF_SetTimerContext
 .text.TIMER_IF_GetTimerElapsedTime
                0x080019dc       0x14 ./Application/User/Core/timer_if.o
                0x080019dc                TIMER_IF_GetTimerElapsedTime
 .text.TIMER_IF_GetTimerValue
                0x080019f0       0x10 ./Application/User/Core/timer_if.o
                0x080019f0                TIMER_IF_GetTimerValue
 .text.TIMER_IF_StopTimer
                0x08001a00       0x28 ./Application/User/Core/timer_if.o
                0x08001a00                TIMER_IF_StopTimer
 .text.TIMER_IF_BkUp_Write_Seconds
                0x08001a28       0x10 ./Application/User/Core/timer_if.o
                0x08001a28                TIMER_IF_BkUp_Write_Seconds
 .text.TIMER_IF_BkUp_Write_SubSeconds
                0x08001a38       0x10 ./Application/User/Core/timer_if.o
                0x08001a38                TIMER_IF_BkUp_Write_SubSeconds
 .text.TIMER_IF_StartTimer
                0x08001a48       0x50 ./Application/User/Core/timer_if.o
                0x08001a48                TIMER_IF_StartTimer
 .text.TIMER_IF_GetTime
                0x08001a98       0x30 ./Application/User/Core/timer_if.o
                0x08001a98                TIMER_IF_GetTime
 .text.TIMER_IF_BkUp_Read_Seconds
                0x08001ac8        0xc ./Application/User/Core/timer_if.o
                0x08001ac8                TIMER_IF_BkUp_Read_Seconds
 .text.TIMER_IF_BkUp_Read_SubSeconds
                0x08001ad4        0xc ./Application/User/Core/timer_if.o
                0x08001ad4                TIMER_IF_BkUp_Read_SubSeconds
 .text.TIMER_IF_Init
                0x08001ae0       0x48 ./Application/User/Core/timer_if.o
                0x08001ae0                TIMER_IF_Init
 .text.TIMER_IF_DelayMs
                0x08001b28       0x2a ./Application/User/Core/timer_if.o
                0x08001b28                TIMER_IF_DelayMs
 .text.HAL_RTC_AlarmAEventCallback
                0x08001b52        0x4 ./Application/User/Core/timer_if.o
                0x08001b52                HAL_RTC_AlarmAEventCallback
 *fill*         0x08001b56        0x2 
 .text.HAL_RTCEx_SSRUEventCallback
                0x08001b58       0x20 ./Application/User/Core/timer_if.o
                0x08001b58                HAL_RTCEx_SSRUEventCallback
 .text.MX_USART2_UART_Init
                0x08001b78       0x64 ./Application/User/Core/usart.o
                0x08001b78                MX_USART2_UART_Init
 .text.HAL_UART_MspInit
                0x08001bdc       0xdc ./Application/User/Core/usart.o
                0x08001bdc                HAL_UART_MspInit
 .text.HAL_UART_MspDeInit
                0x08001cb8       0x38 ./Application/User/Core/usart.o
                0x08001cb8                HAL_UART_MspDeInit
 .text.vcom_Trace_DMA
                0x08001cf0       0x14 ./Application/User/Core/usart_if.o
                0x08001cf0                vcom_Trace_DMA
 .text.vcom_ReceiveInit
                0x08001d04       0x54 ./Application/User/Core/usart_if.o
                0x08001d04                vcom_ReceiveInit
 .text.vcom_Init
                0x08001d58       0x28 ./Application/User/Core/usart_if.o
                0x08001d58                vcom_Init
 .text.vcom_DeInit
                0x08001d80       0x2c ./Application/User/Core/usart_if.o
                0x08001d80                vcom_DeInit
 .text.vcom_Resume
                0x08001dac       0x28 ./Application/User/Core/usart_if.o
                0x08001dac                vcom_Resume
 .text.HAL_UART_TxCpltCallback
                0x08001dd4       0x1c ./Application/User/Core/usart_if.o
                0x08001dd4                HAL_UART_TxCpltCallback
 .text.HAL_UART_RxCpltCallback
                0x08001df0       0x3c ./Application/User/Core/usart_if.o
                0x08001df0                HAL_UART_RxCpltCallback
 .text.MX_LoRaWAN_Init
                0x08001e2c        0xe ./Application/User/LoRaWAN/App/app_lorawan.o
                0x08001e2c                MX_LoRaWAN_Init
 .text.MX_LoRaWAN_Process
                0x08001e3a        0x8 ./Application/User/LoRaWAN/App/app_lorawan.o
                0x08001e3a                MX_LoRaWAN_Process
 .text.OnSysTimeUpdate
                0x08001e42        0x2 ./Application/User/LoRaWAN/App/lora_app.o
 .text.OnTxFrameCtrlChanged
                0x08001e44        0xc ./Application/User/LoRaWAN/App/lora_app.o
 .text.OnPingSlotPeriodicityChanged
                0x08001e50        0xc ./Application/User/LoRaWAN/App/lora_app.o
 .text.OnClassChange
                0x08001e5c       0x24 ./Application/User/LoRaWAN/App/lora_app.o
 .text.OnTxTimerEvent
                0x08001e80       0x18 ./Application/User/LoRaWAN/App/lora_app.o
 .text.OnMacProcessNotify
                0x08001e98        0x8 ./Application/User/LoRaWAN/App/lora_app.o
 .text.OnTxPeriodicityChanged
                0x08001ea0       0x30 ./Application/User/LoRaWAN/App/lora_app.o
 .text.OnJoinRequest
                0x08001ed0       0x7c ./Application/User/LoRaWAN/App/lora_app.o
 .text.OnStopJoinTimerEvent
                0x08001f4c       0x44 ./Application/User/LoRaWAN/App/lora_app.o
 .text.OnRxTimerLedEvent
                0x08001f90       0x10 ./Application/User/LoRaWAN/App/lora_app.o
 .text.OnTxTimerLedEvent
                0x08001fa0       0x10 ./Application/User/LoRaWAN/App/lora_app.o
 .text.OnStoreContextRequest
                0x08001fb0       0x10 ./Application/User/LoRaWAN/App/lora_app.o
 .text.OnRestoreContextRequest
                0x08001fc0        0xc ./Application/User/LoRaWAN/App/lora_app.o
 .text.StopJoin
                0x08001fcc       0xa0 ./Application/User/LoRaWAN/App/lora_app.o
 .text.SendTxData
                0x0800206c      0x19c ./Application/User/LoRaWAN/App/lora_app.o
 .text.OnJoinTimerLedEvent
                0x08002208       0x10 ./Application/User/LoRaWAN/App/lora_app.o
 .text.OnBeaconStatusChange
                0x08002218       0x7c ./Application/User/LoRaWAN/App/lora_app.o
 .text.OnNvmDataChange
                0x08002294       0x1c ./Application/User/LoRaWAN/App/lora_app.o
 .text.OnSystemReset
                0x080022b0       0x34 ./Application/User/LoRaWAN/App/lora_app.o
 .text.OnTxData
                0x080022e4       0xb4 ./Application/User/LoRaWAN/App/lora_app.o
 .text.OnRxData
                0x08002398       0xdc ./Application/User/LoRaWAN/App/lora_app.o
 .text.StoreContext
                0x08002474       0x30 ./Application/User/LoRaWAN/App/lora_app.o
 .text.LoRaWAN_Init
                0x080024a4      0x1ac ./Application/User/LoRaWAN/App/lora_app.o
                0x080024a4                LoRaWAN_Init
 .text.HAL_GPIO_EXTI_Callback
                0x08002650       0x18 ./Application/User/LoRaWAN/App/lora_app.o
                0x08002650                HAL_GPIO_EXTI_Callback
 .text.LoraInfo_Init
                0x08002668       0x18 ./Application/User/LoRaWAN/App/lora_info.o
                0x08002668                LoraInfo_Init
 .text.LoraInfo_GetPtr
                0x08002680        0x8 ./Application/User/LoRaWAN/App/lora_info.o
                0x08002680                LoraInfo_GetPtr
 .text.LL_AHB2_GRP1_EnableClock
                0x08002688       0x18 ./Application/User/LoRaWAN/Target/radio_board_if.o
 .text.RBI_Init
                0x080026a0       0x68 ./Application/User/LoRaWAN/Target/radio_board_if.o
                0x080026a0                RBI_Init
 .text.RBI_ConfigRFSwitch
                0x08002708       0x44 ./Application/User/LoRaWAN/Target/radio_board_if.o
                0x08002708                RBI_ConfigRFSwitch
 .text.RBI_GetTxConfig
                0x0800274c        0x4 ./Application/User/LoRaWAN/Target/radio_board_if.o
                0x0800274c                RBI_GetTxConfig
 .text.RBI_IsTCXO
                0x08002750        0x4 ./Application/User/LoRaWAN/Target/radio_board_if.o
                0x08002750                RBI_IsTCXO
 .text.RBI_IsDCDC
                0x08002754        0x4 ./Application/User/LoRaWAN/Target/radio_board_if.o
                0x08002754                RBI_IsDCDC
 .text.RBI_GetRFOMaxPowerConfig
                0x08002758        0xa ./Application/User/LoRaWAN/Target/radio_board_if.o
                0x08002758                RBI_GetRFOMaxPowerConfig
 *fill*         0x08002762        0x2 
 .text.Reset_Handler
                0x08002764       0x50 ./Application/User/Startup/startup_stm32wle5ccux.o
                0x08002764                Reset_Handler
 .text.Default_Handler
                0x080027b4        0x2 ./Application/User/Startup/startup_stm32wle5ccux.o
                0x080027b4                EXTI2_IRQHandler
                0x080027b4                TIM1_CC_IRQHandler
                0x080027b4                EXTI3_IRQHandler
                0x080027b4                LPTIM2_IRQHandler
                0x080027b4                I2C3_ER_IRQHandler
                0x080027b4                LPTIM3_IRQHandler
                0x080027b4                I2C2_EV_IRQHandler
                0x080027b4                SPI1_IRQHandler
                0x080027b4                DMA2_Channel2_IRQHandler
                0x080027b4                DMA1_Channel4_IRQHandler
                0x080027b4                PKA_IRQHandler
                0x080027b4                TIM17_IRQHandler
                0x080027b4                DMA1_Channel7_IRQHandler
                0x080027b4                SUBGHZSPI_IRQHandler
                0x080027b4                DMA2_Channel1_IRQHandler
                0x080027b4                I2C1_EV_IRQHandler
                0x080027b4                DMAMUX1_OVR_IRQHandler
                0x080027b4                DMA1_Channel6_IRQHandler
                0x080027b4                TIM16_IRQHandler
                0x080027b4                DMA2_Channel4_IRQHandler
                0x080027b4                RCC_IRQHandler
                0x080027b4                TIM1_TRG_COM_IRQHandler
                0x080027b4                DMA1_Channel1_IRQHandler
                0x080027b4                Default_Handler
                0x080027b4                DMA2_Channel7_IRQHandler
                0x080027b4                EXTI15_10_IRQHandler
                0x080027b4                ADC_IRQHandler
                0x080027b4                I2C3_EV_IRQHandler
                0x080027b4                RTC_WKUP_IRQHandler
                0x080027b4                PVD_PVM_IRQHandler
                0x080027b4                SPI2_IRQHandler
                0x080027b4                DMA2_Channel5_IRQHandler
                0x080027b4                EXTI4_IRQHandler
                0x080027b4                RNG_IRQHandler
                0x080027b4                DMA1_Channel3_IRQHandler
                0x080027b4                COMP_IRQHandler
                0x080027b4                HSEM_IRQHandler
                0x080027b4                TIM1_UP_IRQHandler
                0x080027b4                WWDG_IRQHandler
                0x080027b4                LPUART1_IRQHandler
                0x080027b4                DMA2_Channel6_IRQHandler
                0x080027b4                TIM2_IRQHandler
                0x080027b4                TIM1_BRK_IRQHandler
                0x080027b4                DAC_IRQHandler
                0x080027b4                AES_IRQHandler
                0x080027b4                I2C2_ER_IRQHandler
                0x080027b4                DMA1_Channel2_IRQHandler
                0x080027b4                FLASH_IRQHandler
                0x080027b4                USART1_IRQHandler
                0x080027b4                I2C1_ER_IRQHandler
                0x080027b4                LPTIM1_IRQHandler
                0x080027b4                DMA2_Channel3_IRQHandler
 .text.SystemInit
                0x080027b6        0x2 ./Drivers/CMSIS/system_stm32wlxx.o
                0x080027b6                SystemInit
 .text.HAL_Init
                0x080027b8       0x2c ./Drivers/STM32WLxx_HAL_Driver/stm32wlxx_hal.o
                0x080027b8                HAL_Init
 .text.HAL_SuspendTick
                0x080027e4        0xe ./Drivers/STM32WLxx_HAL_Driver/stm32wlxx_hal.o
                0x080027e4                HAL_SuspendTick
 .text.HAL_ResumeTick
                0x080027f2        0xe ./Drivers/STM32WLxx_HAL_Driver/stm32wlxx_hal.o
                0x080027f2                HAL_ResumeTick
 .text.HAL_GetUIDw0
                0x08002800        0xc ./Drivers/STM32WLxx_HAL_Driver/stm32wlxx_hal.o
                0x08002800                HAL_GetUIDw0
 .text.HAL_GetUIDw1
                0x0800280c        0xc ./Drivers/STM32WLxx_HAL_Driver/stm32wlxx_hal.o
                0x0800280c                HAL_GetUIDw1
 .text.HAL_GetUIDw2
                0x08002818        0xc ./Drivers/STM32WLxx_HAL_Driver/stm32wlxx_hal.o
                0x08002818                HAL_GetUIDw2
 .text.HAL_DBGMCU_DisableDBGSleepMode
                0x08002824       0x10 ./Drivers/STM32WLxx_HAL_Driver/stm32wlxx_hal.o
                0x08002824                HAL_DBGMCU_DisableDBGSleepMode
 .text.HAL_DBGMCU_DisableDBGStopMode
                0x08002834       0x10 ./Drivers/STM32WLxx_HAL_Driver/stm32wlxx_hal.o
                0x08002834                HAL_DBGMCU_DisableDBGStopMode
 .text.HAL_DBGMCU_DisableDBGStandbyMode
                0x08002844       0x10 ./Drivers/STM32WLxx_HAL_Driver/stm32wlxx_hal.o
                0x08002844                HAL_DBGMCU_DisableDBGStandbyMode
 .text.LL_ADC_REG_IsConversionOngoing
                0x08002854        0x8 ./Drivers/STM32WLxx_HAL_Driver/stm32wlxx_hal_adc.o
 .text.HAL_ADC_Init
                0x0800285c      0x200 ./Drivers/STM32WLxx_HAL_Driver/stm32wlxx_hal_adc.o
                0x0800285c                HAL_ADC_Init
 .text.HAL_ADC_PollForConversion
                0x08002a5c       0xb4 ./Drivers/STM32WLxx_HAL_Driver/stm32wlxx_hal_adc.o
                0x08002a5c                HAL_ADC_PollForConversion
 .text.HAL_ADC_GetValue
                0x08002b10        0x6 ./Drivers/STM32WLxx_HAL_Driver/stm32wlxx_hal_adc.o
                0x08002b10                HAL_ADC_GetValue
 *fill*         0x08002b16        0x2 
 .text.HAL_ADC_ConfigChannel
                0x08002b18      0x1b0 ./Drivers/STM32WLxx_HAL_Driver/stm32wlxx_hal_adc.o
                0x08002b18                HAL_ADC_ConfigChannel
 .text.ADC_ConversionStop
                0x08002cc8       0x5c ./Drivers/STM32WLxx_HAL_Driver/stm32wlxx_hal_adc.o
                0x08002cc8                ADC_ConversionStop
 .text.ADC_Enable
                0x08002d24       0xb4 ./Drivers/STM32WLxx_HAL_Driver/stm32wlxx_hal_adc.o
                0x08002d24                ADC_Enable
 .text.HAL_ADC_Start
                0x08002dd8       0x5c ./Drivers/STM32WLxx_HAL_Driver/stm32wlxx_hal_adc.o
                0x08002dd8                HAL_ADC_Start
 .text.ADC_Disable
                0x08002e34       0x68 ./Drivers/STM32WLxx_HAL_Driver/stm32wlxx_hal_adc.o
                0x08002e34                ADC_Disable
 .text.HAL_ADC_DeInit
                0x08002e9c       0xac ./Drivers/STM32WLxx_HAL_Driver/stm32wlxx_hal_adc.o
                0x08002e9c                HAL_ADC_DeInit
 .text.HAL_ADC_Stop
                0x08002f48       0x3c ./Drivers/STM32WLxx_HAL_Driver/stm32wlxx_hal_adc.o
                0x08002f48                HAL_ADC_Stop
 .text.HAL_ADCEx_Calibration_Start
                0x08002f84      0x160 ./Drivers/STM32WLxx_HAL_Driver/stm32wlxx_hal_adc_ex.o
                0x08002f84                HAL_ADCEx_Calibration_Start
 .text.HAL_NVIC_SetPriorityGrouping
                0x080030e4       0x24 ./Drivers/STM32WLxx_HAL_Driver/stm32wlxx_hal_cortex.o
                0x080030e4                HAL_NVIC_SetPriorityGrouping
 .text.HAL_NVIC_SetPriority
                0x08003108       0x64 ./Drivers/STM32WLxx_HAL_Driver/stm32wlxx_hal_cortex.o
                0x08003108                HAL_NVIC_SetPriority
 .text.HAL_NVIC_EnableIRQ
                0x0800316c       0x1c ./Drivers/STM32WLxx_HAL_Driver/stm32wlxx_hal_cortex.o
                0x0800316c                HAL_NVIC_EnableIRQ
 .text.HAL_NVIC_DisableIRQ
                0x08003188       0x24 ./Drivers/STM32WLxx_HAL_Driver/stm32wlxx_hal_cortex.o
                0x08003188                HAL_NVIC_DisableIRQ
 .text.DMA_SetConfig
                0x080031ac       0x34 ./Drivers/STM32WLxx_HAL_Driver/stm32wlxx_hal_dma.o
 .text.DMA_CalcDMAMUXChannelBaseAndMask
                0x080031e0       0x4c ./Drivers/STM32WLxx_HAL_Driver/stm32wlxx_hal_dma.o
 .text.HAL_DMA_Init
                0x0800322c       0xe0 ./Drivers/STM32WLxx_HAL_Driver/stm32wlxx_hal_dma.o
                0x0800322c                HAL_DMA_Init
 .text.HAL_DMA_DeInit
                0x0800330c       0xac ./Drivers/STM32WLxx_HAL_Driver/stm32wlxx_hal_dma.o
                0x0800330c                HAL_DMA_DeInit
 .text.HAL_DMA_Start_IT
                0x080033b8       0x88 ./Drivers/STM32WLxx_HAL_Driver/stm32wlxx_hal_dma.o
                0x080033b8                HAL_DMA_Start_IT
 .text.HAL_DMA_Abort
                0x08003440       0x6a ./Drivers/STM32WLxx_HAL_Driver/stm32wlxx_hal_dma.o
                0x08003440                HAL_DMA_Abort
 .text.HAL_DMA_Abort_IT
                0x080034aa       0x6a ./Drivers/STM32WLxx_HAL_Driver/stm32wlxx_hal_dma.o
                0x080034aa                HAL_DMA_Abort_IT
 .text.HAL_DMA_IRQHandler
                0x08003514       0xac ./Drivers/STM32WLxx_HAL_Driver/stm32wlxx_hal_dma.o
                0x08003514                HAL_DMA_IRQHandler
 .text.HAL_DMA_ConfigChannelAttributes
                0x080035c0       0x20 ./Drivers/STM32WLxx_HAL_Driver/stm32wlxx_hal_dma.o
                0x080035c0                HAL_DMA_ConfigChannelAttributes
 .text.FLASH_Program_Fast
                0x080035e0       0x30 ./Drivers/STM32WLxx_HAL_Driver/stm32wlxx_hal_flash.o
 .text.HAL_FLASH_Unlock
                0x08003610       0x24 ./Drivers/STM32WLxx_HAL_Driver/stm32wlxx_hal_flash.o
                0x08003610                HAL_FLASH_Unlock
 .text.HAL_FLASH_Lock
                0x08003634       0x18 ./Drivers/STM32WLxx_HAL_Driver/stm32wlxx_hal_flash.o
                0x08003634                HAL_FLASH_Lock
 .text.FLASH_WaitForLastOperation
                0x0800364c       0x5c ./Drivers/STM32WLxx_HAL_Driver/stm32wlxx_hal_flash.o
                0x0800364c                FLASH_WaitForLastOperation
 .text.HAL_FLASH_Program
                0x080036a8       0x70 ./Drivers/STM32WLxx_HAL_Driver/stm32wlxx_hal_flash.o
                0x080036a8                HAL_FLASH_Program
 .text.FLASH_PageErase
                0x08003718       0x1c ./Drivers/STM32WLxx_HAL_Driver/stm32wlxx_hal_flash_ex.o
                0x08003718                FLASH_PageErase
 .text.HAL_FLASHEx_Erase
                0x08003734       0xe8 ./Drivers/STM32WLxx_HAL_Driver/stm32wlxx_hal_flash_ex.o
                0x08003734                HAL_FLASHEx_Erase
 .text.HAL_GPIO_Init
                0x0800381c      0x158 ./Drivers/STM32WLxx_HAL_Driver/stm32wlxx_hal_gpio.o
                0x0800381c                HAL_GPIO_Init
 .text.HAL_GPIO_DeInit
                0x08003974       0xe8 ./Drivers/STM32WLxx_HAL_Driver/stm32wlxx_hal_gpio.o
                0x08003974                HAL_GPIO_DeInit
 .text.HAL_GPIO_WritePin
                0x08003a5c        0xa ./Drivers/STM32WLxx_HAL_Driver/stm32wlxx_hal_gpio.o
                0x08003a5c                HAL_GPIO_WritePin
 .text.HAL_GPIO_TogglePin
                0x08003a66       0x12 ./Drivers/STM32WLxx_HAL_Driver/stm32wlxx_hal_gpio.o
                0x08003a66                HAL_GPIO_TogglePin
 .text.HAL_GPIO_EXTI_IRQHandler
                0x08003a78       0x18 ./Drivers/STM32WLxx_HAL_Driver/stm32wlxx_hal_gpio.o
                0x08003a78                HAL_GPIO_EXTI_IRQHandler
 .text.HAL_PWR_EnableBkUpAccess
                0x08003a90       0x10 ./Drivers/STM32WLxx_HAL_Driver/stm32wlxx_hal_pwr.o
                0x08003a90                HAL_PWR_EnableBkUpAccess
 .text.HAL_PWR_EnterSLEEPMode
                0x08003aa0       0x40 ./Drivers/STM32WLxx_HAL_Driver/stm32wlxx_hal_pwr.o
                0x08003aa0                HAL_PWR_EnterSLEEPMode
 .text.HAL_PWREx_GetVoltageRange
                0x08003ae0       0x10 ./Drivers/STM32WLxx_HAL_Driver/stm32wlxx_hal_pwr_ex.o
                0x08003ae0                HAL_PWREx_GetVoltageRange
 .text.HAL_PWREx_EnableLowPowerRunMode
                0x08003af0       0x10 ./Drivers/STM32WLxx_HAL_Driver/stm32wlxx_hal_pwr_ex.o
                0x08003af0                HAL_PWREx_EnableLowPowerRunMode
 .text.HAL_PWREx_DisableLowPowerRunMode
                0x08003b00       0x40 ./Drivers/STM32WLxx_HAL_Driver/stm32wlxx_hal_pwr_ex.o
                0x08003b00                HAL_PWREx_DisableLowPowerRunMode
 .text.HAL_PWREx_EnterSTOP2Mode
                0x08003b40       0x38 ./Drivers/STM32WLxx_HAL_Driver/stm32wlxx_hal_pwr_ex.o
                0x08003b40                HAL_PWREx_EnterSTOP2Mode
 .text.LL_RCC_HSE_IsReady
                0x08003b78        0xc ./Drivers/STM32WLxx_HAL_Driver/stm32wlxx_hal_rcc.o
 .text.LL_RCC_MSI_IsReady
                0x08003b84        0xc ./Drivers/STM32WLxx_HAL_Driver/stm32wlxx_hal_rcc.o
 .text.LL_RCC_MSI_SetCalibTrimming
                0x08003b90       0x12 ./Drivers/STM32WLxx_HAL_Driver/stm32wlxx_hal_rcc.o
 .text.LL_RCC_PLL_IsReady
                0x08003ba2        0xc ./Drivers/STM32WLxx_HAL_Driver/stm32wlxx_hal_rcc.o
 *fill*         0x08003bae        0x2 
 .text.RCC_SetFlashLatencyFromMSIRange
                0x08003bb0       0xd4 ./Drivers/STM32WLxx_HAL_Driver/stm32wlxx_hal_rcc.o
 .text.HAL_RCC_GetSysClockFreq
                0x08003c84       0xdc ./Drivers/STM32WLxx_HAL_Driver/stm32wlxx_hal_rcc.o
                0x08003c84                HAL_RCC_GetSysClockFreq
 .text.HAL_RCC_GetHCLKFreq
                0x08003d60       0x20 ./Drivers/STM32WLxx_HAL_Driver/stm32wlxx_hal_rcc.o
                0x08003d60                HAL_RCC_GetHCLKFreq
 .text.HAL_RCC_OscConfig
                0x08003d80      0x534 ./Drivers/STM32WLxx_HAL_Driver/stm32wlxx_hal_rcc.o
                0x08003d80                HAL_RCC_OscConfig
 .text.HAL_RCC_ClockConfig
                0x080042b4      0x1f4 ./Drivers/STM32WLxx_HAL_Driver/stm32wlxx_hal_rcc.o
                0x080042b4                HAL_RCC_ClockConfig
 .text.HAL_RCC_GetPCLK1Freq
                0x080044a8       0x20 ./Drivers/STM32WLxx_HAL_Driver/stm32wlxx_hal_rcc.o
                0x080044a8                HAL_RCC_GetPCLK1Freq
 .text.HAL_RCC_GetPCLK2Freq
                0x080044c8       0x20 ./Drivers/STM32WLxx_HAL_Driver/stm32wlxx_hal_rcc.o
                0x080044c8                HAL_RCC_GetPCLK2Freq
 .text.LL_RCC_LSE_IsReady
                0x080044e8        0xe ./Drivers/STM32WLxx_HAL_Driver/stm32wlxx_hal_rcc_ex.o
 .text.LL_RCC_SetI2CClockSource
                0x080044f6       0x20 ./Drivers/STM32WLxx_HAL_Driver/stm32wlxx_hal_rcc_ex.o
 .text.LL_RCC_SetLPTIMClockSource
                0x08004516       0x1a ./Drivers/STM32WLxx_HAL_Driver/stm32wlxx_hal_rcc_ex.o
 .text.HAL_RCCEx_PeriphCLKConfig
                0x08004530      0x19c ./Drivers/STM32WLxx_HAL_Driver/stm32wlxx_hal_rcc_ex.o
                0x08004530                HAL_RCCEx_PeriphCLKConfig
 .text.HAL_RTC_DeactivateAlarm
                0x080046cc       0x74 ./Drivers/STM32WLxx_HAL_Driver/stm32wlxx_hal_rtc.o
                0x080046cc                HAL_RTC_DeactivateAlarm
 .text.HAL_RTC_AlarmIRQHandler
                0x08004740       0x34 ./Drivers/STM32WLxx_HAL_Driver/stm32wlxx_hal_rtc.o
                0x08004740                HAL_RTC_AlarmIRQHandler
 .text.HAL_RTC_WaitForSynchro
                0x08004774       0x30 ./Drivers/STM32WLxx_HAL_Driver/stm32wlxx_hal_rtc.o
                0x08004774                HAL_RTC_WaitForSynchro
 .text.RTC_EnterInitMode
                0x080047a4       0x4c ./Drivers/STM32WLxx_HAL_Driver/stm32wlxx_hal_rtc.o
                0x080047a4                RTC_EnterInitMode
 .text.RTC_ExitInitMode
                0x080047f0       0x44 ./Drivers/STM32WLxx_HAL_Driver/stm32wlxx_hal_rtc.o
                0x080047f0                RTC_ExitInitMode
 .text.HAL_RTC_Init
                0x08004834       0xb4 ./Drivers/STM32WLxx_HAL_Driver/stm32wlxx_hal_rtc.o
                0x08004834                HAL_RTC_Init
 .text.RTC_ByteToBcd2
                0x080048e8       0x16 ./Drivers/STM32WLxx_HAL_Driver/stm32wlxx_hal_rtc.o
                0x080048e8                RTC_ByteToBcd2
 *fill*         0x080048fe        0x2 
 .text.HAL_RTC_SetAlarm_IT
                0x08004900      0x15c ./Drivers/STM32WLxx_HAL_Driver/stm32wlxx_hal_rtc.o
                0x08004900                HAL_RTC_SetAlarm_IT
 .text.HAL_RTCEx_EnableBypassShadow
                0x08004a5c       0x3c ./Drivers/STM32WLxx_HAL_Driver/stm32wlxx_hal_rtc_ex.o
                0x08004a5c                HAL_RTCEx_EnableBypassShadow
 .text.HAL_RTCEx_SetSSRU_IT
                0x08004a98       0x4c ./Drivers/STM32WLxx_HAL_Driver/stm32wlxx_hal_rtc_ex.o
                0x08004a98                HAL_RTCEx_SetSSRU_IT
 .text.HAL_RTCEx_SSRUIRQHandler
                0x08004ae4       0x20 ./Drivers/STM32WLxx_HAL_Driver/stm32wlxx_hal_rtc_ex.o
                0x08004ae4                HAL_RTCEx_SSRUIRQHandler
 .text.HAL_RTCEx_AlarmBEventCallback
                0x08004b04        0x2 ./Drivers/STM32WLxx_HAL_Driver/stm32wlxx_hal_rtc_ex.o
                0x08004b04                HAL_RTCEx_AlarmBEventCallback
 .text.HAL_RTCEx_BKUPWrite
                0x08004b06        0xe ./Drivers/STM32WLxx_HAL_Driver/stm32wlxx_hal_rtc_ex.o
                0x08004b06                HAL_RTCEx_BKUPWrite
 .text.HAL_RTCEx_BKUPRead
                0x08004b14        0xe ./Drivers/STM32WLxx_HAL_Driver/stm32wlxx_hal_rtc_ex.o
                0x08004b14                HAL_RTCEx_BKUPRead
 *fill*         0x08004b22        0x2 
 .text.LL_PWR_UnselectSUBGHZSPI_NSS
                0x08004b24       0x14 ./Drivers/STM32WLxx_HAL_Driver/stm32wlxx_hal_subghz.o
 .text.LL_PWR_SelectSUBGHZSPI_NSS
                0x08004b38       0x14 ./Drivers/STM32WLxx_HAL_Driver/stm32wlxx_hal_subghz.o
 .text.SUBGHZSPI_Init
                0x08004b4c       0x24 ./Drivers/STM32WLxx_HAL_Driver/stm32wlxx_hal_subghz.o
                0x08004b4c                SUBGHZSPI_Init
 .text.HAL_SUBGHZ_Init
                0x08004b70       0xb8 ./Drivers/STM32WLxx_HAL_Driver/stm32wlxx_hal_subghz.o
                0x08004b70                HAL_SUBGHZ_Init
 .text.SUBGHZSPI_Transmit
                0x08004c28       0x68 ./Drivers/STM32WLxx_HAL_Driver/stm32wlxx_hal_subghz.o
                0x08004c28                SUBGHZSPI_Transmit
 .text.SUBGHZSPI_Receive
                0x08004c90       0x6c ./Drivers/STM32WLxx_HAL_Driver/stm32wlxx_hal_subghz.o
                0x08004c90                SUBGHZSPI_Receive
 .text.SUBGHZ_WaitOnBusy
                0x08004cfc       0x44 ./Drivers/STM32WLxx_HAL_Driver/stm32wlxx_hal_subghz.o
                0x08004cfc                SUBGHZ_WaitOnBusy
 .text.SUBGHZ_CheckDeviceReady
                0x08004d40       0x30 ./Drivers/STM32WLxx_HAL_Driver/stm32wlxx_hal_subghz.o
                0x08004d40                SUBGHZ_CheckDeviceReady
 .text.HAL_SUBGHZ_WriteRegisters
                0x08004d70       0x72 ./Drivers/STM32WLxx_HAL_Driver/stm32wlxx_hal_subghz.o
                0x08004d70                HAL_SUBGHZ_WriteRegisters
 .text.HAL_SUBGHZ_ReadRegisters
                0x08004de2       0x76 ./Drivers/STM32WLxx_HAL_Driver/stm32wlxx_hal_subghz.o
                0x08004de2                HAL_SUBGHZ_ReadRegisters
 .text.HAL_SUBGHZ_ExecSetCmd
                0x08004e58       0x70 ./Drivers/STM32WLxx_HAL_Driver/stm32wlxx_hal_subghz.o
                0x08004e58                HAL_SUBGHZ_ExecSetCmd
 .text.HAL_SUBGHZ_ExecGetCmd
                0x08004ec8       0x66 ./Drivers/STM32WLxx_HAL_Driver/stm32wlxx_hal_subghz.o
                0x08004ec8                HAL_SUBGHZ_ExecGetCmd
 .text.HAL_SUBGHZ_IRQHandler
                0x08004f2e       0xa4 ./Drivers/STM32WLxx_HAL_Driver/stm32wlxx_hal_subghz.o
                0x08004f2e                HAL_SUBGHZ_IRQHandler
 .text.HAL_SUBGHZ_WriteBuffer
                0x08004fd2       0x66 ./Drivers/STM32WLxx_HAL_Driver/stm32wlxx_hal_subghz.o
                0x08004fd2                HAL_SUBGHZ_WriteBuffer
 .text.HAL_SUBGHZ_ReadBuffer
                0x08005038       0x6e ./Drivers/STM32WLxx_HAL_Driver/stm32wlxx_hal_subghz.o
                0x08005038                HAL_SUBGHZ_ReadBuffer
 .text.UART_EndTxTransfer
                0x080050a6       0x34 ./Drivers/STM32WLxx_HAL_Driver/stm32wlxx_hal_uart.o
 *fill*         0x080050da        0x2 
 .text.UART_EndRxTransfer
                0x080050dc       0x58 ./Drivers/STM32WLxx_HAL_Driver/stm32wlxx_hal_uart.o
 .text.HAL_UART_Transmit_DMA
                0x08005134       0x84 ./Drivers/STM32WLxx_HAL_Driver/stm32wlxx_hal_uart.o
                0x08005134                HAL_UART_Transmit_DMA
 .text.UART_DMATransmitCplt
                0x080051b8       0x40 ./Drivers/STM32WLxx_HAL_Driver/stm32wlxx_hal_uart.o
 .text.HAL_UART_TxHalfCpltCallback
                0x080051f8        0x2 ./Drivers/STM32WLxx_HAL_Driver/stm32wlxx_hal_uart.o
                0x080051f8                HAL_UART_TxHalfCpltCallback
 .text.UART_DMATxHalfCplt
                0x080051fa        0xa ./Drivers/STM32WLxx_HAL_Driver/stm32wlxx_hal_uart.o
 .text.HAL_UART_ErrorCallback
                0x08005204        0x2 ./Drivers/STM32WLxx_HAL_Driver/stm32wlxx_hal_uart.o
                0x08005204                HAL_UART_ErrorCallback
 .text.UART_DMAError
                0x08005206       0x3c ./Drivers/STM32WLxx_HAL_Driver/stm32wlxx_hal_uart.o
 .text.UART_DMAAbortOnError
                0x08005242        0xa ./Drivers/STM32WLxx_HAL_Driver/stm32wlxx_hal_uart.o
 .text.HAL_UARTEx_RxEventCallback
                0x0800524c        0x2 ./Drivers/STM32WLxx_HAL_Driver/stm32wlxx_hal_uart.o
                0x0800524c                HAL_UARTEx_RxEventCallback
 *fill*         0x0800524e        0x2 
 .text.HAL_UART_IRQHandler
                0x08005250      0x304 ./Drivers/STM32WLxx_HAL_Driver/stm32wlxx_hal_uart.o
                0x08005250                HAL_UART_IRQHandler
 .text.UART_RxISR_8BIT
                0x08005554       0xcc ./Drivers/STM32WLxx_HAL_Driver/stm32wlxx_hal_uart.o
 .text.UART_RxISR_16BIT
                0x08005620       0xc4 ./Drivers/STM32WLxx_HAL_Driver/stm32wlxx_hal_uart.o
 .text.UART_RxISR_8BIT_FIFOEN
                0x080056e4      0x1a0 ./Drivers/STM32WLxx_HAL_Driver/stm32wlxx_hal_uart.o
 .text.UART_RxISR_16BIT_FIFOEN
                0x08005884      0x198 ./Drivers/STM32WLxx_HAL_Driver/stm32wlxx_hal_uart.o
 .text.UART_SetConfig
                0x08005a1c      0x214 ./Drivers/STM32WLxx_HAL_Driver/stm32wlxx_hal_uart.o
                0x08005a1c                UART_SetConfig
 .text.UART_AdvFeatureConfig
                0x08005c30       0xa8 ./Drivers/STM32WLxx_HAL_Driver/stm32wlxx_hal_uart.o
                0x08005c30                UART_AdvFeatureConfig
 .text.UART_WaitOnFlagUntilTimeout
                0x08005cd8       0x90 ./Drivers/STM32WLxx_HAL_Driver/stm32wlxx_hal_uart.o
                0x08005cd8                UART_WaitOnFlagUntilTimeout
 .text.UART_CheckIdleState
                0x08005d68       0xb6 ./Drivers/STM32WLxx_HAL_Driver/stm32wlxx_hal_uart.o
                0x08005d68                UART_CheckIdleState
 .text.HAL_UART_Init
                0x08005e1e       0x60 ./Drivers/STM32WLxx_HAL_Driver/stm32wlxx_hal_uart.o
                0x08005e1e                HAL_UART_Init
 *fill*         0x08005e7e        0x2 
 .text.UART_Start_Receive_IT
                0x08005e80      0x114 ./Drivers/STM32WLxx_HAL_Driver/stm32wlxx_hal_uart.o
                0x08005e80                UART_Start_Receive_IT
 .text.HAL_UART_Receive_IT
                0x08005f94       0x44 ./Drivers/STM32WLxx_HAL_Driver/stm32wlxx_hal_uart.o
                0x08005f94                HAL_UART_Receive_IT
 .text.UARTEx_SetNbDataToProcess
                0x08005fd8       0x44 ./Drivers/STM32WLxx_HAL_Driver/stm32wlxx_hal_uart_ex.o
 .text.HAL_UARTEx_WakeupCallback
                0x0800601c        0x2 ./Drivers/STM32WLxx_HAL_Driver/stm32wlxx_hal_uart_ex.o
                0x0800601c                HAL_UARTEx_WakeupCallback
 .text.HAL_UARTEx_RxFifoFullCallback
                0x0800601e        0x2 ./Drivers/STM32WLxx_HAL_Driver/stm32wlxx_hal_uart_ex.o
                0x0800601e                HAL_UARTEx_RxFifoFullCallback
 .text.HAL_UARTEx_TxFifoEmptyCallback
                0x08006020        0x2 ./Drivers/STM32WLxx_HAL_Driver/stm32wlxx_hal_uart_ex.o
                0x08006020                HAL_UARTEx_TxFifoEmptyCallback
 .text.HAL_UARTEx_StopModeWakeUpSourceConfig
                0x08006022       0x8c ./Drivers/STM32WLxx_HAL_Driver/stm32wlxx_hal_uart_ex.o
                0x08006022                HAL_UARTEx_StopModeWakeUpSourceConfig
 .text.HAL_UARTEx_EnableStopMode
                0x080060ae       0x2c ./Drivers/STM32WLxx_HAL_Driver/stm32wlxx_hal_uart_ex.o
                0x080060ae                HAL_UARTEx_EnableStopMode
 .text.HAL_UARTEx_EnableFifoMode
                0x080060da       0x40 ./Drivers/STM32WLxx_HAL_Driver/stm32wlxx_hal_uart_ex.o
                0x080060da                HAL_UARTEx_EnableFifoMode
 .text.HAL_UARTEx_SetTxFifoThreshold
                0x0800611a       0x40 ./Drivers/STM32WLxx_HAL_Driver/stm32wlxx_hal_uart_ex.o
                0x0800611a                HAL_UARTEx_SetTxFifoThreshold
 .text.HAL_UARTEx_SetRxFifoThreshold
                0x0800615a       0x40 ./Drivers/STM32WLxx_HAL_Driver/stm32wlxx_hal_uart_ex.o
                0x0800615a                HAL_UARTEx_SetRxFifoThreshold
 *fill*         0x0800619a        0x2 
 .text.LmHandlerPackageIsTxPending
                0x0800619c       0x28 ./Middlewares/LoRaWAN/LmHandler.o
 .text.LmHandlerOnTxFrameCtrlChanged
                0x080061c4       0x18 ./Middlewares/LoRaWAN/LmHandler.o
 .text.LmHandlerOnPingSlotPeriodicityChanged
                0x080061dc       0x18 ./Middlewares/LoRaWAN/LmHandler.o
 .text.LmHandlerJoin
                0x080061f4       0xdc ./Middlewares/LoRaWAN/LmHandler.o
                0x080061f4                LmHandlerJoin
 .text.LmHandlerDeviceTimeReq
                0x080062d0       0x28 ./Middlewares/LoRaWAN/LmHandler.o
                0x080062d0                LmHandlerDeviceTimeReq
 .text.MlmeIndication
                0x080062f8       0x64 ./Middlewares/LoRaWAN/LmHandler.o
 .text.McpsConfirm
                0x0800635c       0x58 ./Middlewares/LoRaWAN/LmHandler.o
 .text.LmHandlerGetDutyCycleWaitTime
                0x080063b4        0xc ./Middlewares/LoRaWAN/LmHandler.o
                0x080063b4                LmHandlerGetDutyCycleWaitTime
 .text.LmHandlerJoinStatus
                0x080063c0       0x26 ./Middlewares/LoRaWAN/LmHandler.o
                0x080063c0                LmHandlerJoinStatus
 *fill*         0x080063e6        0x2 
 .text.LmHandlerIsBusy
                0x080063e8       0x2c ./Middlewares/LoRaWAN/LmHandler.o
                0x080063e8                LmHandlerIsBusy
 .text.LmHandlerSend
                0x08006414      0x134 ./Middlewares/LoRaWAN/LmHandler.o
                0x08006414                LmHandlerSend
 .text.LmHandlerProcess
                0x08006548       0x60 ./Middlewares/LoRaWAN/LmHandler.o
                0x08006548                LmHandlerProcess
 .text.LmHandlerRequestClass
                0x080065a8       0x8c ./Middlewares/LoRaWAN/LmHandler.o
                0x080065a8                LmHandlerRequestClass
 .text.LmHandlerGetCurrentClass
                0x08006634       0x28 ./Middlewares/LoRaWAN/LmHandler.o
                0x08006634                LmHandlerGetCurrentClass
 .text.McpsIndication
                0x0800665c       0x98 ./Middlewares/LoRaWAN/LmHandler.o
 .text.LmHandlerGetTxDatarate
                0x080066f4       0x30 ./Middlewares/LoRaWAN/LmHandler.o
                0x080066f4                LmHandlerGetTxDatarate
 .text.LmHandlerSetSystemMaxRxError
                0x08006724       0x20 ./Middlewares/LoRaWAN/LmHandler.o
                0x08006724                LmHandlerSetSystemMaxRxError
 .text.LmHandlerConfigure
                0x08006744      0x1c8 ./Middlewares/LoRaWAN/LmHandler.o
                0x08006744                LmHandlerConfigure
 .text.LmHandlerPackageRegister
                0x0800690c       0x68 ./Middlewares/LoRaWAN/LmHandler.o
                0x0800690c                LmHandlerPackageRegister
 .text.LmHandlerInit
                0x08006974       0x94 ./Middlewares/LoRaWAN/LmHandler.o
                0x08006974                LmHandlerInit
 .text.LmHandlerGetVersion
                0x08006a08       0x24 ./Middlewares/LoRaWAN/LmHandler.o
                0x08006a08                LmHandlerGetVersion
 .text.LmHandlerStop
                0x08006a2c       0x12 ./Middlewares/LoRaWAN/LmHandler.o
                0x08006a2c                LmHandlerStop
 .text.LmHandlerHalt
                0x08006a3e       0x12 ./Middlewares/LoRaWAN/LmHandler.o
                0x08006a3e                LmHandlerHalt
 .text.LmHandlerGetTxPower
                0x08006a50       0x30 ./Middlewares/LoRaWAN/LmHandler.o
                0x08006a50                LmHandlerGetTxPower
 .text.MlmeConfirm
                0x08006a80       0xe8 ./Middlewares/LoRaWAN/LmHandler.o
 .text.LmHandlerNvmDataStore
                0x08006b68       0x68 ./Middlewares/LoRaWAN/LmHandler.o
                0x08006b68                LmHandlerNvmDataStore
 .text.LmhpComplianceIsInitialized
                0x08006bd0        0xc ./Middlewares/LoRaWAN/LmhpCompliance.o
 .text.LmhpComplianceIsTxPending
                0x08006bdc        0xc ./Middlewares/LoRaWAN/LmhpCompliance.o
 .text.LmhpComplianceOnMlmeConfirm
                0x08006be8        0x2 ./Middlewares/LoRaWAN/LmhpCompliance.o
 *fill*         0x08006bea        0x2 
 .text.OnProcessTimer
                0x08006bec       0x1c ./Middlewares/LoRaWAN/LmhpCompliance.o
 .text.LmhpComplianceProcess
                0x08006c08       0x98 ./Middlewares/LoRaWAN/LmhpCompliance.o
 .text.LmhpComplianceInit
                0x08006ca0       0x58 ./Middlewares/LoRaWAN/LmhpCompliance.o
 .text.LmhpComplianceOnMcpsIndication
                0x08006cf8      0x370 ./Middlewares/LoRaWAN/LmhpCompliance.o
 .text.LmhpComplianceOnMlmeIndication
                0x08007068        0x2 ./Middlewares/LoRaWAN/LmhpCompliance.o
 *fill*         0x0800706a        0x2 
 .text.LmhpCompliancePackageFactory
                0x0800706c        0x8 ./Middlewares/LoRaWAN/LmhpCompliance.o
                0x0800706c                LmhpCompliancePackageFactory
 .text.LmhpPackagesRegistrationInit
                0x08007074        0x4 ./Middlewares/LoRaWAN/LmhpPackagesRegistration.o
                0x08007074                LmhpPackagesRegistrationInit
 .text.LmhpPackagesRegister
                0x08007078        0x6 ./Middlewares/LoRaWAN/LmhpPackagesRegistration.o
                0x08007078                LmhpPackagesRegister
 *fill*         0x0800707e        0x2 
 .text.UpdateRxSlotIdleState
                0x08007080       0x1c ./Middlewares/LoRaWAN/LoRaMac.o
 .text.OnMacProcessNotify
                0x0800709c       0x14 ./Middlewares/LoRaWAN/LoRaMac.o
 .text.OnRadioRxError
                0x080070b0       0x14 ./Middlewares/LoRaWAN/LoRaMac.o
 .text.OnAbpJoinPendingTimerEvent
                0x080070c4       0x24 ./Middlewares/LoRaWAN/LoRaMac.o
 .text.GetMaxAppPayloadWithoutFOptsLength
                0x080070e8       0x30 ./Middlewares/LoRaWAN/LoRaMac.o
 .text.OnRetransmitTimeoutTimerEvent
                0x08007118       0x28 ./Middlewares/LoRaWAN/LoRaMac.o
 .text.PrepareRxDoneAbort
                0x08007140       0x38 ./Middlewares/LoRaWAN/LoRaMac.o
 .text.HandleRadioRxErrorTimeout
                0x08007178       0xc4 ./Middlewares/LoRaWAN/LoRaMac.o
 .text.OnRadioRxTimeout
                0x0800723c       0x28 ./Middlewares/LoRaWAN/LoRaMac.o
 .text.OnRadioTxTimeout
                0x08007264       0x28 ./Middlewares/LoRaWAN/LoRaMac.o
 .text.OnRadioRxDone
                0x0800728c       0x4c ./Middlewares/LoRaWAN/LoRaMac.o
 .text.OnRadioTxDone
                0x080072d8       0x4c ./Middlewares/LoRaWAN/LoRaMac.o
 .text.ScheduleTx
                0x08007324      0x2f0 ./Middlewares/LoRaWAN/LoRaMac.o
 .text.OpenContinuousRxCWindow
                0x08007614       0x5c ./Middlewares/LoRaWAN/LoRaMac.o
 .text.SwitchClass
                0x08007670       0xd8 ./Middlewares/LoRaWAN/LoRaMac.o
 .text.ResetMacParameters.constprop.0
                0x08007748      0x158 ./Middlewares/LoRaWAN/LoRaMac.o
 .text.RxWindowSetup.constprop.0
                0x080078a0       0x48 ./Middlewares/LoRaWAN/LoRaMac.o
 .text.OnRxWindow1TimerEvent
                0x080078e8       0x48 ./Middlewares/LoRaWAN/LoRaMac.o
 .text.OnRxWindow2TimerEvent
                0x08007930       0x50 ./Middlewares/LoRaWAN/LoRaMac.o
 .text.LoRaMacHandleNvm.part.0.constprop.0
                0x08007980       0xf4 ./Middlewares/LoRaWAN/LoRaMac.o
 .text.ProcessMacCommands.constprop.0
                0x08007a74      0x57c ./Middlewares/LoRaWAN/LoRaMac.o
 .text.StopRetransmission.isra.0
                0x08007ff0       0x44 ./Middlewares/LoRaWAN/LoRaMac.o
 .text.OnTxDelayedTimerEvent
                0x08008034       0x70 ./Middlewares/LoRaWAN/LoRaMac.o
 .text.LoRaMacIsBusy
                0x080080a4       0x30 ./Middlewares/LoRaWAN/LoRaMac.o
                0x080080a4                LoRaMacIsBusy
 .text.LoRaMacIsStopped
                0x080080d4       0x14 ./Middlewares/LoRaWAN/LoRaMac.o
                0x080080d4                LoRaMacIsStopped
 .text.LoRaMacProcess
                0x080080e8      0x8f0 ./Middlewares/LoRaWAN/LoRaMac.o
                0x080080e8                LoRaMacProcess
 .text.LoRaMacInitialization
                0x080089d8      0x36c ./Middlewares/LoRaWAN/LoRaMac.o
                0x080089d8                LoRaMacInitialization
 .text.LoRaMacStart
                0x08008d44       0x14 ./Middlewares/LoRaWAN/LoRaMac.o
                0x08008d44                LoRaMacStart
 .text.LoRaMacStop
                0x08008d58       0x3c ./Middlewares/LoRaWAN/LoRaMac.o
                0x08008d58                LoRaMacStop
 .text.LoRaMacHalt
                0x08008d94       0x5c ./Middlewares/LoRaWAN/LoRaMac.o
                0x08008d94                LoRaMacHalt
 .text.LoRaMacQueryTxPossible
                0x08008df0       0xc4 ./Middlewares/LoRaWAN/LoRaMac.o
                0x08008df0                LoRaMacQueryTxPossible
 .text.LoRaMacMibGetRequestConfirm
                0x08008eb4      0x228 ./Middlewares/LoRaWAN/LoRaMac.o
                0x08008eb4                LoRaMacMibGetRequestConfirm
 .text.LoRaMacMibSetRequestConfirm
                0x080090dc      0x4d8 ./Middlewares/LoRaWAN/LoRaMac.o
                0x080090dc                LoRaMacMibSetRequestConfirm
 .text.LoRaMacMlmeRequest
                0x080095b4      0x274 ./Middlewares/LoRaWAN/LoRaMac.o
                0x080095b4                LoRaMacMlmeRequest
 .text.LoRaMacMcpsRequest
                0x08009828      0x370 ./Middlewares/LoRaWAN/LoRaMac.o
                0x08009828                LoRaMacMcpsRequest
 .text.LoRaMacTestSetDutyCycleOn
                0x08009b98       0x38 ./Middlewares/LoRaWAN/LoRaMac.o
                0x08009b98                LoRaMacTestSetDutyCycleOn
 .text.LoRaMacDeInitialization
                0x08009bd0       0x44 ./Middlewares/LoRaWAN/LoRaMac.o
                0x08009bd0                LoRaMacDeInitialization
 .text.LoRaMacAdrCalcNext
                0x08009c14       0xdc ./Middlewares/LoRaWAN/LoRaMacAdr.o
                0x08009c14                LoRaMacAdrCalcNext
 .text.LoRaMacClassBInit
                0x08009cf0        0x2 ./Middlewares/LoRaWAN/LoRaMacClassB.o
                0x08009cf0                LoRaMacClassBInit
 .text.LoRaMacClassBSetBeaconState
                0x08009cf2        0x2 ./Middlewares/LoRaWAN/LoRaMacClassB.o
                0x08009cf2                LoRaMacClassBSetBeaconState
 .text.LoRaMacClassBSetPingSlotState
                0x08009cf4        0x2 ./Middlewares/LoRaWAN/LoRaMacClassB.o
                0x08009cf4                LoRaMacClassBSetPingSlotState
 .text.LoRaMacClassBSetMulticastSlotState
                0x08009cf6        0x2 ./Middlewares/LoRaWAN/LoRaMacClassB.o
                0x08009cf6                LoRaMacClassBSetMulticastSlotState
 .text.LoRaMacClassBIsAcquisitionInProgress
                0x08009cf8        0x4 ./Middlewares/LoRaWAN/LoRaMacClassB.o
                0x08009cf8                LoRaMacClassBIsAcquisitionInProgress
 .text.LoRaMacClassBBeaconTimerEvent
                0x08009cfc        0x2 ./Middlewares/LoRaWAN/LoRaMacClassB.o
                0x08009cfc                LoRaMacClassBBeaconTimerEvent
 .text.LoRaMacClassBPingSlotTimerEvent
                0x08009cfe        0x2 ./Middlewares/LoRaWAN/LoRaMacClassB.o
                0x08009cfe                LoRaMacClassBPingSlotTimerEvent
 .text.LoRaMacClassBMulticastSlotTimerEvent
                0x08009d00        0x2 ./Middlewares/LoRaWAN/LoRaMacClassB.o
                0x08009d00                LoRaMacClassBMulticastSlotTimerEvent
 .text.LoRaMacClassBRxBeacon
                0x08009d02        0x4 ./Middlewares/LoRaWAN/LoRaMacClassB.o
                0x08009d02                LoRaMacClassBRxBeacon
 .text.LoRaMacClassBIsBeaconExpected
                0x08009d06        0x4 ./Middlewares/LoRaWAN/LoRaMacClassB.o
                0x08009d06                LoRaMacClassBIsBeaconExpected
 .text.LoRaMacClassBIsPingExpected
                0x08009d0a        0x4 ./Middlewares/LoRaWAN/LoRaMacClassB.o
                0x08009d0a                LoRaMacClassBIsPingExpected
 .text.LoRaMacClassBIsMulticastExpected
                0x08009d0e        0x4 ./Middlewares/LoRaWAN/LoRaMacClassB.o
                0x08009d0e                LoRaMacClassBIsMulticastExpected
 .text.LoRaMacClassBIsBeaconModeActive
                0x08009d12        0x4 ./Middlewares/LoRaWAN/LoRaMacClassB.o
                0x08009d12                LoRaMacClassBIsBeaconModeActive
 .text.LoRaMacClassBSetPingSlotInfo
                0x08009d16        0x2 ./Middlewares/LoRaWAN/LoRaMacClassB.o
                0x08009d16                LoRaMacClassBSetPingSlotInfo
 .text.LoRaMacClassBHaltBeaconing
                0x08009d18        0x2 ./Middlewares/LoRaWAN/LoRaMacClassB.o
                0x08009d18                LoRaMacClassBHaltBeaconing
 .text.LoRaMacClassBResumeBeaconing
                0x08009d1a        0x2 ./Middlewares/LoRaWAN/LoRaMacClassB.o
                0x08009d1a                LoRaMacClassBResumeBeaconing
 .text.LoRaMacClassBSwitchClass
                0x08009d1c        0x4 ./Middlewares/LoRaWAN/LoRaMacClassB.o
                0x08009d1c                LoRaMacClassBSwitchClass
 .text.LoRaMacClassBMibGetRequestConfirm
                0x08009d20        0x4 ./Middlewares/LoRaWAN/LoRaMacClassB.o
                0x08009d20                LoRaMacClassBMibGetRequestConfirm
 .text.LoRaMacMibClassBSetRequestConfirm
                0x08009d24        0x4 ./Middlewares/LoRaWAN/LoRaMacClassB.o
                0x08009d24                LoRaMacMibClassBSetRequestConfirm
 .text.LoRaMacClassBPingSlotInfoAns
                0x08009d28        0x2 ./Middlewares/LoRaWAN/LoRaMacClassB.o
                0x08009d28                LoRaMacClassBPingSlotInfoAns
 .text.LoRaMacClassBPingSlotChannelReq
                0x08009d2a        0x4 ./Middlewares/LoRaWAN/LoRaMacClassB.o
                0x08009d2a                LoRaMacClassBPingSlotChannelReq
 .text.LoRaMacClassBBeaconTimingAns
                0x08009d2e        0x2 ./Middlewares/LoRaWAN/LoRaMacClassB.o
                0x08009d2e                LoRaMacClassBBeaconTimingAns
 .text.LoRaMacClassBDeviceTimeAns
                0x08009d30        0x2 ./Middlewares/LoRaWAN/LoRaMacClassB.o
                0x08009d30                LoRaMacClassBDeviceTimeAns
 .text.LoRaMacClassBBeaconFreqReq
                0x08009d32        0x4 ./Middlewares/LoRaWAN/LoRaMacClassB.o
                0x08009d32                LoRaMacClassBBeaconFreqReq
 .text.LoRaMacClassBIsUplinkCollision
                0x08009d36        0x4 ./Middlewares/LoRaWAN/LoRaMacClassB.o
                0x08009d36                LoRaMacClassBIsUplinkCollision
 .text.LoRaMacClassBStopRxSlots
                0x08009d3a        0x2 ./Middlewares/LoRaWAN/LoRaMacClassB.o
                0x08009d3a                LoRaMacClassBStopRxSlots
 .text.LoRaMacClassBSetFPendingBit
                0x08009d3c        0x2 ./Middlewares/LoRaWAN/LoRaMacClassB.o
                0x08009d3c                LoRaMacClassBSetFPendingBit
 .text.LoRaMacClassBProcess
                0x08009d3e        0x2 ./Middlewares/LoRaWAN/LoRaMacClassB.o
                0x08009d3e                LoRaMacClassBProcess
 .text.LoRaMacCommandsInit
                0x08009d40       0x1c ./Middlewares/LoRaWAN/LoRaMacCommands.o
                0x08009d40                LoRaMacCommandsInit
 .text.LoRaMacCommandsAddCmd
                0x08009d5c       0x98 ./Middlewares/LoRaWAN/LoRaMacCommands.o
                0x08009d5c                LoRaMacCommandsAddCmd
 .text.LoRaMacCommandsRemoveCmd
                0x08009df4       0x54 ./Middlewares/LoRaWAN/LoRaMacCommands.o
                0x08009df4                LoRaMacCommandsRemoveCmd
 .text.LoRaMacCommandsGetCmd
                0x08009e48       0x1c ./Middlewares/LoRaWAN/LoRaMacCommands.o
                0x08009e48                LoRaMacCommandsGetCmd
 .text.LoRaMacCommandsRemoveNoneStickyCmds
                0x08009e64       0x1c ./Middlewares/LoRaWAN/LoRaMacCommands.o
                0x08009e64                LoRaMacCommandsRemoveNoneStickyCmds
 .text.LoRaMacCommandsRemoveStickyAnsCmds
                0x08009e80       0x2c ./Middlewares/LoRaWAN/LoRaMacCommands.o
                0x08009e80                LoRaMacCommandsRemoveStickyAnsCmds
 .text.LoRaMacCommandsGetSizeSerializedCmds
                0x08009eac       0x18 ./Middlewares/LoRaWAN/LoRaMacCommands.o
                0x08009eac                LoRaMacCommandsGetSizeSerializedCmds
 .text.LoRaMacCommandsSerializeCmds
                0x08009ec4       0x68 ./Middlewares/LoRaWAN/LoRaMacCommands.o
                0x08009ec4                LoRaMacCommandsSerializeCmds
 .text.LoRaMacCommandsGetCmdSize
                0x08009f2c       0x14 ./Middlewares/LoRaWAN/LoRaMacCommands.o
                0x08009f2c                LoRaMacCommandsGetCmdSize
 .text.GetElement.isra.0
                0x08009f40       0x34 ./Middlewares/LoRaWAN/LoRaMacConfirmQueue.o
 .text.LoRaMacConfirmQueueInit
                0x08009f74       0x28 ./Middlewares/LoRaWAN/LoRaMacConfirmQueue.o
                0x08009f74                LoRaMacConfirmQueueInit
 .text.LoRaMacConfirmQueueAdd
                0x08009f9c       0x40 ./Middlewares/LoRaWAN/LoRaMacConfirmQueue.o
                0x08009f9c                LoRaMacConfirmQueueAdd
 .text.LoRaMacConfirmQueueRemoveFirst
                0x08009fdc       0x2c ./Middlewares/LoRaWAN/LoRaMacConfirmQueue.o
                0x08009fdc                LoRaMacConfirmQueueRemoveFirst
 .text.LoRaMacConfirmQueueSetStatus
                0x0800a008       0x24 ./Middlewares/LoRaWAN/LoRaMacConfirmQueue.o
                0x0800a008                LoRaMacConfirmQueueSetStatus
 .text.LoRaMacConfirmQueueGetStatus
                0x0800a02c       0x20 ./Middlewares/LoRaWAN/LoRaMacConfirmQueue.o
                0x0800a02c                LoRaMacConfirmQueueGetStatus
 .text.LoRaMacConfirmQueueSetStatusCmn
                0x0800a04c       0x30 ./Middlewares/LoRaWAN/LoRaMacConfirmQueue.o
                0x0800a04c                LoRaMacConfirmQueueSetStatusCmn
 .text.LoRaMacConfirmQueueIsCmdActive
                0x0800a07c       0x18 ./Middlewares/LoRaWAN/LoRaMacConfirmQueue.o
                0x0800a07c                LoRaMacConfirmQueueIsCmdActive
 .text.LoRaMacConfirmQueueHandleCb
                0x0800a094       0x60 ./Middlewares/LoRaWAN/LoRaMacConfirmQueue.o
                0x0800a094                LoRaMacConfirmQueueHandleCb
 .text.LoRaMacConfirmQueueGetCnt
                0x0800a0f4        0xc ./Middlewares/LoRaWAN/LoRaMacConfirmQueue.o
                0x0800a0f4                LoRaMacConfirmQueueGetCnt
 .text.LoRaMacConfirmQueueIsFull
                0x0800a100       0x14 ./Middlewares/LoRaWAN/LoRaMacConfirmQueue.o
                0x0800a100                LoRaMacConfirmQueueIsFull
 .text.DeriveSessionKey10x
                0x0800a114       0x54 ./Middlewares/LoRaWAN/LoRaMacCrypto.o
 .text.PayloadEncrypt
                0x0800a168       0xc0 ./Middlewares/LoRaWAN/LoRaMacCrypto.o
 .text.GetLastFcntDown.constprop.0
                0x0800a228       0x3c ./Middlewares/LoRaWAN/LoRaMacCrypto.o
 .text.VerifyCmacB0.constprop.0.isra.0
                0x0800a264       0x88 ./Middlewares/LoRaWAN/LoRaMacCrypto.o
 .text.LoRaMacCryptoInit
                0x0800a2ec       0x38 ./Middlewares/LoRaWAN/LoRaMacCrypto.o
                0x0800a2ec                LoRaMacCryptoInit
 .text.LoRaMacCryptoSetLrWanVersion
                0x0800a324       0x10 ./Middlewares/LoRaWAN/LoRaMacCrypto.o
                0x0800a324                LoRaMacCryptoSetLrWanVersion
 .text.LoRaMacCryptoGetFCntUp
                0x0800a334       0x18 ./Middlewares/LoRaWAN/LoRaMacCrypto.o
                0x0800a334                LoRaMacCryptoGetFCntUp
 .text.LoRaMacCryptoGetFCntDown
                0x0800a34c       0x44 ./Middlewares/LoRaWAN/LoRaMacCrypto.o
                0x0800a34c                LoRaMacCryptoGetFCntDown
 .text.LoRaMacCryptoSetMulticastReference
                0x0800a390       0x18 ./Middlewares/LoRaWAN/LoRaMacCrypto.o
                0x0800a390                LoRaMacCryptoSetMulticastReference
 .text.LoRaMacCryptoPrepareJoinRequest
                0x0800a3a8       0x50 ./Middlewares/LoRaWAN/LoRaMacCrypto.o
                0x0800a3a8                LoRaMacCryptoPrepareJoinRequest
 .text.LoRaMacCryptoSecureMessage
                0x0800a3f8       0xd0 ./Middlewares/LoRaWAN/LoRaMacCrypto.o
                0x0800a3f8                LoRaMacCryptoSecureMessage
 .text.LoRaMacCryptoUnsecureMessage
                0x0800a4c8       0xe0 ./Middlewares/LoRaWAN/LoRaMacCrypto.o
                0x0800a4c8                LoRaMacCryptoUnsecureMessage
 .text.LoRaMacCryptoDeriveLifeTimeKey
                0x0800a5a8       0x48 ./Middlewares/LoRaWAN/LoRaMacCrypto.o
                0x0800a5a8                LoRaMacCryptoDeriveLifeTimeKey
 .text.LoRaMacCryptoSetKey
                0x0800a5f0       0x40 ./Middlewares/LoRaWAN/LoRaMacCrypto.o
                0x0800a5f0                LoRaMacCryptoSetKey
 .text.LoRaMacCryptoHandleJoinAccept
                0x0800a630       0xf8 ./Middlewares/LoRaWAN/LoRaMacCrypto.o
                0x0800a630                LoRaMacCryptoHandleJoinAccept
 .text.LoRaMacParserJoinAccept
                0x0800a728       0x9c ./Middlewares/LoRaWAN/LoRaMacParser.o
                0x0800a728                LoRaMacParserJoinAccept
 .text.LoRaMacParserData
                0x0800a7c4       0xb6 ./Middlewares/LoRaWAN/LoRaMacParser.o
                0x0800a7c4                LoRaMacParserData
 .text.LoRaMacSerializerJoinRequest
                0x0800a87a       0x68 ./Middlewares/LoRaWAN/LoRaMacSerializer.o
                0x0800a87a                LoRaMacSerializerJoinRequest
 .text.LoRaMacSerializerData
                0x0800a8e2       0xd8 ./Middlewares/LoRaWAN/LoRaMacSerializer.o
                0x0800a8e2                LoRaMacSerializerData
 *fill*         0x0800a9ba        0x2 
 .text.NvmDataMgmtEvent
                0x0800a9bc       0x10 ./Middlewares/LoRaWAN/NvmDataMgmt.o
                0x0800a9bc                NvmDataMgmtEvent
 .text.NvmDataMgmtStoreBegin
                0x0800a9cc       0x24 ./Middlewares/LoRaWAN/NvmDataMgmt.o
                0x0800a9cc                NvmDataMgmtStoreBegin
 .text.NvmDataMgmtStoreEnd
                0x0800a9f0       0x14 ./Middlewares/LoRaWAN/NvmDataMgmt.o
                0x0800a9f0                NvmDataMgmtStoreEnd
 .text.RegionIsActive
                0x0800aa04       0x12 ./Middlewares/LoRaWAN/Region.o
                0x0800aa04                RegionIsActive
 .text.RegionGetPhyParam
                0x0800aa16       0x20 ./Middlewares/LoRaWAN/Region.o
                0x0800aa16                RegionGetPhyParam
 .text.RegionSetBandTxDone
                0x0800aa36       0x16 ./Middlewares/LoRaWAN/Region.o
                0x0800aa36                RegionSetBandTxDone
 .text.RegionInitDefaults
                0x0800aa4c       0x16 ./Middlewares/LoRaWAN/Region.o
                0x0800aa4c                RegionInitDefaults
 .text.RegionVerify
                0x0800aa62       0x1a ./Middlewares/LoRaWAN/Region.o
                0x0800aa62                RegionVerify
 .text.RegionApplyCFList
                0x0800aa7c       0x16 ./Middlewares/LoRaWAN/Region.o
                0x0800aa7c                RegionApplyCFList
 .text.RegionChanMaskSet
                0x0800aa92       0x18 ./Middlewares/LoRaWAN/Region.o
                0x0800aa92                RegionChanMaskSet
 .text.RegionComputeRxWindowParameters
                0x0800aaaa       0x24 ./Middlewares/LoRaWAN/Region.o
                0x0800aaaa                RegionComputeRxWindowParameters
 .text.RegionRxConfig
                0x0800aace       0x1a ./Middlewares/LoRaWAN/Region.o
                0x0800aace                RegionRxConfig
 .text.RegionTxConfig
                0x0800aae8       0x24 ./Middlewares/LoRaWAN/Region.o
                0x0800aae8                RegionTxConfig
 .text.RegionLinkAdrReq
                0x0800ab0c       0x2c ./Middlewares/LoRaWAN/Region.o
                0x0800ab0c                RegionLinkAdrReq
 .text.RegionRxParamSetupReq
                0x0800ab38       0x18 ./Middlewares/LoRaWAN/Region.o
                0x0800ab38                RegionRxParamSetupReq
 .text.RegionNewChannelReq
                0x0800ab50       0x18 ./Middlewares/LoRaWAN/Region.o
                0x0800ab50                RegionNewChannelReq
 .text.RegionTxParamSetupReq
                0x0800ab68       0x18 ./Middlewares/LoRaWAN/Region.o
                0x0800ab68                RegionTxParamSetupReq
 .text.RegionDlChannelReq
                0x0800ab80       0x18 ./Middlewares/LoRaWAN/Region.o
                0x0800ab80                RegionDlChannelReq
 .text.RegionAlternateDr
                0x0800ab98       0x1a ./Middlewares/LoRaWAN/Region.o
                0x0800ab98                RegionAlternateDr
 .text.RegionNextChannel
                0x0800abb2       0x26 ./Middlewares/LoRaWAN/Region.o
                0x0800abb2                RegionNextChannel
 .text.RegionApplyDrOffset
                0x0800abd8       0x24 ./Middlewares/LoRaWAN/Region.o
                0x0800abd8                RegionApplyDrOffset
 .text.RegionGetVersion
                0x0800abfc        0x8 ./Middlewares/LoRaWAN/Region.o
                0x0800abfc                RegionGetVersion
 .text.RegionBaseUSComputeNext125kHzJoinChannel
                0x0800ac04       0x8c ./Middlewares/LoRaWAN/RegionBaseUS.o
                0x0800ac04                RegionBaseUSComputeNext125kHzJoinChannel
 .text.RegionBaseUSCalcDownlinkFrequency
                0x0800ac90        0x6 ./Middlewares/LoRaWAN/RegionBaseUS.o
                0x0800ac90                RegionBaseUSCalcDownlinkFrequency
 .text.RegionCommonChanVerifyDr
                0x0800ac96       0x5a ./Middlewares/LoRaWAN/RegionCommon.o
                0x0800ac96                RegionCommonChanVerifyDr
 .text.RegionCommonValueInRange
                0x0800acf0       0x12 ./Middlewares/LoRaWAN/RegionCommon.o
                0x0800acf0                RegionCommonValueInRange
 .text.RegionCommonChanDisable
                0x0800ad02       0x32 ./Middlewares/LoRaWAN/RegionCommon.o
                0x0800ad02                RegionCommonChanDisable
 .text.RegionCommonCountChannels
                0x0800ad34       0x3c ./Middlewares/LoRaWAN/RegionCommon.o
                0x0800ad34                RegionCommonCountChannels
 .text.RegionCommonChanMaskCopy
                0x0800ad70       0x1e ./Middlewares/LoRaWAN/RegionCommon.o
                0x0800ad70                RegionCommonChanMaskCopy
 .text.RegionCommonSetBandTxDone
                0x0800ad8e       0x28 ./Middlewares/LoRaWAN/RegionCommon.o
                0x0800ad8e                RegionCommonSetBandTxDone
 *fill*         0x0800adb6        0x2 
 .text.RegionCommonUpdateBandTimeOff
                0x0800adb8       0xdc ./Middlewares/LoRaWAN/RegionCommon.o
                0x0800adb8                RegionCommonUpdateBandTimeOff
 .text.RegionCommonParseLinkAdrReq
                0x0800ae94       0x34 ./Middlewares/LoRaWAN/RegionCommon.o
                0x0800ae94                RegionCommonParseLinkAdrReq
 .text.RegionCommonLinkAdrReqVerifyParams
                0x0800aec8       0x96 ./Middlewares/LoRaWAN/RegionCommon.o
                0x0800aec8                RegionCommonLinkAdrReqVerifyParams
 *fill*         0x0800af5e        0x2 
 .text.RegionCommonComputeSymbolTimeLoRa
                0x0800af60       0x10 ./Middlewares/LoRaWAN/RegionCommon.o
                0x0800af60                RegionCommonComputeSymbolTimeLoRa
 .text.RegionCommonComputeSymbolTimeFsk
                0x0800af70        0xa ./Middlewares/LoRaWAN/RegionCommon.o
                0x0800af70                RegionCommonComputeSymbolTimeFsk
 .text.RegionCommonComputeRxWindowParameters
                0x0800af7a       0x50 ./Middlewares/LoRaWAN/RegionCommon.o
                0x0800af7a                RegionCommonComputeRxWindowParameters
 .text.RegionCommonComputeTxPower
                0x0800afca       0x2a ./Middlewares/LoRaWAN/RegionCommon.o
                0x0800afca                RegionCommonComputeTxPower
 .text.RegionCommonCountNbOfEnabledChannels
                0x0800aff4       0xb4 ./Middlewares/LoRaWAN/RegionCommon.o
                0x0800aff4                RegionCommonCountNbOfEnabledChannels
 .text.RegionCommonIdentifyChannels
                0x0800b0a8       0x88 ./Middlewares/LoRaWAN/RegionCommon.o
                0x0800b0a8                RegionCommonIdentifyChannels
 .text.RegionCommonGetNextLowerTxDr
                0x0800b130       0x36 ./Middlewares/LoRaWAN/RegionCommon.o
                0x0800b130                RegionCommonGetNextLowerTxDr
 .text.RegionCommonLimitTxPower
                0x0800b166        0x8 ./Middlewares/LoRaWAN/RegionCommon.o
                0x0800b166                RegionCommonLimitTxPower
 *fill*         0x0800b16e        0x2 
 .text.RegionCommonGetBandwidth
                0x0800b170       0x24 ./Middlewares/LoRaWAN/RegionCommon.o
                0x0800b170                RegionCommonGetBandwidth
 .text.RegionCommonRxConfigPrint
                0x0800b194       0x44 ./Middlewares/LoRaWAN/RegionCommon.o
                0x0800b194                RegionCommonRxConfigPrint
 .text.RegionCommonTxConfigPrint
                0x0800b1d8       0x1c ./Middlewares/LoRaWAN/RegionCommon.o
                0x0800b1d8                RegionCommonTxConfigPrint
 .text.GetTimeOnAir
                0x0800b1f4       0x54 ./Middlewares/LoRaWAN/RegionEU868.o
 .text.VerifyRfFreq
                0x0800b248       0x9c ./Middlewares/LoRaWAN/RegionEU868.o
 .text.RegionEU868GetPhyParam
                0x0800b2e4      0x130 ./Middlewares/LoRaWAN/RegionEU868.o
                0x0800b2e4                RegionEU868GetPhyParam
 .text.RegionEU868SetBandTxDone
                0x0800b414       0x38 ./Middlewares/LoRaWAN/RegionEU868.o
                0x0800b414                RegionEU868SetBandTxDone
 .text.RegionEU868InitDefaults
                0x0800b44c       0xd0 ./Middlewares/LoRaWAN/RegionEU868.o
                0x0800b44c                RegionEU868InitDefaults
 .text.RegionEU868Verify
                0x0800b51c       0x4a ./Middlewares/LoRaWAN/RegionEU868.o
                0x0800b51c                RegionEU868Verify
 *fill*         0x0800b566        0x2 
 .text.RegionEU868ChanMaskSet
                0x0800b568       0x34 ./Middlewares/LoRaWAN/RegionEU868.o
                0x0800b568                RegionEU868ChanMaskSet
 .text.RegionEU868ComputeRxWindowParameters
                0x0800b59c       0x64 ./Middlewares/LoRaWAN/RegionEU868.o
                0x0800b59c                RegionEU868ComputeRxWindowParameters
 .text.RegionEU868RxConfig
                0x0800b600       0xf0 ./Middlewares/LoRaWAN/RegionEU868.o
                0x0800b600                RegionEU868RxConfig
 .text.RegionEU868TxConfig
                0x0800b6f0      0x11c ./Middlewares/LoRaWAN/RegionEU868.o
                0x0800b6f0                RegionEU868TxConfig
 .text.RegionEU868LinkAdrReq
                0x0800b80c      0x15c ./Middlewares/LoRaWAN/RegionEU868.o
                0x0800b80c                RegionEU868LinkAdrReq
 .text.RegionEU868RxParamSetupReq
                0x0800b968       0x3c ./Middlewares/LoRaWAN/RegionEU868.o
                0x0800b968                RegionEU868RxParamSetupReq
 .text.RegionEU868TxParamSetupReq
                0x0800b9a4        0x6 ./Middlewares/LoRaWAN/RegionEU868.o
                0x0800b9a4                RegionEU868TxParamSetupReq
 *fill*         0x0800b9aa        0x2 
 .text.RegionEU868DlChannelReq
                0x0800b9ac       0x50 ./Middlewares/LoRaWAN/RegionEU868.o
                0x0800b9ac                RegionEU868DlChannelReq
 .text.RegionEU868AlternateDr
                0x0800b9fc        0x2 ./Middlewares/LoRaWAN/RegionEU868.o
                0x0800b9fc                RegionEU868AlternateDr
 *fill*         0x0800b9fe        0x2 
 .text.RegionEU868NextChannel
                0x0800ba00       0xfc ./Middlewares/LoRaWAN/RegionEU868.o
                0x0800ba00                RegionEU868NextChannel
 .text.RegionEU868ChannelAdd
                0x0800bafc       0xbc ./Middlewares/LoRaWAN/RegionEU868.o
                0x0800bafc                RegionEU868ChannelAdd
 .text.RegionEU868ChannelsRemove
                0x0800bbb8       0x30 ./Middlewares/LoRaWAN/RegionEU868.o
                0x0800bbb8                RegionEU868ChannelsRemove
 .text.RegionEU868ApplyCFList
                0x0800bbe8       0x7c ./Middlewares/LoRaWAN/RegionEU868.o
                0x0800bbe8                RegionEU868ApplyCFList
 .text.RegionEU868NewChannelReq
                0x0800bc64       0x42 ./Middlewares/LoRaWAN/RegionEU868.o
                0x0800bc64                RegionEU868NewChannelReq
 .text.RegionEU868ApplyDrOffset
                0x0800bca6        0xc ./Middlewares/LoRaWAN/RegionEU868.o
                0x0800bca6                RegionEU868ApplyDrOffset
 *fill*         0x0800bcb2        0x2 
 .text.GetTimeOnAir
                0x0800bcb4       0x3c ./Middlewares/LoRaWAN/RegionUS915.o
 .text.VerifyRfFreq
                0x0800bcf0       0x40 ./Middlewares/LoRaWAN/RegionUS915.o
 .text.RegionUS915GetPhyParam
                0x0800bd30      0x144 ./Middlewares/LoRaWAN/RegionUS915.o
                0x0800bd30                RegionUS915GetPhyParam
 .text.RegionUS915SetBandTxDone
                0x0800be74       0x38 ./Middlewares/LoRaWAN/RegionUS915.o
                0x0800be74                RegionUS915SetBandTxDone
 .text.RegionUS915InitDefaults
                0x0800beac      0x114 ./Middlewares/LoRaWAN/RegionUS915.o
                0x0800beac                RegionUS915InitDefaults
 .text.RegionUS915Verify
                0x0800bfc0       0x46 ./Middlewares/LoRaWAN/RegionUS915.o