C:/D_DRIVE_BACKUP/workspace/stm32cubewl-v1-4-0/STM32Cube_FW_WL_V1.4.0/Middlewares/Third_Party/LoRaWAN/Mac/LoRaMac.c:1010:13:UpdateRxSlotIdleState	0	static
C:/D_DRIVE_BACKUP/workspace/stm32cubewl-v1-4-0/STM32Cube_FW_WL_V1.4.0/Middlewares/Third_Party/LoRaWAN/Mac/LoRaMac.c:1994:13:LoRaMacEnableRequests	0	static
C:/D_DRIVE_BACKUP/workspace/stm32cubewl-v1-4-0/STM32Cube_FW_WL_V1.4.0/Middlewares/Third_Party/LoRaWAN/Mac/LoRaMac.c:2043:13:LoRaMacHandleIndicationEvents	8	static
C:/D_DRIVE_BACKUP/workspace/stm32cubewl-v1-4-0/STM32Cube_FW_WL_V1.4.0/Middlewares/Third_Party/LoRaWAN/Mac/LoRaMac.c:2220:13:CheckForMinimumAbpDatarate	0	static
C:/D_DRIVE_BACKUP/workspace/stm32cubewl-v1-4-0/STM32Cube_FW_WL_V1.4.0/Middlewares/Third_Party/LoRaWAN/Mac/LoRaMac.c:2232:13:LoRaMacCheckForRxAbort	0	static
C:/D_DRIVE_BACKUP/workspace/stm32cubewl-v1-4-0/STM32Cube_FW_WL_V1.4.0/Middlewares/Third_Party/LoRaWAN/Mac/LoRaMac.c:3752:13:CalculateBackOff	0	static
C:/D_DRIVE_BACKUP/workspace/stm32cubewl-v1-4-0/STM32Cube_FW_WL_V1.4.0/Middlewares/Third_Party/LoRaWAN/Mac/LoRaMac.c:4165:24:SetTxContinuousWave	8	static
C:/D_DRIVE_BACKUP/workspace/stm32cubewl-v1-4-0/STM32Cube_FW_WL_V1.4.0/Middlewares/Third_Party/LoRaWAN/Mac/LoRaMac.c:4260:24:DetermineFrameType	0	static
C:/D_DRIVE_BACKUP/workspace/stm32cubewl-v1-4-0/STM32Cube_FW_WL_V1.4.0/Middlewares/Third_Party/LoRaWAN/Mac/LoRaMac.c:4357:13:CheckRetrans	0	static
C:/D_DRIVE_BACKUP/workspace/stm32cubewl-v1-4-0/STM32Cube_FW_WL_V1.4.0/Middlewares/Third_Party/LoRaWAN/Mac/LoRaMac.c:4366:13:CheckRetransUnconfirmedUplink	8	static
C:/D_DRIVE_BACKUP/workspace/stm32cubewl-v1-4-0/STM32Cube_FW_WL_V1.4.0/Middlewares/Third_Party/LoRaWAN/Mac/LoRaMac.c:4388:13:CheckRetransConfirmedUplink	8	static
C:/D_DRIVE_BACKUP/workspace/stm32cubewl-v1-4-0/STM32Cube_FW_WL_V1.4.0/Middlewares/Third_Party/LoRaWAN/Mac/LoRaMac.c:4407:17:IncreaseAdrAckCounter	0	static
C:/D_DRIVE_BACKUP/workspace/stm32cubewl-v1-4-0/STM32Cube_FW_WL_V1.4.0/Middlewares/Third_Party/LoRaWAN/Mac/LoRaMac.c:4417:13:StopRetransmission	8	static
C:/D_DRIVE_BACKUP/workspace/stm32cubewl-v1-4-0/STM32Cube_FW_WL_V1.4.0/Middlewares/Third_Party/LoRaWAN/Mac/LoRaMac.c:4475:13:OnMacProcessNotify	8	static
C:/D_DRIVE_BACKUP/workspace/stm32cubewl-v1-4-0/STM32Cube_FW_WL_V1.4.0/Middlewares/Third_Party/LoRaWAN/Mac/LoRaMac.c:995:13:OnRadioRxError	8	static
C:/D_DRIVE_BACKUP/workspace/stm32cubewl-v1-4-0/STM32Cube_FW_WL_V1.4.0/Middlewares/Third_Party/LoRaWAN/Mac/LoRaMac.c:4483:13:CallNvmDataChangeCallback	8	static
C:/D_DRIVE_BACKUP/workspace/stm32cubewl-v1-4-0/STM32Cube_FW_WL_V1.4.0/Middlewares/Third_Party/LoRaWAN/Mac/LoRaMac.c:4528:16:IsRequestPending	0	static
C:/D_DRIVE_BACKUP/workspace/stm32cubewl-v1-4-0/STM32Cube_FW_WL_V1.4.0/Middlewares/Third_Party/LoRaWAN/Mac/LoRaMac.c:6165:13:OnAbpJoinPendingTimerEvent	8	static
C:/D_DRIVE_BACKUP/workspace/stm32cubewl-v1-4-0/STM32Cube_FW_WL_V1.4.0/Middlewares/Third_Party/LoRaWAN/Mac/LoRaMac.c:2696:16:GetMaxAppPayloadWithoutFOptsLength	24	static
C:/D_DRIVE_BACKUP/workspace/stm32cubewl-v1-4-0/STM32Cube_FW_WL_V1.4.0/Middlewares/Third_Party/LoRaWAN/Mac/LoRaMac.c:2716:13:ValidatePayloadLength	16	static
C:/D_DRIVE_BACKUP/workspace/stm32cubewl-v1-4-0/STM32Cube_FW_WL_V1.4.0/Middlewares/Third_Party/LoRaWAN/Mac/LoRaMac.c:1022:13:ProcessRadioTxDone	80	static,ignoring_inline_asm
C:/D_DRIVE_BACKUP/workspace/stm32cubewl-v1-4-0/STM32Cube_FW_WL_V1.4.0/Middlewares/Third_Party/LoRaWAN/Mac/LoRaMac.c:2522:13:OnRetransmitTimeoutTimerEvent	8	static
C:/D_DRIVE_BACKUP/workspace/stm32cubewl-v1-4-0/STM32Cube_FW_WL_V1.4.0/Middlewares/Third_Party/LoRaWAN/Mac/LoRaMac.c:1107:13:PrepareRxDoneAbort	8	static
C:/D_DRIVE_BACKUP/workspace/stm32cubewl-v1-4-0/STM32Cube_FW_WL_V1.4.0/Middlewares/Third_Party/LoRaWAN/Mac/LoRaMac.c:2205:16:LoRaMacCheckForBeaconAcquisition	8	static
C:/D_DRIVE_BACKUP/workspace/stm32cubewl-v1-4-0/STM32Cube_FW_WL_V1.4.0/Middlewares/Third_Party/LoRaWAN/Mac/LoRaMac.c:2533:30:GetFCntDown	16	static
C:/D_DRIVE_BACKUP/workspace/stm32cubewl-v1-4-0/STM32Cube_FW_WL_V1.4.0/Middlewares/Third_Party/LoRaWAN/Mac/LoRaMac.c:3764:13:RemoveMacCommands	8	static
C:/D_DRIVE_BACKUP/workspace/stm32cubewl-v1-4-0/STM32Cube_FW_WL_V1.4.0/Middlewares/Third_Party/LoRaWAN/Mac/LoRaMac.c:2734:13:ProcessMacCommands	96	static
C:/D_DRIVE_BACKUP/workspace/stm32cubewl-v1-4-0/STM32Cube_FW_WL_V1.4.0/Middlewares/Third_Party/LoRaWAN/Mac/LoRaMac.c:1126:13:ProcessRadioRxDone	176	static
C:/D_DRIVE_BACKUP/workspace/stm32cubewl-v1-4-0/STM32Cube_FW_WL_V1.4.0/Middlewares/Third_Party/LoRaWAN/Mac/LoRaMac.c:1829:13:ProcessRadioTxTimeout	8	static
C:/D_DRIVE_BACKUP/workspace/stm32cubewl-v1-4-0/STM32Cube_FW_WL_V1.4.0/Middlewares/Third_Party/LoRaWAN/Mac/LoRaMac.c:3491:24:CheckForClassBCollision	8	static
C:/D_DRIVE_BACKUP/workspace/stm32cubewl-v1-4-0/STM32Cube_FW_WL_V1.4.0/Middlewares/Third_Party/LoRaWAN/Mac/LoRaMac.c:1850:13:HandleRadioRxErrorTimeout	24	static
C:/D_DRIVE_BACKUP/workspace/stm32cubewl-v1-4-0/STM32Cube_FW_WL_V1.4.0/Middlewares/Third_Party/LoRaWAN/Mac/LoRaMac.c:1919:13:ProcessRadioRxError	8	static
C:/D_DRIVE_BACKUP/workspace/stm32cubewl-v1-4-0/STM32Cube_FW_WL_V1.4.0/Middlewares/Third_Party/LoRaWAN/Mac/LoRaMac.c:1924:13:ProcessRadioRxTimeout	8	static
C:/D_DRIVE_BACKUP/workspace/stm32cubewl-v1-4-0/STM32Cube_FW_WL_V1.4.0/Middlewares/Third_Party/LoRaWAN/Mac/LoRaMac.c:1929:13:LoRaMacHandleIrqEvents	8	static,ignoring_inline_asm
C:/D_DRIVE_BACKUP/workspace/stm32cubewl-v1-4-0/STM32Cube_FW_WL_V1.4.0/Middlewares/Third_Party/LoRaWAN/Mac/LoRaMac.c:2318:13:LoRaMacHandleResponseTimeout	8	static
C:/D_DRIVE_BACKUP/workspace/stm32cubewl-v1-4-0/STM32Cube_FW_WL_V1.4.0/Middlewares/Third_Party/LoRaWAN/Mac/LoRaMac.c:2168:13:LoRaMacHandleMlmeRequest	8	static
C:/D_DRIVE_BACKUP/workspace/stm32cubewl-v1-4-0/STM32Cube_FW_WL_V1.4.0/Middlewares/Third_Party/LoRaWAN/Mac/LoRaMac.c:3560:24:SerializeTxFrame	8	static
C:/D_DRIVE_BACKUP/workspace/stm32cubewl-v1-4-0/STM32Cube_FW_WL_V1.4.0/Middlewares/Third_Party/LoRaWAN/Mac/LoRaMac.c:3512:13:ComputeRxWindowParameters	24	static
C:/D_DRIVE_BACKUP/workspace/stm32cubewl-v1-4-0/STM32Cube_FW_WL_V1.4.0/Middlewares/Third_Party/LoRaWAN/Mac/LoRaMac.c:3541:24:VerifyTxFrame	16	static
C:/D_DRIVE_BACKUP/workspace/stm32cubewl-v1-4-0/STM32Cube_FW_WL_V1.4.0/Middlewares/Third_Party/LoRaWAN/Mac/LoRaMac.c:3688:24:SecureFrame	24	static
C:/D_DRIVE_BACKUP/workspace/stm32cubewl-v1-4-0/STM32Cube_FW_WL_V1.4.0/Middlewares/Third_Party/LoRaWAN/Mac/LoRaMac.c:4065:24:SendFrameOnChannel	40	static
C:/D_DRIVE_BACKUP/workspace/stm32cubewl-v1-4-0/STM32Cube_FW_WL_V1.4.0/Middlewares/Third_Party/LoRaWAN/Mac/LoRaMac.c:3608:24:ScheduleTx	80	static
C:/D_DRIVE_BACKUP/workspace/stm32cubewl-v1-4-0/STM32Cube_FW_WL_V1.4.0/Middlewares/Third_Party/LoRaWAN/Mac/LoRaMac.c:2377:13:OnTxDelayedTimerEvent	8	static
C:/D_DRIVE_BACKUP/workspace/stm32cubewl-v1-4-0/STM32Cube_FW_WL_V1.4.0/Middlewares/Third_Party/LoRaWAN/Mac/LoRaMac.c:2099:13:LoRaMacHandleMcpsRequest	8	static
C:/D_DRIVE_BACKUP/workspace/stm32cubewl-v1-4-0/STM32Cube_FW_WL_V1.4.0/Middlewares/Third_Party/LoRaWAN/Mac/LoRaMac.c:1999:13:LoRaMacHandleRequestEvents	16	static
C:/D_DRIVE_BACKUP/workspace/stm32cubewl-v1-4-0/STM32Cube_FW_WL_V1.4.0/Middlewares/Third_Party/LoRaWAN/Mac/LoRaMac.c:3930:13:OpenContinuousRxCWindow	24	static
C:/D_DRIVE_BACKUP/workspace/stm32cubewl-v1-4-0/STM32Cube_FW_WL_V1.4.0/Middlewares/Third_Party/LoRaWAN/Mac/LoRaMac.c:3915:13:RxWindowSetup	16	static
C:/D_DRIVE_BACKUP/workspace/stm32cubewl-v1-4-0/STM32Cube_FW_WL_V1.4.0/Middlewares/Third_Party/LoRaWAN/Mac/LoRaMac.c:2430:13:OnRxWindow2TimerEvent	8	static
C:/D_DRIVE_BACKUP/workspace/stm32cubewl-v1-4-0/STM32Cube_FW_WL_V1.4.0/Middlewares/Third_Party/LoRaWAN/Mac/LoRaMac.c:2415:13:OnRxWindow1TimerEvent	8	static
C:/D_DRIVE_BACKUP/workspace/stm32cubewl-v1-4-0/STM32Cube_FW_WL_V1.4.0/Middlewares/Third_Party/LoRaWAN/Mac/LoRaMac.c:2242:13:LoRaMacHandleNvm	16	static
C:/D_DRIVE_BACKUP/workspace/stm32cubewl-v1-4-0/STM32Cube_FW_WL_V1.4.0/Middlewares/Third_Party/LoRaWAN/Mac/LoRaMac.c:4175:24:RestoreNvmData	16	static
C:/D_DRIVE_BACKUP/workspace/stm32cubewl-v1-4-0/STM32Cube_FW_WL_V1.4.0/Middlewares/Third_Party/LoRaWAN/Mac/LoRaMac.c:6175:13:AbpJoinPendingStart	16	static
C:/D_DRIVE_BACKUP/workspace/stm32cubewl-v1-4-0/STM32Cube_FW_WL_V1.4.0/Middlewares/Third_Party/LoRaWAN/Mac/LoRaMac.c:1002:13:OnRadioRxTimeout	8	static
C:/D_DRIVE_BACKUP/workspace/stm32cubewl-v1-4-0/STM32Cube_FW_WL_V1.4.0/Middlewares/Third_Party/LoRaWAN/Mac/LoRaMac.c:987:13:OnRadioTxTimeout	8	static
C:/D_DRIVE_BACKUP/workspace/stm32cubewl-v1-4-0/STM32Cube_FW_WL_V1.4.0/Middlewares/Third_Party/LoRaWAN/Mac/LoRaMac.c:970:13:OnRadioRxDone	24	static
C:/D_DRIVE_BACKUP/workspace/stm32cubewl-v1-4-0/STM32Cube_FW_WL_V1.4.0/Middlewares/Third_Party/LoRaWAN/Mac/LoRaMac.c:959:13:OnRadioTxDone	16	static
C:/D_DRIVE_BACKUP/workspace/stm32cubewl-v1-4-0/STM32Cube_FW_WL_V1.4.0/Middlewares/Third_Party/LoRaWAN/Mac/LoRaMac.c:3784:13:ResetMacParameters	88	static
C:/D_DRIVE_BACKUP/workspace/stm32cubewl-v1-4-0/STM32Cube_FW_WL_V1.4.0/Middlewares/Third_Party/LoRaWAN/Mac/LoRaMac.c:2590:24:SwitchClass	16	static
C:/D_DRIVE_BACKUP/workspace/stm32cubewl-v1-4-0/STM32Cube_FW_WL_V1.4.0/Middlewares/Third_Party/LoRaWAN/Mac/LoRaMac.c:3387:24:SendReJoinReq	24	static
C:/D_DRIVE_BACKUP/workspace/stm32cubewl-v1-4-0/STM32Cube_FW_WL_V1.4.0/Middlewares/Third_Party/LoRaWAN/Mac/LoRaMac.c:3956:24:PrepareFrame	40	static
C:/D_DRIVE_BACKUP/workspace/stm32cubewl-v1-4-0/STM32Cube_FW_WL_V1.4.0/Middlewares/Third_Party/LoRaWAN/Mac/LoRaMac.c:3295:24:Send	72	static
C:/D_DRIVE_BACKUP/workspace/stm32cubewl-v1-4-0/STM32Cube_FW_WL_V1.4.0/Middlewares/Third_Party/LoRaWAN/Mac/LoRaMac.c:1963:6:LoRaMacIsBusy	0	static
C:/D_DRIVE_BACKUP/workspace/stm32cubewl-v1-4-0/STM32Cube_FW_WL_V1.4.0/Middlewares/Third_Party/LoRaWAN/Mac/LoRaMac.c:1985:6:LoRaMacIsStopped	0	static
C:/D_DRIVE_BACKUP/workspace/stm32cubewl-v1-4-0/STM32Cube_FW_WL_V1.4.0/Middlewares/Third_Party/LoRaWAN/Mac/LoRaMac.c:2333:6:LoRaMacProcess	8	static
C:/D_DRIVE_BACKUP/workspace/stm32cubewl-v1-4-0/STM32Cube_FW_WL_V1.4.0/Middlewares/Third_Party/LoRaWAN/Mac/LoRaMac.c:4538:17:LoRaMacInitialization	80	static
C:/D_DRIVE_BACKUP/workspace/stm32cubewl-v1-4-0/STM32Cube_FW_WL_V1.4.0/Middlewares/Third_Party/LoRaWAN/Mac/LoRaMac.c:4764:17:LoRaMacStart	8	static
C:/D_DRIVE_BACKUP/workspace/stm32cubewl-v1-4-0/STM32Cube_FW_WL_V1.4.0/Middlewares/Third_Party/LoRaWAN/Mac/LoRaMac.c:4771:17:LoRaMacStop	8	static
C:/D_DRIVE_BACKUP/workspace/stm32cubewl-v1-4-0/STM32Cube_FW_WL_V1.4.0/Middlewares/Third_Party/LoRaWAN/Mac/LoRaMac.c:4789:17:LoRaMacHalt	16	static
C:/D_DRIVE_BACKUP/workspace/stm32cubewl-v1-4-0/STM32Cube_FW_WL_V1.4.0/Middlewares/Third_Party/LoRaWAN/Mac/LoRaMac.c:4821:17:LoRaMacQueryTxPossible	56	static
C:/D_DRIVE_BACKUP/workspace/stm32cubewl-v1-4-0/STM32Cube_FW_WL_V1.4.0/Middlewares/Third_Party/LoRaWAN/Mac/LoRaMac.c:4891:17:LoRaMacMibGetRequestConfirm	24	static
C:/D_DRIVE_BACKUP/workspace/stm32cubewl-v1-4-0/STM32Cube_FW_WL_V1.4.0/Middlewares/Third_Party/LoRaWAN/Mac/LoRaMac.c:5179:17:LoRaMacMibSetRequestConfirm	32	static
C:/D_DRIVE_BACKUP/workspace/stm32cubewl-v1-4-0/STM32Cube_FW_WL_V1.4.0/Middlewares/Third_Party/LoRaWAN/Mac/LoRaMac.c:5972:17:LoRaMacChannelAdd	32	static
C:/D_DRIVE_BACKUP/workspace/stm32cubewl-v1-4-0/STM32Cube_FW_WL_V1.4.0/Middlewares/Third_Party/LoRaWAN/Mac/LoRaMac.c:5990:17:LoRaMacChannelRemove	16	static
C:/D_DRIVE_BACKUP/workspace/stm32cubewl-v1-4-0/STM32Cube_FW_WL_V1.4.0/Middlewares/Third_Party/LoRaWAN/Mac/LoRaMac.c:6011:17:LoRaMacMcChannelSetup	16	static
C:/D_DRIVE_BACKUP/workspace/stm32cubewl-v1-4-0/STM32Cube_FW_WL_V1.4.0/Middlewares/Third_Party/LoRaWAN/Mac/LoRaMac.c:6055:17:LoRaMacMcChannelDelete	48	static
C:/D_DRIVE_BACKUP/workspace/stm32cubewl-v1-4-0/STM32Cube_FW_WL_V1.4.0/Middlewares/Third_Party/LoRaWAN/Mac/LoRaMac.c:6078:9:LoRaMacMcChannelGetGroupId	0	static
C:/D_DRIVE_BACKUP/workspace/stm32cubewl-v1-4-0/STM32Cube_FW_WL_V1.4.0/Middlewares/Third_Party/LoRaWAN/Mac/LoRaMac.c:6090:17:LoRaMacMcChannelSetupRxParams	32	static
C:/D_DRIVE_BACKUP/workspace/stm32cubewl-v1-4-0/STM32Cube_FW_WL_V1.4.0/Middlewares/Third_Party/LoRaWAN/Mac/LoRaMac.c:6193:17:LoRaMacProcessMicForDatablock	16	static
C:/D_DRIVE_BACKUP/workspace/stm32cubewl-v1-4-0/STM32Cube_FW_WL_V1.4.0/Middlewares/Third_Party/LoRaWAN/Mac/LoRaMac.c:6206:17:LoRaMacMlmeRequest	48	static
C:/D_DRIVE_BACKUP/workspace/stm32cubewl-v1-4-0/STM32Cube_FW_WL_V1.4.0/Middlewares/Third_Party/LoRaWAN/Mac/LoRaMac.c:6462:17:LoRaMacMcpsRequest	104	static
C:/D_DRIVE_BACKUP/workspace/stm32cubewl-v1-4-0/STM32Cube_FW_WL_V1.4.0/Middlewares/Third_Party/LoRaWAN/Mac/LoRaMac.c:6759:6:LoRaMacTestSetDutyCycleOn	16	static
C:/D_DRIVE_BACKUP/workspace/stm32cubewl-v1-4-0/STM32Cube_FW_WL_V1.4.0/Middlewares/Third_Party/LoRaWAN/Mac/LoRaMac.c:6773:17:LoRaMacDeInitialization	16	static
C:/D_DRIVE_BACKUP/workspace/stm32cubewl-v1-4-0/STM32Cube_FW_WL_V1.4.0/Middlewares/Third_Party/LoRaWAN/Mac/LoRaMac.c:6804:6:LoRaMacReset	8	static
