C:/D_DRIVE_BACKUP/workspace/stm32cubewl-v1-4-0/STM32Cube_FW_WL_V1.4.0/Middlewares/Third_Party/LoRaWAN/Crypto/cmac.c:58:6:AES_CMAC_Init	8	static
C:/D_DRIVE_BACKUP/workspace/stm32cubewl-v1-4-0/STM32Cube_FW_WL_V1.4.0/Middlewares/Third_Party/LoRaWAN/Crypto/cmac.c:65:6:AES_CMAC_SetKey	0	static
C:/D_DRIVE_BACKUP/workspace/stm32cubewl-v1-4-0/STM32Cube_FW_WL_V1.4.0/Middlewares/Third_Party/LoRaWAN/Crypto/cmac.c:70:6:AES_CMAC_Update	40	static
C:/D_DRIVE_BACKUP/workspace/stm32cubewl-v1-4-0/STM32Cube_FW_WL_V1.4.0/Middlewares/Third_Party/LoRaWAN/Crypto/cmac.c:108:6:AES_CMAC_Final	48	static
