C:/D_DRIVE_BACKUP/workspace/stm32cubewl-v1-4-0/STM32Cube_FW_WL_V1.4.0/Middlewares/Third_Party/LoRaWAN/Mac/Region/RegionEU868.c:101:20:GetTimeOnAir	40	static
C:/D_DRIVE_BACKUP/workspace/stm32cubewl-v1-4-0/STM32Cube_FW_WL_V1.4.0/Middlewares/Third_Party/LoRaWAN/Mac/Region/RegionEU868.c:61:13:VerifyRfFreq	16	static
C:/D_DRIVE_BACKUP/workspace/stm32cubewl-v1-4-0/STM32Cube_FW_WL_V1.4.0/Middlewares/Third_Party/LoRaWAN/Mac/Region/RegionEU868.c:119:12:RegionEU868GetPhyParam	24	static
C:/D_DRIVE_BACKUP/workspace/stm32cubewl-v1-4-0/STM32Cube_FW_WL_V1.4.0/Middlewares/Third_Party/LoRaWAN/Mac/Region/RegionEU868.c:336:6:RegionEU868SetBandTxDone	24	static
C:/D_DRIVE_BACKUP/workspace/stm32cubewl-v1-4-0/STM32Cube_FW_WL_V1.4.0/Middlewares/Third_Party/LoRaWAN/Mac/Region/RegionEU868.c:349:6:RegionEU868InitDefaults	160	static
C:/D_DRIVE_BACKUP/workspace/stm32cubewl-v1-4-0/STM32Cube_FW_WL_V1.4.0/Middlewares/Third_Party/LoRaWAN/Mac/Region/RegionEU868.c:421:6:RegionEU868Verify	16	static
C:/D_DRIVE_BACKUP/workspace/stm32cubewl-v1-4-0/STM32Cube_FW_WL_V1.4.0/Middlewares/Third_Party/LoRaWAN/Mac/Region/RegionEU868.c:522:6:RegionEU868ChanMaskSet	8	static
C:/D_DRIVE_BACKUP/workspace/stm32cubewl-v1-4-0/STM32Cube_FW_WL_V1.4.0/Middlewares/Third_Party/LoRaWAN/Mac/Region/RegionEU868.c:546:6:RegionEU868ComputeRxWindowParameters	32	static
C:/D_DRIVE_BACKUP/workspace/stm32cubewl-v1-4-0/STM32Cube_FW_WL_V1.4.0/Middlewares/Third_Party/LoRaWAN/Mac/Region/RegionEU868.c:568:6:RegionEU868RxConfig	80	static
C:/D_DRIVE_BACKUP/workspace/stm32cubewl-v1-4-0/STM32Cube_FW_WL_V1.4.0/Middlewares/Third_Party/LoRaWAN/Mac/Region/RegionEU868.c:630:6:RegionEU868TxConfig	88	static
C:/D_DRIVE_BACKUP/workspace/stm32cubewl-v1-4-0/STM32Cube_FW_WL_V1.4.0/Middlewares/Third_Party/LoRaWAN/Mac/Region/RegionEU868.c:674:9:RegionEU868LinkAdrReq	88	static
C:/D_DRIVE_BACKUP/workspace/stm32cubewl-v1-4-0/STM32Cube_FW_WL_V1.4.0/Middlewares/Third_Party/LoRaWAN/Mac/Region/RegionEU868.c:781:9:RegionEU868RxParamSetupReq	24	static
C:/D_DRIVE_BACKUP/workspace/stm32cubewl-v1-4-0/STM32Cube_FW_WL_V1.4.0/Middlewares/Third_Party/LoRaWAN/Mac/Region/RegionEU868.c:862:8:RegionEU868TxParamSetupReq	0	static
C:/D_DRIVE_BACKUP/workspace/stm32cubewl-v1-4-0/STM32Cube_FW_WL_V1.4.0/Middlewares/Third_Party/LoRaWAN/Mac/Region/RegionEU868.c:868:8:RegionEU868DlChannelReq	16	static
C:/D_DRIVE_BACKUP/workspace/stm32cubewl-v1-4-0/STM32Cube_FW_WL_V1.4.0/Middlewares/Third_Party/LoRaWAN/Mac/Region/RegionEU868.c:902:8:RegionEU868AlternateDr	0	static
C:/D_DRIVE_BACKUP/workspace/stm32cubewl-v1-4-0/STM32Cube_FW_WL_V1.4.0/Middlewares/Third_Party/LoRaWAN/Mac/Region/RegionEU868.c:911:17:RegionEU868NextChannel	120	static
C:/D_DRIVE_BACKUP/workspace/stm32cubewl-v1-4-0/STM32Cube_FW_WL_V1.4.0/Middlewares/Third_Party/LoRaWAN/Mac/Region/RegionEU868.c:970:17:RegionEU868ChannelAdd	32	static
C:/D_DRIVE_BACKUP/workspace/stm32cubewl-v1-4-0/STM32Cube_FW_WL_V1.4.0/Middlewares/Third_Party/LoRaWAN/Mac/Region/RegionEU868.c:1034:6:RegionEU868ChannelsRemove	4	static
C:/D_DRIVE_BACKUP/workspace/stm32cubewl-v1-4-0/STM32Cube_FW_WL_V1.4.0/Middlewares/Third_Party/LoRaWAN/Mac/Region/RegionEU868.c:461:6:RegionEU868ApplyCFList	48	static
C:/D_DRIVE_BACKUP/workspace/stm32cubewl-v1-4-0/STM32Cube_FW_WL_V1.4.0/Middlewares/Third_Party/LoRaWAN/Mac/Region/RegionEU868.c:809:8:RegionEU868NewChannelReq	24	static
C:/D_DRIVE_BACKUP/workspace/stm32cubewl-v1-4-0/STM32Cube_FW_WL_V1.4.0/Middlewares/Third_Party/LoRaWAN/Mac/Region/RegionEU868.c:1069:9:RegionEU868ApplyDrOffset	0	static
C:/D_DRIVE_BACKUP/workspace/stm32cubewl-v1-4-0/STM32Cube_FW_WL_V1.4.0/Middlewares/Third_Party/LoRaWAN/Mac/Region/RegionEU868.c:1084:6:RegionEU868RxBeaconSetup	32	static
