C:/D_DRIVE_BACKUP/workspace/stm32cubewl-v1-4-0/STM32Cube_FW_WL_V1.4.0/Middlewares/Third_Party/LoRaWAN/Mac/Region/RegionCommon.c:306:6:RegionCommonChanVerifyDr	20	static
C:/D_DRIVE_BACKUP/workspace/stm32cubewl-v1-4-0/STM32Cube_FW_WL_V1.4.0/Middlewares/Third_Party/LoRaWAN/Mac/Region/RegionCommon.c:331:9:RegionCommonValueInRange	0	static
C:/D_DRIVE_BACKUP/workspace/stm32cubewl-v1-4-0/STM32Cube_FW_WL_V1.4.0/Middlewares/Third_Party/LoRaWAN/Mac/Region/RegionCommon.c:340:6:RegionCommonChanDisable	8	static
C:/D_DRIVE_BACKUP/workspace/stm32cubewl-v1-4-0/STM32Cube_FW_WL_V1.4.0/Middlewares/Third_Party/LoRaWAN/Mac/Region/RegionCommon.c:355:9:RegionCommonCountChannels	20	static
C:/D_DRIVE_BACKUP/workspace/stm32cubewl-v1-4-0/STM32Cube_FW_WL_V1.4.0/Middlewares/Third_Party/LoRaWAN/Mac/Region/RegionCommon.c:372:6:RegionCommonChanMaskCopy	8	static
C:/D_DRIVE_BACKUP/workspace/stm32cubewl-v1-4-0/STM32Cube_FW_WL_V1.4.0/Middlewares/Third_Party/LoRaWAN/Mac/Region/RegionCommon.c:383:6:RegionCommonSetBandTxDone	0	static
C:/D_DRIVE_BACKUP/workspace/stm32cubewl-v1-4-0/STM32Cube_FW_WL_V1.4.0/Middlewares/Third_Party/LoRaWAN/Mac/Region/RegionCommon.c:401:13:RegionCommonUpdateBandTimeOff	48	static
C:/D_DRIVE_BACKUP/workspace/stm32cubewl-v1-4-0/STM32Cube_FW_WL_V1.4.0/Middlewares/Third_Party/LoRaWAN/Mac/Region/RegionCommon.c:517:9:RegionCommonParseLinkAdrReq	0	static
C:/D_DRIVE_BACKUP/workspace/stm32cubewl-v1-4-0/STM32Cube_FW_WL_V1.4.0/Middlewares/Third_Party/LoRaWAN/Mac/Region/RegionCommon.c:541:9:RegionCommonLinkAdrReqVerifyParams	40	static
C:/D_DRIVE_BACKUP/workspace/stm32cubewl-v1-4-0/STM32Cube_FW_WL_V1.4.0/Middlewares/Third_Party/LoRaWAN/Mac/Region/RegionCommon.c:606:10:RegionCommonComputeSymbolTimeLoRa	0	static
C:/D_DRIVE_BACKUP/workspace/stm32cubewl-v1-4-0/STM32Cube_FW_WL_V1.4.0/Middlewares/Third_Party/LoRaWAN/Mac/Region/RegionCommon.c:611:10:RegionCommonComputeSymbolTimeFsk	0	static
C:/D_DRIVE_BACKUP/workspace/stm32cubewl-v1-4-0/STM32Cube_FW_WL_V1.4.0/Middlewares/Third_Party/LoRaWAN/Mac/Region/RegionCommon.c:616:6:RegionCommonComputeRxWindowParameters	12	static
C:/D_DRIVE_BACKUP/workspace/stm32cubewl-v1-4-0/STM32Cube_FW_WL_V1.4.0/Middlewares/Third_Party/LoRaWAN/Mac/Region/RegionCommon.c:624:8:RegionCommonComputeTxPower	16	static
C:/D_DRIVE_BACKUP/workspace/stm32cubewl-v1-4-0/STM32Cube_FW_WL_V1.4.0/Middlewares/Third_Party/LoRaWAN/Mac/Region/RegionCommon.c:633:6:RegionCommonRxBeaconSetup	64	static
C:/D_DRIVE_BACKUP/workspace/stm32cubewl-v1-4-0/STM32Cube_FW_WL_V1.4.0/Middlewares/Third_Party/LoRaWAN/Mac/Region/RegionCommon.c:662:6:RegionCommonCountNbOfEnabledChannels	48	static
C:/D_DRIVE_BACKUP/workspace/stm32cubewl-v1-4-0/STM32Cube_FW_WL_V1.4.0/Middlewares/Third_Party/LoRaWAN/Mac/Region/RegionCommon.c:705:17:RegionCommonIdentifyChannels	48	static
C:/D_DRIVE_BACKUP/workspace/stm32cubewl-v1-4-0/STM32Cube_FW_WL_V1.4.0/Middlewares/Third_Party/LoRaWAN/Mac/Region/RegionCommon.c:749:8:RegionCommonGetNextLowerTxDr	24	static
C:/D_DRIVE_BACKUP/workspace/stm32cubewl-v1-4-0/STM32Cube_FW_WL_V1.4.0/Middlewares/Third_Party/LoRaWAN/Mac/Region/RegionCommon.c:769:8:RegionCommonLimitTxPower	0	static
C:/D_DRIVE_BACKUP/workspace/stm32cubewl-v1-4-0/STM32Cube_FW_WL_V1.4.0/Middlewares/Third_Party/LoRaWAN/Mac/Region/RegionCommon.c:775:10:RegionCommonGetBandwidth	0	static
C:/D_DRIVE_BACKUP/workspace/stm32cubewl-v1-4-0/STM32Cube_FW_WL_V1.4.0/Middlewares/Third_Party/LoRaWAN/Mac/Region/RegionCommon.c:789:6:RegionCommonRxConfigPrint	24	static
C:/D_DRIVE_BACKUP/workspace/stm32cubewl-v1-4-0/STM32Cube_FW_WL_V1.4.0/Middlewares/Third_Party/LoRaWAN/Mac/Region/RegionCommon.c:801:6:RegionCommonTxConfigPrint	16	static
