../../../../../../../Drivers/CMSIS/Include/core_cm4.h:1648:22:__NVIC_SetPriorityGrouping	24	static
../../../../../../../Drivers/CMSIS/Include/core_cm4.h:1667:26:__NVIC_GetPriorityGrouping	4	static
../../../../../../../Drivers/CMSIS/Include/core_cm4.h:1679:22:__NVIC_EnableIRQ	16	static,ignoring_inline_asm
../../../../../../../Drivers/CMSIS/Include/core_cm4.h:1809:22:__NVIC_SetPriority	16	static
../../../../../../../Drivers/CMSIS/Include/core_cm4.h:1856:26:NVIC_EncodePriority	40	static
../../../../../../../Drivers/STM32WLxx_HAL_Driver/Inc/stm32wlxx_ll_rcc.h:1427:22:LL_RCC_MSI_Enable	4	static
../../../../../../../Drivers/STM32WLxx_HAL_Driver/Inc/stm32wlxx_ll_rcc.h:1447:26:LL_RCC_MSI_IsReady	4	static
../../../../../../../Drivers/STM32WLxx_HAL_Driver/Inc/stm32wlxx_ll_rcc.h:1486:22:LL_RCC_MSI_EnableRangeSelection	4	static
../../../../../../../Drivers/STM32WLxx_HAL_Driver/Inc/stm32wlxx_ll_rcc.h:1519:22:LL_RCC_MSI_SetRange	16	static
../../../../../../../Drivers/STM32WLxx_HAL_Driver/Inc/stm32wlxx_ll_rcc.h:1594:22:LL_RCC_MSI_SetCalibTrimming	16	static
../../../../../../../Drivers/STM32WLxx_HAL_Driver/Inc/stm32wlxx_ll_rcc.h:1730:22:LL_RCC_SetSysClkSource	16	static
../../../../../../../Drivers/STM32WLxx_HAL_Driver/Inc/stm32wlxx_ll_rcc.h:1744:26:LL_RCC_GetSysClkSource	4	static
../../../../../../../Drivers/STM32WLxx_HAL_Driver/Inc/stm32wlxx_ll_rcc.h:1770:22:LL_RCC_SetAHBPrescaler	16	static
../../../../../../../Drivers/STM32WLxx_HAL_Driver/Inc/stm32wlxx_ll_rcc.h:1822:22:LL_RCC_SetAHB3Prescaler	16	static
../../../../../../../Drivers/STM32WLxx_HAL_Driver/Inc/stm32wlxx_ll_rcc.h:1838:22:LL_RCC_SetAPB1Prescaler	16	static
../../../../../../../Drivers/STM32WLxx_HAL_Driver/Inc/stm32wlxx_ll_rcc.h:1854:22:LL_RCC_SetAPB2Prescaler	16	static
../../../../../../../Drivers/STM32WLxx_HAL_Driver/Inc/stm32wlxx_ll_bus.h:449:22:LL_AHB2_GRP1_EnableClock	24	static
../../../../../../../Drivers/STM32WLxx_HAL_Driver/Inc/stm32wlxx_ll_bus.h:914:22:LL_APB1_GRP1_EnableClock	24	static
../../../../../../../Drivers/STM32WLxx_HAL_Driver/Inc/stm32wlxx_ll_system.h:552:22:LL_SYSCFG_SetEXTISource	32	static,ignoring_inline_asm
../../../../../../../Drivers/STM32WLxx_HAL_Driver/Inc/stm32wlxx_ll_system.h:1583:22:LL_FLASH_SetLatency	16	static
../../../../../../../Drivers/STM32WLxx_HAL_Driver/Inc/stm32wlxx_ll_system.h:1596:26:LL_FLASH_GetLatency	4	static
../../../../../../../Drivers/STM32WLxx_HAL_Driver/Inc/stm32wlxx_ll_pwr.h:379:22:LL_PWR_SetRegulVoltageScaling	16	static
../../../../../../../Drivers/STM32WLxx_HAL_Driver/Inc/stm32wlxx_ll_tim.h:1432:22:LL_TIM_EnableCounter	16	static
../../../../../../../Drivers/STM32WLxx_HAL_Driver/Inc/stm32wlxx_ll_tim.h:1612:22:LL_TIM_EnableARRPreload	16	static
../../../../../../../Drivers/STM32WLxx_HAL_Driver/Inc/stm32wlxx_ll_tim.h:1698:26:LL_TIM_GetCounter	16	static
../../../../../../../Drivers/STM32WLxx_HAL_Driver/Inc/stm32wlxx_ll_tim.h:1767:26:LL_TIM_GetAutoReload	16	static
../../../../../../../Drivers/STM32WLxx_HAL_Driver/Inc/stm32wlxx_ll_tim.h:1967:22:LL_TIM_CC_EnableChannel	16	static
../../../../../../../Drivers/STM32WLxx_HAL_Driver/Inc/stm32wlxx_ll_tim.h:2340:22:LL_TIM_OC_DisableFast	24	static
../../../../../../../Drivers/STM32WLxx_HAL_Driver/Inc/stm32wlxx_ll_tim.h:2392:22:LL_TIM_OC_EnablePreload	24	static
../../../../../../../Drivers/STM32WLxx_HAL_Driver/Inc/stm32wlxx_ll_tim.h:2563:22:LL_TIM_OC_SetCompareCH1	16	static
../../../../../../../Drivers/STM32WLxx_HAL_Driver/Inc/stm32wlxx_ll_tim.h:2658:26:LL_TIM_OC_GetCompareCH1	16	static
../../../../../../../Drivers/STM32WLxx_HAL_Driver/Inc/stm32wlxx_ll_tim.h:3257:22:LL_TIM_SetTriggerOutput	16	static
../../../../../../../Drivers/STM32WLxx_HAL_Driver/Inc/stm32wlxx_ll_tim.h:3354:22:LL_TIM_DisableMasterSlaveMode	16	static
../../../../../../../Drivers/STM32WLxx_HAL_Driver/Inc/stm32wlxx_ll_tim.h:4362:22:LL_TIM_EnableIT_CC1	16	static
../../../../../../../Drivers/STM32WLxx_HAL_Driver/Inc/stm32wlxx_ll_tim.h:4838:22:LL_TIM_GenerateEvent_UPDATE	16	static
../../../../../../../Drivers/STM32WLxx_HAL_Driver/Inc/stm32wlxx_ll_gpio.h:278:22:LL_GPIO_SetPinMode	48	static,ignoring_inline_asm
../../../../../../../Drivers/STM32WLxx_HAL_Driver/Inc/stm32wlxx_ll_gpio.h:509:22:LL_GPIO_SetPinPull	48	static,ignoring_inline_asm
C:/D_DRIVE_BACKUP/workspace/stm32cubewl-v1-4-0/STM32Cube_FW_WL_V1.4.0/Projects/NUCLEO-WL55JC/Examples_LL/TIM/TIM_PWMOutput_Init/Src/main.c:98:5:main	8	static
C:/D_DRIVE_BACKUP/workspace/stm32cubewl-v1-4-0/STM32Cube_FW_WL_V1.4.0/Projects/NUCLEO-WL55JC/Examples_LL/TIM/TIM_PWMOutput_Init/Src/main.c:168:6:SystemClock_Config	8	static
C:/D_DRIVE_BACKUP/workspace/stm32cubewl-v1-4-0/STM32Cube_FW_WL_V1.4.0/Projects/NUCLEO-WL55JC/Examples_LL/TIM/TIM_PWMOutput_Init/Src/main.c:209:13:MX_TIM2_Init	88	static
C:/D_DRIVE_BACKUP/workspace/stm32cubewl-v1-4-0/STM32Cube_FW_WL_V1.4.0/Projects/NUCLEO-WL55JC/Examples_LL/TIM/TIM_PWMOutput_Init/Src/main.c:269:13:MX_GPIO_Init	24	static
C:/D_DRIVE_BACKUP/workspace/stm32cubewl-v1-4-0/STM32Cube_FW_WL_V1.4.0/Projects/NUCLEO-WL55JC/Examples_LL/TIM/TIM_PWMOutput_Init/Src/main.c:314:22:Configure_DutyCycle	24	static
C:/D_DRIVE_BACKUP/workspace/stm32cubewl-v1-4-0/STM32Cube_FW_WL_V1.4.0/Projects/NUCLEO-WL55JC/Examples_LL/TIM/TIM_PWMOutput_Init/Src/main.c:337:6:UserButton_Callback	8	static
C:/D_DRIVE_BACKUP/workspace/stm32cubewl-v1-4-0/STM32Cube_FW_WL_V1.4.0/Projects/NUCLEO-WL55JC/Examples_LL/TIM/TIM_PWMOutput_Init/Src/main.c:351:6:TimerCaptureCompare_Callback	16	static
C:/D_DRIVE_BACKUP/workspace/stm32cubewl-v1-4-0/STM32Cube_FW_WL_V1.4.0/Projects/NUCLEO-WL55JC/Examples_LL/TIM/TIM_PWMOutput_Init/Src/main.c:372:6:Error_Handler	4	static
