C:/D_DRIVE_BACKUP/workspace/stm32cubewl-v1-4-0/STM32Cube_FW_WL_V1.4.0/Drivers/BSP/STM32WLxx_Nucleo/stm32wlxx_nucleo_radio.c:46:9:BSP_RADIO_Init	48	static
C:/D_DRIVE_BACKUP/workspace/stm32cubewl-v1-4-0/STM32Cube_FW_WL_V1.4.0/Drivers/BSP/STM32WLxx_Nucleo/stm32wlxx_nucleo_radio.c:78:9:BSP_RADIO_DeInit	16	static
C:/D_DRIVE_BACKUP/workspace/stm32cubewl-v1-4-0/STM32Cube_FW_WL_V1.4.0/Drivers/BSP/STM32WLxx_Nucleo/stm32wlxx_nucleo_radio.c:105:9:BSP_RADIO_ConfigRFSwitch	8	static
C:/D_DRIVE_BACKUP/workspace/stm32cubewl-v1-4-0/STM32Cube_FW_WL_V1.4.0/Drivers/BSP/STM32WLxx_Nucleo/stm32wlxx_nucleo_radio.c:155:9:BSP_RADIO_GetTxConfig	0	static
C:/D_DRIVE_BACKUP/workspace/stm32cubewl-v1-4-0/STM32Cube_FW_WL_V1.4.0/Drivers/BSP/STM32WLxx_Nucleo/stm32wlxx_nucleo_radio.c:167:9:BSP_RADIO_IsTCXO	0	static
C:/D_DRIVE_BACKUP/workspace/stm32cubewl-v1-4-0/STM32Cube_FW_WL_V1.4.0/Drivers/BSP/STM32WLxx_Nucleo/stm32wlxx_nucleo_radio.c:179:9:BSP_RADIO_IsDCDC	0	static
C:/D_DRIVE_BACKUP/workspace/stm32cubewl-v1-4-0/STM32Cube_FW_WL_V1.4.0/Drivers/BSP/STM32WLxx_Nucleo/stm32wlxx_nucleo_radio.c:190:9:BSP_RADIO_GetRFOMaxPowerConfig	0	static
