Archive member included to satisfy reference by file (symbol)

C:/ST/STM32CubeIDE_2.0.0/STM32CubeIDE/plugins/com.st.stm32cube.ide.mcu.externaltools.gnu-tools-for-stm32.13.3.rel1.win32_1.0.100.202509120712/tools/bin/../lib/gcc/arm-none-eabi/13.3.1/../../../../arm-none-eabi/lib/thumb/v7e-m/nofp\libc_nano.a(libc_a-exit.o)
                              C:/ST/STM32CubeIDE_2.0.0/STM32CubeIDE/plugins/com.st.stm32cube.ide.mcu.externaltools.gnu-tools-for-stm32.13.3.rel1.win32_1.0.100.202509120712/tools/bin/../lib/gcc/arm-none-eabi/13.3.1/../../../../arm-none-eabi/lib/thumb/v7e-m/nofp/crt0.o (exit)
C:/ST/STM32CubeIDE_2.0.0/STM32CubeIDE/plugins/com.st.stm32cube.ide.mcu.externaltools.gnu-tools-for-stm32.13.3.rel1.win32_1.0.100.202509120712/tools/bin/../lib/gcc/arm-none-eabi/13.3.1/../../../../arm-none-eabi/lib/thumb/v7e-m/nofp\libc_nano.a(libc_a-findfp.o)
                              C:/ST/STM32CubeIDE_2.0.0/STM32CubeIDE/plugins/com.st.stm32cube.ide.mcu.externaltools.gnu-tools-for-stm32.13.3.rel1.win32_1.0.100.202509120712/tools/bin/../lib/gcc/arm-none-eabi/13.3.1/../../../../arm-none-eabi/lib/thumb/v7e-m/nofp\libc_nano.a(libc_a-exit.o) (__stdio_exit_handler)
C:/ST/STM32CubeIDE_2.0.0/STM32CubeIDE/plugins/com.st.stm32cube.ide.mcu.externaltools.gnu-tools-for-stm32.13.3.rel1.win32_1.0.100.202509120712/tools/bin/../lib/gcc/arm-none-eabi/13.3.1/../../../../arm-none-eabi/lib/thumb/v7e-m/nofp\libc_nano.a(libc_a-fwalk.o)
                              C:/ST/STM32CubeIDE_2.0.0/STM32CubeIDE/plugins/com.st.stm32cube.ide.mcu.externaltools.gnu-tools-for-stm32.13.3.rel1.win32_1.0.100.202509120712/tools/bin/../lib/gcc/arm-none-eabi/13.3.1/../../../../arm-none-eabi/lib/thumb/v7e-m/nofp\libc_nano.a(libc_a-findfp.o) (_fwalk_sglue)
C:/ST/STM32CubeIDE_2.0.0/STM32CubeIDE/plugins/com.st.stm32cube.ide.mcu.externaltools.gnu-tools-for-stm32.13.3.rel1.win32_1.0.100.202509120712/tools/bin/../lib/gcc/arm-none-eabi/13.3.1/../../../../arm-none-eabi/lib/thumb/v7e-m/nofp\libc_nano.a(libc_a-stdio.o)
                              C:/ST/STM32CubeIDE_2.0.0/STM32CubeIDE/plugins/com.st.stm32cube.ide.mcu.externaltools.gnu-tools-for-stm32.13.3.rel1.win32_1.0.100.202509120712/tools/bin/../lib/gcc/arm-none-eabi/13.3.1/../../../../arm-none-eabi/lib/thumb/v7e-m/nofp\libc_nano.a(libc_a-findfp.o) (__sread)
C:/ST/STM32CubeIDE_2.0.0/STM32CubeIDE/plugins/com.st.stm32cube.ide.mcu.externaltools.gnu-tools-for-stm32.13.3.rel1.win32_1.0.100.202509120712/tools/bin/../lib/gcc/arm-none-eabi/13.3.1/../../../../arm-none-eabi/lib/thumb/v7e-m/nofp\libc_nano.a(libc_a-memset.o)
                              C:/ST/STM32CubeIDE_2.0.0/STM32CubeIDE/plugins/com.st.stm32cube.ide.mcu.externaltools.gnu-tools-for-stm32.13.3.rel1.win32_1.0.100.202509120712/tools/bin/../lib/gcc/arm-none-eabi/13.3.1/../../../../arm-none-eabi/lib/thumb/v7e-m/nofp/crt0.o (memset)
C:/ST/STM32CubeIDE_2.0.0/STM32CubeIDE/plugins/com.st.stm32cube.ide.mcu.externaltools.gnu-tools-for-stm32.13.3.rel1.win32_1.0.100.202509120712/tools/bin/../lib/gcc/arm-none-eabi/13.3.1/../../../../arm-none-eabi/lib/thumb/v7e-m/nofp\libc_nano.a(libc_a-closer.o)
                              C:/ST/STM32CubeIDE_2.0.0/STM32CubeIDE/plugins/com.st.stm32cube.ide.mcu.externaltools.gnu-tools-for-stm32.13.3.rel1.win32_1.0.100.202509120712/tools/bin/../lib/gcc/arm-none-eabi/13.3.1/../../../../arm-none-eabi/lib/thumb/v7e-m/nofp\libc_nano.a(libc_a-stdio.o) (_close_r)
C:/ST/STM32CubeIDE_2.0.0/STM32CubeIDE/plugins/com.st.stm32cube.ide.mcu.externaltools.gnu-tools-for-stm32.13.3.rel1.win32_1.0.100.202509120712/tools/bin/../lib/gcc/arm-none-eabi/13.3.1/../../../../arm-none-eabi/lib/thumb/v7e-m/nofp\libc_nano.a(libc_a-reent.o)
                              C:/ST/STM32CubeIDE_2.0.0/STM32CubeIDE/plugins/com.st.stm32cube.ide.mcu.externaltools.gnu-tools-for-stm32.13.3.rel1.win32_1.0.100.202509120712/tools/bin/../lib/gcc/arm-none-eabi/13.3.1/../../../../arm-none-eabi/lib/thumb/v7e-m/nofp\libc_nano.a(libc_a-closer.o) (errno)
C:/ST/STM32CubeIDE_2.0.0/STM32CubeIDE/plugins/com.st.stm32cube.ide.mcu.externaltools.gnu-tools-for-stm32.13.3.rel1.win32_1.0.100.202509120712/tools/bin/../lib/gcc/arm-none-eabi/13.3.1/../../../../arm-none-eabi/lib/thumb/v7e-m/nofp\libc_nano.a(libc_a-impure.o)
                              C:/ST/STM32CubeIDE_2.0.0/STM32CubeIDE/plugins/com.st.stm32cube.ide.mcu.externaltools.gnu-tools-for-stm32.13.3.rel1.win32_1.0.100.202509120712/tools/bin/../lib/gcc/arm-none-eabi/13.3.1/../../../../arm-none-eabi/lib/thumb/v7e-m/nofp\libc_nano.a(libc_a-reent.o) (_impure_ptr)
C:/ST/STM32CubeIDE_2.0.0/STM32CubeIDE/plugins/com.st.stm32cube.ide.mcu.externaltools.gnu-tools-for-stm32.13.3.rel1.win32_1.0.100.202509120712/tools/bin/../lib/gcc/arm-none-eabi/13.3.1/../../../../arm-none-eabi/lib/thumb/v7e-m/nofp\libc_nano.a(libc_a-lseekr.o)
[...]
Memory Configuration

Name             Origin             Length             Attributes
ROM              0x08000000         0x00040000         xr
RAM1             0x20000000         0x00008000         xrw
RAM2             0x20008000         0x00008000         xrw
*default*        0x00000000         0xffffffff

Linker script and memory map

LOAD C:/ST/STM32CubeIDE_2.0.0/STM32CubeIDE/plugins/com.st.stm32cube.ide.mcu.externaltools.gnu-tools-for-stm32.13.3.rel1.win32_1.0.100.202509120712/tools/bin/../lib/gcc/arm-none-eabi/13.3.1/thumb/v7e-m/nofp/crti.o
LOAD C:/ST/STM32CubeIDE_2.0.0/STM32CubeIDE/plugins/com.st.stm32cube.ide.mcu.externaltools.gnu-tools-for-stm32.13.3.rel1.win32_1.0.100.202509120712/tools/bin/../lib/gcc/arm-none-eabi/13.3.1/thumb/v7e-m/nofp/crtbegin.o
LOAD C:/ST/STM32CubeIDE_2.0.0/STM32CubeIDE/plugins/com.st.stm32cube.ide.mcu.externaltools.gnu-tools-for-stm32.13.3.rel1.win32_1.0.100.202509120712/tools/bin/../lib/gcc/arm-none-eabi/13.3.1/../../../../arm-none-eabi/lib/thumb/v7e-m/nofp/crt0.o
LOAD ./Application/Startup/startup_stm32wl55jcix.o
LOAD ./Application/User/main.o
LOAD ./Application/User/stm32wlxx_it.o
LOAD ./Application/User/syscalls.o
LOAD ./Application/User/sysmem.o
LOAD ./Drivers/CMSIS/system_stm32wlxx.o
LOAD ./Drivers/STM32WLxx_HAL_Driver/stm32wlxx_ll_dma.o
LOAD ./Drivers/STM32WLxx_HAL_Driver/stm32wlxx_ll_exti.o
LOAD ./Drivers/STM32WLxx_HAL_Driver/stm32wlxx_ll_gpio.o
LOAD ./Drivers/STM32WLxx_HAL_Driver/stm32wlxx_ll_pwr.o
LOAD ./Drivers/STM32WLxx_HAL_Driver/stm32wlxx_ll_rcc.o
LOAD ./Drivers/STM32WLxx_HAL_Driver/stm32wlxx_ll_tim.o
LOAD ./Drivers/STM32WLxx_HAL_Driver/stm32wlxx_ll_utils.o
START GROUP
LOAD C:/ST/STM32CubeIDE_2.0.0/STM32CubeIDE/plugins/com.st.stm32cube.ide.mcu.externaltools.gnu-tools-for-stm32.13.3.rel1.win32_1.0.100.202509120712/tools/bin/../lib/gcc/arm-none-eabi/13.3.1/../../../../arm-none-eabi/lib/thumb/v7e-m/nofp\libc_nano.a
LOAD C:/ST/STM32CubeIDE_2.0.0/STM32CubeIDE/plugins/com.st.stm32cube.ide.mcu.externaltools.gnu-tools-for-stm32.13.3.rel1.win32_1.0.100.202509120712/tools/bin/../lib/gcc/arm-none-eabi/13.3.1/../../../../arm-none-eabi/lib/thumb/v7e-m/nofp\libm.a
END GROUP
START GROUP
LOAD C:/ST/STM32CubeIDE_2.0.0/STM32CubeIDE/plugins/com.st.stm32cube.ide.mcu.externaltools.gnu-tools-for-stm32.13.3.rel1.win32_1.0.100.202509120712/tools/bin/../lib/gcc/arm-none-eabi/13.3.1/thumb/v7e-m/nofp\libgcc.a
LOAD C:/ST/STM32CubeIDE_2.0.0/STM32CubeIDE/plugins/com.st.stm32cube.ide.mcu.externaltools.gnu-tools-for-stm32.13.3.rel1.win32_1.0.100.202509120712/tools/bin/../lib/gcc/arm-none-eabi/13.3.1/../../../../arm-none-eabi/lib/thumb/v7e-m/nofp\libc_nano.a
END GROUP
START GROUP
LOAD C:/ST/STM32CubeIDE_2.0.0/STM32CubeIDE/plugins/com.st.stm32cube.ide.mcu.externaltools.gnu-tools-for-stm32.13.3.rel1.win32_1.0.100.202509120712/tools/bin/../lib/gcc/arm-none-eabi/13.3.1/thumb/v7e-m/nofp\libgcc.a
LOAD C:/ST/STM32CubeIDE_2.0.0/STM32CubeIDE/plugins/com.st.stm32cube.ide.mcu.externaltools.gnu-tools-for-stm32.13.3.rel1.win32_1.0.100.202509120712/tools/bin/../lib/gcc/arm-none-eabi/13.3.1/../../../../arm-none-eabi/lib/thumb/v7e-m/nofp\libc_nano.a
LOAD C:/ST/STM32CubeIDE_2.0.0/STM32CubeIDE/plugins/com.st.stm32cube.ide.mcu.externaltools.gnu-tools-for-stm32.13.3.rel1.win32_1.0.100.202509120712/tools/bin/../lib/gcc/arm-none-eabi/13.3.1/../../../../arm-none-eabi/lib/thumb/v7e-m/nofp\libnosys.a
END GROUP
START GROUP
LOAD C:/ST/STM32CubeIDE_2.0.0/STM32CubeIDE/plugins/com.st.stm32cube.ide.mcu.externaltools.gnu-tools-for-stm32.13.3.rel1.win32_1.0.100.202509120712/tools/bin/../lib/gcc/arm-none-eabi/13.3.1/thumb/v7e-m/nofp\libgcc.a
LOAD C:/ST/STM32CubeIDE_2.0.0/STM32CubeIDE/plugins/com.st.stm32cube.ide.mcu.externaltools.gnu-tools-for-stm32.13.3.rel1.win32_1.0.100.202509120712/tools/bin/../lib/gcc/arm-none-eabi/13.3.1/../../../../arm-none-eabi/lib/thumb/v7e-m/nofp\libc_nano.a
LOAD C:/ST/STM32CubeIDE_2.0.0/STM32CubeIDE/plugins/com.st.stm32cube.ide.mcu.externaltools.gnu-tools-for-stm32.13.3.rel1.win32_1.0.100.202509120712/tools/bin/../lib/gcc/arm-none-eabi/13.3.1/../../../../arm-none-eabi/lib/thumb/v7e-m/nofp\libnosys.a
END GROUP
LOAD C:/ST/STM32CubeIDE_2.0.0/STM32CubeIDE/plugins/com.st.stm32cube.ide.mcu.externaltools.gnu-tools-for-stm32.13.3.rel1.win32_1.0.100.202509120712/tools/bin/../lib/gcc/arm-none-eabi/13.3.1/thumb/v7e-m/nofp/crtend.o
LOAD C:/ST/STM32CubeIDE_2.0.0/STM32CubeIDE/plugins/com.st.stm32cube.ide.mcu.externaltools.gnu-tools-for-stm32.13.3.rel1.win32_1.0.100.202509120712/tools/bin/../lib/gcc/arm-none-eabi/13.3.1/thumb/v7e-m/nofp/crtn.o
                0x20008000                        _estack = (ORIGIN (RAM1) + LENGTH (RAM1))
                0x00000200                        _Min_Heap_Size = 0x200
                0x00000400                        _Min_Stack_Size = 0x400

.isr_vector     0x08000000      0x138
                0x08000000                        . = ALIGN (0x8)
 *(.isr_vector)
 .isr_vector    0x08000000      0x138 ./Application/Startup/startup_stm32wl55jcix.o
                0x08000000                g_pfnVectors
                0x08000138                        . = ALIGN (0x8)

.text           0x08000138     0x1cc8
                0x08000138                        . = ALIGN (0x8)
 *(.text)
 .text          0x08000138       0x40 C:/ST/STM32CubeIDE_2.0.0/STM32CubeIDE/plugins/com.st.stm32cube.ide.mcu.externaltools.gnu-tools-for-stm32.13.3.rel1.win32_1.0.100.202509120712/tools/bin/../lib/gcc/arm-none-eabi/13.3.1/thumb/v7e-m/nofp/crtbegin.o
 *(.text*)
 .text.Reset_Handler
                0x08000178       0x50 ./Application/Startup/startup_stm32wl55jcix.o
                0x08000178                Reset_Handler
 .text.Default_Handler
                0x080001c8        0x2 ./Application/Startup/startup_stm32wl55jcix.o
                0x080001c8                RTC_Alarm_IRQHandler
                0x080001c8                EXTI2_IRQHandler
                0x080001c8                TIM1_CC_IRQHandler
                0x080001c8                EXTI3_IRQHandler
                0x080001c8                LPTIM2_IRQHandler
                0x080001c8                I2C3_ER_IRQHandler
                0x080001c8                LPTIM3_IRQHandler
                0x080001c8                I2C2_EV_IRQHandler
                0x080001c8                TAMP_STAMP_LSECSS_SSRU_IRQHandler
                0x080001c8                SPI1_IRQHandler
                0x080001c8                DMA2_Channel2_IRQHandler
                0x080001c8                DMA1_Channel4_IRQHandler
                0x080001c8                PKA_IRQHandler
                0x080001c8                TIM17_IRQHandler
                0x080001c8                DMA1_Channel7_IRQHandler
                0x080001c8                SUBGHZSPI_IRQHandler
                0x080001c8                IPCC_C1_TX_IRQHandler
                0x080001c8                DMA2_Channel1_IRQHandler
                0x080001c8                I2C1_EV_IRQHandler
                0x080001c8                SUBGHZ_Radio_IRQHandler
                0x080001c8                DMAMUX1_OVR_IRQHandler
                0x080001c8                DMA1_Channel6_IRQHandler
                0x080001c8                TIM16_IRQHandler
                0x080001c8                DMA2_Channel4_IRQHandler
                0x080001c8                RCC_IRQHandler
                0x080001c8                TIM1_TRG_COM_IRQHandler
                0x080001c8                DMA1_Channel1_IRQHandler
                0x080001c8                Default_Handler
                0x080001c8                DMA2_Channel7_IRQHandler
                0x080001c8                EXTI15_10_IRQHandler
                0x080001c8                IPCC_C1_RX_IRQHandler
                0x080001c8                ADC_IRQHandler
                0x080001c8                C2SEV_PWR_C2H_IRQHandler
                0x080001c8                I2C3_EV_IRQHandler
                0x080001c8                EXTI9_5_IRQHandler
                0x080001c8                RTC_WKUP_IRQHandler
                0x080001c8                PVD_PVM_IRQHandler
                0x080001c8                SPI2_IRQHandler
                0x080001c8                DMA2_Channel5_IRQHandler
                0x080001c8                DMA1_Channel5_IRQHandler
                0x080001c8                EXTI4_IRQHandler
                0x080001c8                RNG_IRQHandler
                0x080001c8                DMA1_Channel3_IRQHandler
                0x080001c8                COMP_IRQHandler
                0x080001c8                HSEM_IRQHandler
                0x080001c8                TIM1_UP_IRQHandler
                0x080001c8                WWDG_IRQHandler
                0x080001c8                LPUART1_IRQHandler
                0x080001c8                DMA2_Channel6_IRQHandler
                0x080001c8                TIM1_BRK_IRQHandler
                0x080001c8                DAC_IRQHandler
                0x080001c8                EXTI1_IRQHandler
                0x080001c8                AES_IRQHandler
                0x080001c8                USART2_IRQHandler
                0x080001c8                I2C2_ER_IRQHandler
                0x080001c8                DMA1_Channel2_IRQHandler
                0x080001c8                FLASH_IRQHandler
                0x080001c8                USART1_IRQHandler
                0x080001c8                I2C1_ER_IRQHandler
                0x080001c8                LPTIM1_IRQHandler
                0x080001c8                DMA2_Channel3_IRQHandler
 *fill*         0x080001ca        0x2 
 .text.__NVIC_SetPriorityGrouping
                0x080001cc       0x48 ./Application/User/main.o
 .text.__NVIC_GetPriorityGrouping
                0x08000214       0x1c ./Application/User/main.o
 .text.__NVIC_EnableIRQ
                0x08000230       0x38 ./Application/User/main.o
 .text.__NVIC_SetPriority
                0x08000268       0x54 ./Application/User/main.o
 .text.NVIC_EncodePriority
                0x080002bc       0x64 ./Application/User/main.o
 .text.LL_RCC_MSI_Enable
                0x08000320       0x1c ./Application/User/main.o
 .text.LL_RCC_MSI_IsReady
                0x0800033c       0x20 ./Application/User/main.o
 .text.LL_RCC_MSI_EnableRangeSelection
                0x0800035c       0x1c ./Application/User/main.o
 .text.LL_RCC_MSI_SetRange
                0x08000378       0x26 ./Application/User/main.o
 .text.LL_RCC_MSI_SetCalibTrimming
                0x0800039e       0x28 ./Application/User/main.o
 .text.LL_RCC_SetSysClkSource
                0x080003c6       0x26 ./Application/User/main.o
 .text.LL_RCC_GetSysClkSource
                0x080003ec       0x16 ./Application/User/main.o
 .text.LL_RCC_SetAHBPrescaler
                0x08000402       0x26 ./Application/User/main.o
 .text.LL_RCC_SetAHB3Prescaler
                0x08000428       0x2c ./Application/User/main.o
 .text.LL_RCC_SetAPB1Prescaler
                0x08000454       0x26 ./Application/User/main.o
 .text.LL_RCC_SetAPB2Prescaler
                0x0800047a       0x26 ./Application/User/main.o
 .text.LL_AHB2_GRP1_EnableClock
                0x080004a0       0x30 ./Application/User/main.o
 .text.LL_APB1_GRP1_EnableClock
                0x080004d0       0x30 ./Application/User/main.o
 .text.LL_SYSCFG_SetEXTISource
                0x08000500       0x6c ./Application/User/main.o
 .text.LL_FLASH_SetLatency
                0x0800056c       0x28 ./Application/User/main.o
 .text.LL_FLASH_GetLatency
                0x08000594       0x18 ./Application/User/main.o
 .text.LL_PWR_SetRegulVoltageScaling
                0x080005ac       0x28 ./Application/User/main.o
 .text.LL_TIM_EnableCounter
                0x080005d4       0x1e ./Application/User/main.o
 .text.LL_TIM_EnableARRPreload
                0x080005f2       0x1e ./Application/User/main.o
 .text.LL_TIM_GetCounter
                0x08000610       0x16 ./Application/User/main.o
 .text.LL_TIM_GetAutoReload
                0x08000626       0x16 ./Application/User/main.o
 .text.LL_TIM_CC_EnableChannel
                0x0800063c       0x20 ./Application/User/main.o
 .text.LL_TIM_OC_DisableFast
                0x0800065c       0xa0 ./Application/User/main.o
 .text.LL_TIM_OC_EnablePreload
                0x080006fc       0xa0 ./Application/User/main.o
 .text.LL_TIM_OC_SetCompareCH1
                0x0800079c       0x1a ./Application/User/main.o
 .text.LL_TIM_OC_GetCompareCH1
                0x080007b6       0x16 ./Application/User/main.o
 .text.LL_TIM_SetTriggerOutput
                0x080007cc       0x24 ./Application/User/main.o
 .text.LL_TIM_DisableMasterSlaveMode
                0x080007f0       0x1e ./Application/User/main.o
 .text.LL_TIM_EnableIT_CC1
                0x0800080e       0x1e ./Application/User/main.o
 .text.LL_TIM_GenerateEvent_UPDATE
                0x0800082c       0x1e ./Application/User/main.o
 .text.LL_GPIO_SetPinMode
                0x0800084a       0x78 ./Application/User/main.o
 .text.LL_GPIO_SetPinPull
                0x080008c2       0x78 ./Application/User/main.o
 *fill*         0x0800093a        0x2 
 .text.main     0x0800093c       0xb0 ./Application/User/main.o
                0x0800093c                main
 .text.SystemClock_Config
                0x080009ec       0x7c ./Application/User/main.o
                0x080009ec                SystemClock_Config
 .text.MX_TIM2_Init
                0x08000a68      0x110 ./Application/User/main.o
 .text.MX_GPIO_Init
                0x08000b78       0x7c ./Application/User/main.o
 .text.Configure_DutyCycle
                0x08000bf4       0x40 ./Application/User/main.o
 .text.UserButton_Callback
                0x08000c34       0x4c ./Application/User/main.o
                0x08000c34                UserButton_Callback
 .text.TimerCaptureCompare_Callback
                0x08000c80       0x54 ./Application/User/main.o
                0x08000c80                TimerCaptureCompare_Callback
 .text.LL_EXTI_IsActiveFlag_0_31
                0x08000cd4       0x2c ./Application/User/stm32wlxx_it.o
 .text.LL_EXTI_ClearFlag_0_31
                0x08000d00       0x1c ./Application/User/stm32wlxx_it.o
 .text.LL_TIM_ClearFlag_CC1
                0x08000d1c       0x1a ./Application/User/stm32wlxx_it.o
 .text.LL_TIM_IsActiveFlag_CC1
                0x08000d36       0x24 ./Application/User/stm32wlxx_it.o
 .text.NMI_Handler
                0x08000d5a        0xc ./Application/User/stm32wlxx_it.o
                0x08000d5a                NMI_Handler
 .text.HardFault_Handler
                0x08000d66        0x8 ./Application/User/stm32wlxx_it.o
                0x08000d66                HardFault_Handler
 .text.MemManage_Handler
                0x08000d6e        0x8 ./Application/User/stm32wlxx_it.o
                0x08000d6e                MemManage_Handler
 .text.BusFault_Handler
                0x08000d76        0x8 ./Application/User/stm32wlxx_it.o
                0x08000d76                BusFault_Handler
 .text.UsageFault_Handler
                0x08000d7e        0x8 ./Application/User/stm32wlxx_it.o
                0x08000d7e                UsageFault_Handler
 .text.SVC_Handler
                0x08000d86        0xc ./Application/User/stm32wlxx_it.o
                0x08000d86                SVC_Handler
 .text.DebugMon_Handler
                0x08000d92        0xc ./Application/User/stm32wlxx_it.o
                0x08000d92                DebugMon_Handler
 .text.PendSV_Handler
                0x08000d9e        0xc ./Application/User/stm32wlxx_it.o
                0x08000d9e                PendSV_Handler
 .text.SysTick_Handler
                0x08000daa        0xc ./Application/User/stm32wlxx_it.o
                0x08000daa                SysTick_Handler
 .text.EXTI0_IRQHandler
                0x08000db6       0x1e ./Application/User/stm32wlxx_it.o
                0x08000db6                EXTI0_IRQHandler
 .text.TIM2_IRQHandler
                0x08000dd4       0x22 ./Application/User/stm32wlxx_it.o
                0x08000dd4                TIM2_IRQHandler
 .text.SystemInit
                0x08000df6        0xc ./Drivers/CMSIS/system_stm32wlxx.o
                0x08000df6                SystemInit
 *fill*         0x08000e02        0x2 
 .text.LL_EXTI_EnableIT_0_31
                0x08000e04       0x28 ./Drivers/STM32WLxx_HAL_Driver/stm32wlxx_ll_exti.o
 .text.LL_EXTI_EnableIT_32_63
                0x08000e2c       0x28 ./Drivers/STM32WLxx_HAL_Driver/stm32wlxx_ll_exti.o
 .text.LL_EXTI_DisableIT_0_31
                0x08000e54       0x28 ./Drivers/STM32WLxx_HAL_Driver/stm32wlxx_ll_exti.o
 .text.LL_EXTI_DisableIT_32_63
                0x08000e7c       0x28 ./Drivers/STM32WLxx_HAL_Driver/stm32wlxx_ll_exti.o
 .text.LL_EXTI_EnableEvent_0_31
                0x08000ea4       0x28 ./Drivers/STM32WLxx_HAL_Driver/stm32wlxx_ll_exti.o
 .text.LL_EXTI_EnableEvent_32_63
                0x08000ecc       0x28 ./Drivers/STM32WLxx_HAL_Driver/stm32wlxx_ll_exti.o
 .text.LL_EXTI_DisableEvent_0_31
                0x08000ef4       0x28 ./Drivers/STM32WLxx_HAL_Driver/stm32wlxx_ll_exti.o
 .text.LL_EXTI_DisableEvent_32_63
                0x08000f1c       0x28 ./Drivers/STM32WLxx_HAL_Driver/stm32wlxx_ll_exti.o
 .text.LL_EXTI_EnableRisingTrig_0_31
                0x08000f44       0x24 ./Drivers/STM32WLxx_HAL_Driver/stm32wlxx_ll_exti.o
 .text.LL_EXTI_EnableRisingTrig_32_63
                0x08000f68       0x24 ./Drivers/STM32WLxx_HAL_Driver/stm32wlxx_ll_exti.o
 .text.LL_EXTI_DisableRisingTrig_0_31
                0x08000f8c       0x24 ./Drivers/STM32WLxx_HAL_Driver/stm32wlxx_ll_exti.o
 .text.LL_EXTI_DisableRisingTrig_32_63
                0x08000fb0       0x24 ./Drivers/STM32WLxx_HAL_Driver/stm32wlxx_ll_exti.o
 .text.LL_EXTI_EnableFallingTrig_0_31
                0x08000fd4       0x24 ./Drivers/STM32WLxx_HAL_Driver/stm32wlxx_ll_exti.o
 .text.LL_EXTI_EnableFallingTrig_32_63
                0x08000ff8       0x24 ./Drivers/STM32WLxx_HAL_Driver/stm32wlxx_ll_exti.o
 .text.LL_EXTI_DisableFallingTrig_0_31
                0x0800101c       0x24 ./Drivers/STM32WLxx_HAL_Driver/stm32wlxx_ll_exti.o
 .text.LL_EXTI_DisableFallingTrig_32_63
                0x08001040       0x24 ./Drivers/STM32WLxx_HAL_Driver/stm32wlxx_ll_exti.o
 .text.LL_EXTI_Init
                0x08001064      0x1e0 ./Drivers/STM32WLxx_HAL_Driver/stm32wlxx_ll_exti.o
                0x08001064                LL_EXTI_Init
 .text.LL_GPIO_SetPinMode
                0x08001244       0x78 ./Drivers/STM32WLxx_HAL_Driver/stm32wlxx_ll_gpio.o
 .text.LL_GPIO_SetPinOutputType
                0x080012bc       0x2e ./Drivers/STM32WLxx_HAL_Driver/stm32wlxx_ll_gpio.o
 .text.LL_GPIO_SetPinSpeed
                0x080012ea       0x78 ./Drivers/STM32WLxx_HAL_Driver/stm32wlxx_ll_gpio.o
 .text.LL_GPIO_SetPinPull
                0x08001362       0x78 ./Drivers/STM32WLxx_HAL_Driver/stm32wlxx_ll_gpio.o
 .text.LL_GPIO_SetAFPin_0_7
                0x080013da       0x78 ./Drivers/STM32WLxx_HAL_Driver/stm32wlxx_ll_gpio.o
 .text.LL_GPIO_SetAFPin_8_15
                0x08001452       0x7c ./Drivers/STM32WLxx_HAL_Driver/stm32wlxx_ll_gpio.o
 .text.LL_GPIO_Init
                0x080014ce       0xda ./Drivers/STM32WLxx_HAL_Driver/stm32wlxx_ll_gpio.o
                0x080014ce                LL_GPIO_Init
 .text.LL_TIM_SetPrescaler
                0x080015a8       0x1a ./Drivers/STM32WLxx_HAL_Driver/stm32wlxx_ll_tim.o
 .text.LL_TIM_SetAutoReload
                0x080015c2       0x1a ./Drivers/STM32WLxx_HAL_Driver/stm32wlxx_ll_tim.o
 .text.LL_TIM_SetRepetitionCounter
                0x080015dc       0x1a ./Drivers/STM32WLxx_HAL_Driver/stm32wlxx_ll_tim.o
 .text.LL_TIM_OC_SetCompareCH1
                0x080015f6       0x1a ./Drivers/STM32WLxx_HAL_Driver/stm32wlxx_ll_tim.o
 .text.LL_TIM_OC_SetCompareCH2
                0x08001610       0x1a ./Drivers/STM32WLxx_HAL_Driver/stm32wlxx_ll_tim.o
 .text.LL_TIM_OC_SetCompareCH3
                0x0800162a       0x1a ./Drivers/STM32WLxx_HAL_Driver/stm32wlxx_ll_tim.o
 .text.LL_TIM_OC_SetCompareCH4
                0x08001644       0x1a ./Drivers/STM32WLxx_HAL_Driver/stm32wlxx_ll_tim.o
 .text.LL_TIM_OC_SetCompareCH5
                0x0800165e       0x24 ./Drivers/STM32WLxx_HAL_Driver/stm32wlxx_ll_tim.o
 .text.LL_TIM_OC_SetCompareCH6
                0x08001682       0x1a ./Drivers/STM32WLxx_HAL_Driver/stm32wlxx_ll_tim.o
 .text.LL_TIM_GenerateEvent_UPDATE
                0x0800169c       0x1e ./Drivers/STM32WLxx_HAL_Driver/stm32wlxx_ll_tim.o
 *fill*         0x080016ba        0x2 
 .text.LL_TIM_Init
                0x080016bc       0xbc ./Drivers/STM32WLxx_HAL_Driver/stm32wlxx_ll_tim.o
                0x080016bc                LL_TIM_Init
 .text.LL_TIM_OC_Init
                0x08001778       0xbe ./Drivers/STM32WLxx_HAL_Driver/stm32wlxx_ll_tim.o
                0x08001778                LL_TIM_OC_Init
 *fill*         0x08001836        0x2 
 .text.OC1Config
                0x08001838       0xe8 ./Drivers/STM32WLxx_HAL_Driver/stm32wlxx_ll_tim.o
 .text.OC2Config
                0x08001920       0xf0 ./Drivers/STM32WLxx_HAL_Driver/stm32wlxx_ll_tim.o
 .text.OC3Config
                0x08001a10       0xf0 ./Drivers/STM32WLxx_HAL_Driver/stm32wlxx_ll_tim.o
 .text.OC4Config
                0x08001b00       0xc0 ./Drivers/STM32WLxx_HAL_Driver/stm32wlxx_ll_tim.o
 .text.OC5Config
                0x08001bc0       0xb0 ./Drivers/STM32WLxx_HAL_Driver/stm32wlxx_ll_tim.o
 .text.OC6Config
                0x08001c70       0xb0 ./Drivers/STM32WLxx_HAL_Driver/stm32wlxx_ll_tim.o
 .text.LL_InitTick
                0x08001d20       0x38 ./Drivers/STM32WLxx_HAL_Driver/stm32wlxx_ll_utils.o
 .text.LL_Init1msTick
                0x08001d58       0x1a ./Drivers/STM32WLxx_HAL_Driver/stm32wlxx_ll_utils.o
                0x08001d58                LL_Init1msTick
 *fill*         0x08001d72        0x2 
 .text.LL_SetSystemCoreClock
                0x08001d74       0x1c ./Drivers/STM32WLxx_HAL_Driver/stm32wlxx_ll_utils.o
                0x08001d74                LL_SetSystemCoreClock
 .text.memset   0x08001d90       0x10 C:/ST/STM32CubeIDE_2.0.0/STM32CubeIDE/plugins/com.st.stm32cube.ide.mcu.externaltools.gnu-tools-for-stm32.13.3.rel1.win32_1.0.100.202509120712/tools/bin/../lib/gcc/arm-none-eabi/13.3.1/../../../../arm-none-eabi/lib/thumb/v7e-m/nofp\libc_nano.a(libc_a-memset.o)
                0x08001d90                memset
 .text.__libc_init_array
                0x08001da0       0x48 C:/ST/STM32CubeIDE_2.0.0/STM32CubeIDE/plugins/com.st.stm32cube.ide.mcu.externaltools.gnu-tools-for-stm32.13.3.rel1.win32_1.0.100.202509120712/tools/bin/../lib/gcc/arm-none-eabi/13.3.1/../../../../arm-none-eabi/lib/thumb/v7e-m/nofp\libc_nano.a(libc_a-init.o)
                0x08001da0                __libc_init_array
 *(.glue_7)
 .glue_7        0x08001de8        0x0 linker stubs
 *(.glue_7t)
 .glue_7t       0x08001de8        0x0 linker stubs
 *(.eh_frame)
 .eh_frame      0x08001de8        0x0 C:/ST/STM32CubeIDE_2.0.0/STM32CubeIDE/plugins/com.st.stm32cube.ide.mcu.externaltools.gnu-tools-for-stm32.13.3.rel1.win32_1.0.100.202509120712/tools/bin/../lib/gcc/arm-none-eabi/13.3.1/thumb/v7e-m/nofp/crtbegin.o
 *(.init)
 .init          0x08001de8        0x4 C:/ST/STM32CubeIDE_2.0.0/STM32CubeIDE/plugins/com.st.stm32cube.ide.mcu.externaltools.gnu-tools-for-stm32.13.3.rel1.win32_1.0.100.202509120712/tools/bin/../lib/gcc/arm-none-eabi/13.3.1/thumb/v7e-m/nofp/crti.o
                0x08001de8                _init
 .init          0x08001dec        0x8 C:/ST/STM32CubeIDE_2.0.0/STM32CubeIDE/plugins/com.st.stm32cube.ide.mcu.externaltools.gnu-tools-for-stm32.13.3.rel1.win32_1.0.100.202509120712/tools/bin/../lib/gcc/arm-none-eabi/13.3.1/thumb/v7e-m/nofp/crtn.o
 *(.fini)
 .fini          0x08001df4        0x4 C:/ST/STM32CubeIDE_2.0.0/STM32CubeIDE/plugins/com.st.stm32cube.ide.mcu.externaltools.gnu-tools-for-stm32.13.3.rel1.win32_1.0.100.202509120712/tools/bin/../lib/gcc/arm-none-eabi/13.3.1/thumb/v7e-m/nofp/crti.o
                0x08001df4                _fini
 .fini          0x08001df8        0x8 C:/ST/STM32CubeIDE_2.0.0/STM32CubeIDE/plugins/com.st.stm32cube.ide.mcu.externaltools.gnu-tools-for-stm32.13.3.rel1.win32_1.0.100.202509120712/tools/bin/../lib/gcc/arm-none-eabi/13.3.1/thumb/v7e-m/nofp/crtn.o
                0x08001e00                        . = ALIGN (0x8)
                0x08001e00                        _etext = .

.vfp11_veneer   0x08001e00        0x0
 .vfp11_veneer  0x08001e00        0x0 linker stubs

.v4_bx          0x08001e00        0x0
 .v4_bx         0x08001e00        0x0 linker stubs

.iplt           0x08001e00        0x0
 .iplt          0x08001e00        0x0 C:/ST/STM32CubeIDE_2.0.0/STM32CubeIDE/plugins/com.st.stm32cube.ide.mcu.externaltools.gnu-tools-for-stm32.13.3.rel1.win32_1.0.100.202509120712/tools/bin/../lib/gcc/arm-none-eabi/13.3.1/thumb/v7e-m/nofp/crtbegin.o

.rodata         0x08001e00       0x18
                0x08001e00                        . = ALIGN (0x8)
 *(.rodata)
 *(.rodata*)
 .rodata.OFFSET_TAB_CCMRx
                0x08001e00        0x9 ./Application/User/main.o
 *fill*         0x08001e09        0x3 
 .rodata.SHIFT_TAB_OCxx
                0x08001e0c        0x9 ./Application/User/main.o
                0x08001e18                        . = ALIGN (0x8)
 *fill*         0x08001e15        0x3 

.rel.dyn        0x08001e18        0x0
 .rel.iplt      0x08001e18        0x0 C:/ST/STM32CubeIDE_2.0.0/STM32CubeIDE/plugins/com.st.stm32cube.ide.mcu.externaltools.gnu-tools-for-stm32.13.3.rel1.win32_1.0.100.202509120712/tools/bin/../lib/gcc/arm-none-eabi/13.3.1/thumb/v7e-m/nofp/crtbegin.o

.ARM.extab      0x08001e18        0x0
                0x08001e18                        . = ALIGN (0x8)
 *(.ARM.extab* .gnu.linkonce.armextab.*)
                0x08001e18                        . = ALIGN (0x8)

.ARM            0x08001e18        0x0
                0x08001e18                        . = ALIGN (0x8)
                0x08001e18                        __exidx_start = .
 *(.ARM.exidx*)
                0x08001e18                        __exidx_end = .
                0x08001e18                        . = ALIGN (0x8)

.preinit_array  0x08001e18        0x0
                0x08001e18                        . = ALIGN (0x8)
                0x08001e18                        PROVIDE (__preinit_array_start = .)
 *(.preinit_array*)
                0x08001e18                        PROVIDE (__preinit_array_end = .)
                0x08001e18                        . = ALIGN (0x8)

.init_array     0x08001e18        0x8
                0x08001e18                        . = ALIGN (0x8)
                0x08001e18                        PROVIDE (__init_array_start = .)
 *(SORT_BY_NAME(.init_array.*))
 *(.init_array*)
 .init_array    0x08001e18        0x4 C:/ST/STM32CubeIDE_2.0.0/STM32CubeIDE/plugins/com.st.stm32cube.ide.mcu.externaltools.gnu-tools-for-stm32.13.3.rel1.win32_1.0.100.202509120712/tools/bin/../lib/gcc/arm-none-eabi/13.3.1/thumb/v7e-m/nofp/crtbegin.o
                0x08001e1c                        PROVIDE (__init_array_end = .)
                0x08001e20                        . = ALIGN (0x8)
 *fill*         0x08001e1c        0x4 

.fini_array     0x08001e20        0x8
                0x08001e20                        . = ALIGN (0x8)
                [!provide]                        PROVIDE (__fini_array_start = .)
 *(SORT_BY_NAME(.fini_array.*))
 *(.fini_array*)
 .fini_array    0x08001e20        0x4 C:/ST/STM32CubeIDE_2.0.0/STM32CubeIDE/plugins/com.st.stm32cube.ide.mcu.externaltools.gnu-tools-for-stm32.13.3.rel1.win32_1.0.100.202509120712/tools/bin/../lib/gcc/arm-none-eabi/13.3.1/thumb/v7e-m/nofp/crtbegin.o
                [!provide]                        PROVIDE (__fini_array_end = .)
                0x08001e28                        . = ALIGN (0x8)
 *fill*         0x08001e24        0x4 
                0x08001e28                        _sidata = LOADADDR (.data)

.data           0x20000000       0x38 load address 0x08001e28
                0x20000000                        . = ALIGN (0x8)
                0x20000000                        _sdata = .
 *(.data)
 *(.data*)
 .data.aDutyCycle
                0x20000000       0x2c ./Application/User/main.o
 .data.TimOutClock
                0x2000002c        0x4 ./Application/User/main.o
 .data.SystemCoreClock
                0x20000030        0x4 ./Drivers/CMSIS/system_stm32wlxx.o
                0x20000030                SystemCoreClock
                0x20000038                        . = ALIGN (0x8)
 *fill*         0x20000034        0x4 
                0x20000038                        _edata = .

.igot.plt       0x20000038        0x0 load address 0x08001e60
 .igot.plt      0x20000038        0x0 C:/ST/STM32CubeIDE_2.0.0/STM32CubeIDE/plugins/com.st.stm32cube.ide.mcu.externaltools.gnu-tools-for-stm32.13.3.rel1.win32_1.0.100.202509120712/tools/bin/../lib/gcc/arm-none-eabi/13.3.1/thumb/v7e-m/nofp/crtbegin.o
                0x20000038                        . = ALIGN (0x8)

.bss            0x20000038       0x30 load address 0x08001e60
                0x20000038                        _sbss = .
                0x20000038                        __bss_start__ = _sbss
 *(.bss)
 .bss           0x20000038       0x1c C:/ST/STM32CubeIDE_2.0.0/STM32CubeIDE/plugins/com.st.stm32cube.ide.mcu.externaltools.gnu-tools-for-stm32.13.3.rel1.win32_1.0.100.202509120712/tools/bin/../lib/gcc/arm-none-eabi/13.3.1/thumb/v7e-m/nofp/crtbegin.o
 *(.bss*)
 .bss.iDutyCycle
                0x20000054        0x1 ./Application/User/main.o
 *fill*         0x20000055        0x3 
 .bss.uwMeasuredDutyCycle
                0x20000058        0x4 ./Application/User/main.o
                0x20000058                uwMeasuredDutyCycle
 .bss.timxPrescaler
                0x2000005c        0x4 ./Application/User/main.o
                0x2000005c                timxPrescaler
 .bss.timxPeriod
                0x20000060        0x4 ./Application/User/main.o
                0x20000060                timxPeriod
 *(COMMON)
                0x20000068                        . = ALIGN (0x8)
 *fill*         0x20000064        0x4 
                0x20000068                        _ebss = .
                0x20000068                        __bss_end__ = _ebss
                0x20000068                        . = ALIGN (0x8)

RAM1_region     0x20000068        0x0 load address 0x08001e60
                0x20000068                        _sRAM1_region = .
 *(.RAM1_region)
                0x20000068                        . = ALIGN (0x8)
                0x20000068                        _eRAM1_region = .
                0x20000068                        . = ALIGN (0x8)

RAM2_region     0x20008000        0x0
                0x20008000                        _sRAM2_region = .
 *(.RAM2_region)
                0x20008000                        . = ALIGN (0x8)
                0x20008000                        _eRAM2_region = .

._user_heap_stack
                0x20000068      0x600
                0x20000068                        . = ALIGN (0x8)
                [!provide]                        PROVIDE (end = .)
                0x20000068                        PROVIDE (_end = .)
                0x20000268                        . = (. + _Min_Heap_Size)
 *fill*         0x20000068      0x200 
                0x20000668                        . = (. + _Min_Stack_Size)
 *fill*         0x20000268      0x400 
                0x20000668                        . = ALIGN (0x8)

/DISCARD/
 libc.a(*)
 libm.a(*)
 libgcc.a(*)

.ARM.attributes
                0x00000000       0x2a
 *(.ARM.attributes)
 .ARM.attributes
                0x00000000       0x1e C:/ST/STM32CubeIDE_2.0.0/STM32CubeIDE/plugins/com.st.stm32cube.ide.mcu.externaltools.gnu-tools-for-stm32.13.3.rel1.win32_1.0.100.202509120712/tools/bin/../lib/gcc/arm-none-eabi/13.3.1/thumb/v7e-m/nofp/crti.o
 .ARM.attributes
                0x0000001e       0x2e C:/ST/STM32CubeIDE_2.0.0/STM32CubeIDE/plugins/com.st.stm32cube.ide.mcu.externaltools.gnu-tools-for-stm32.13.3.rel1.win32_1.0.100.202509120712/tools/bin/../lib/gcc/arm-none-eabi/13.3.1/thumb/v7e-m/nofp/crtbegin.o
 .ARM.attributes
                0x0000004c       0x21 ./Application/Startup/startup_stm32wl55jcix.o
 .ARM.attributes
                0x0000006d       0x2e ./Application/User/main.o
 .ARM.attributes
                0x0000009b       0x2e ./Application/User/stm32wlxx_it.o
 .ARM.attributes
                0x000000c9       0x2e ./Drivers/CMSIS/system_stm32wlxx.o
 .ARM.attributes
                0x000000f7       0x2e ./Drivers/STM32WLxx_HAL_Driver/stm32wlxx_ll_exti.o
 .ARM.attributes
                0x00000125       0x2e ./Drivers/STM32WLxx_HAL_Driver/stm32wlxx_ll_gpio.o
 .ARM.attributes
                0x00000153       0x2e ./Drivers/STM32WLxx_HAL_Driver/stm32wlxx_ll_tim.o
 .ARM.attributes
                0x00000181       0x2e ./Drivers/STM32WLxx_HAL_Driver/stm32wlxx_ll_utils.o
 .ARM.attributes
                0x000001af       0x2e C:/ST/STM32CubeIDE_2.0.0/STM32CubeIDE/plugins/com.st.stm32cube.ide.mcu.externaltools.gnu-tools-for-stm32.13.3.rel1.win32_1.0.100.202509120712/tools/bin/../lib/gcc/arm-none-eabi/13.3.1/../../../../arm-none-eabi/lib/thumb/v7e-m/nofp\libc_nano.a(libc_a-memset.o)
 .ARM.attributes
                0x000001dd       0x2e C:/ST/STM32CubeIDE_2.0.0/STM32CubeIDE/plugins/com.st.stm32cube.ide.mcu.externaltools.gnu-tools-for-stm32.13.3.rel1.win32_1.0.100.202509120712/tools/bin/../lib/gcc/arm-none-eabi/13.3.1/../../../../arm-none-eabi/lib/thumb/v7e-m/nofp\libc_nano.a(libc_a-init.o)
 .ARM.attributes
                0x0000020b       0x1e C:/ST/STM32CubeIDE_2.0.0/STM32CubeIDE/plugins/com.st.stm32cube.ide.mcu.externaltools.gnu-tools-for-stm32.13.3.rel1.win32_1.0.100.202509120712/tools/bin/../lib/gcc/arm-none-eabi/13.3.1/thumb/v7e-m/nofp/crtn.o
OUTPUT(TIM_PWMOutput_Init.elf elf32-littlearm)
LOAD linker stubs
LOAD C:/ST/STM32CubeIDE_2.0.0/STM32CubeIDE/plugins/com.st.stm32cube.ide.mcu.externaltools.gnu-tools-for-stm32.13.3.rel1.win32_1.0.100.202509120712/tools/bin/../lib/gcc/arm-none-eabi/13.3.1/../../../../arm-none-eabi/lib/thumb/v7e-m/nofp\libc.a
LOAD C:/ST/STM32CubeIDE_2.0.0/STM32CubeIDE/plugins/com.st.stm32cube.ide.mcu.externaltools.gnu-tools-for-stm32.13.3.rel1.win32_1.0.100.202509120712/tools/bin/../lib/gcc/arm-none-eabi/13.3.1/../../../../arm-none-eabi/lib/thumb/v7e-m/nofp\libm.a
LOAD C:/ST/STM32CubeIDE_2.0.0/STM32CubeIDE/plugins/com.st.stm32cube.ide.mcu.externaltools.gnu-tools-for-stm32.13.3.rel1.win32_1.0.100.202509120712/tools/bin/../lib/gcc/arm-none-eabi/13.3.1/thumb/v7e-m/nofp\libgcc.a

.debug_line     0x00000000     0x480d
 .debug_line    0x00000000       0x7b ./Application/Startup/startup_stm32wl55jcix.o
 .debug_line    0x0000007b      0xeae ./Application/User/main.o
 .debug_line    0x00000f29      0x843 ./Application/User/stm32wlxx_it.o
 .debug_line    0x0000176c      0x627 ./Drivers/CMSIS/system_stm32wlxx.o
 .debug_line    0x00001d93      0x821 ./Drivers/STM32WLxx_HAL_Driver/stm32wlxx_ll_exti.o
 .debug_line    0x000025b4      0x919 ./Drivers/STM32WLxx_HAL_Driver/stm32wlxx_ll_gpio.o
 .debug_line    0x00002ecd      0xc7d ./Drivers/STM32WLxx_HAL_Driver/stm32wlxx_ll_tim.o
 .debug_line    0x00003b4a      0xcc3 ./Drivers/STM32WLxx_HAL_Driver/stm32wlxx_ll_utils.o

.debug_line_str
                0x00000000       0xc2
 .debug_line_str
                0x00000000       0xc2 ./Application/Startup/startup_stm32wl55jcix.o

.debug_info     0x00000000     0x58a8
 .debug_info    0x00000000       0x30 ./Application/Startup/startup_stm32wl55jcix.o
 .debug_info    0x00000030     0x1c79 ./Application/User/main.o
 .debug_info    0x00001ca9      0x58c ./Application/User/stm32wlxx_it.o
 .debug_info    0x00002235      0x4ca ./Drivers/CMSIS/system_stm32wlxx.o
 .debug_info    0x000026ff      0x599 ./Drivers/STM32WLxx_HAL_Driver/stm32wlxx_ll_exti.o
 .debug_info    0x00002c98      0xaa3 ./Drivers/STM32WLxx_HAL_Driver/stm32wlxx_ll_gpio.o
 .debug_info    0x0000373b     0x129b ./Drivers/STM32WLxx_HAL_Driver/stm32wlxx_ll_tim.o
 .debug_info    0x000049d6      0xed2 ./Drivers/STM32WLxx_HAL_Driver/stm32wlxx_ll_utils.o

.debug_abbrev   0x00000000      0xf08
 .debug_abbrev  0x00000000       0x24 ./Application/Startup/startup_stm32wl55jcix.o
 .debug_abbrev  0x00000024      0x389 ./Application/User/main.o
 .debug_abbrev  0x000003ad      0x18d ./Application/User/stm32wlxx_it.o
 .debug_abbrev  0x0000053a      0x12d ./Drivers/CMSIS/system_stm32wlxx.o
 .debug_abbrev  0x00000667      0x19a ./Drivers/STM32WLxx_HAL_Driver/stm32wlxx_ll_exti.o
 .debug_abbrev  0x00000801      0x25a ./Drivers/STM32WLxx_HAL_Driver/stm32wlxx_ll_gpio.o
 .debug_abbrev  0x00000a5b      0x22e ./Drivers/STM32WLxx_HAL_Driver/stm32wlxx_ll_tim.o
 .debug_abbrev  0x00000c89      0x27f ./Drivers/STM32WLxx_HAL_Driver/stm32wlxx_ll_utils.o

.debug_aranges  0x00000000      0x608
 .debug_aranges
                0x00000000       0x28 ./Application/Startup/startup_stm32wl55jcix.o
 .debug_aranges
                0x00000028      0x180 ./Application/User/main.o
 .debug_aranges
                0x000001a8       0x90 ./Application/User/stm32wlxx_it.o
 .debug_aranges
                0x00000238       0x28 ./Drivers/CMSIS/system_stm32wlxx.o
 .debug_aranges
                0x00000260       0xb0 ./Drivers/STM32WLxx_HAL_Driver/stm32wlxx_ll_exti.o
 .debug_aranges
                0x00000310       0x70 ./Drivers/STM32WLxx_HAL_Driver/stm32wlxx_ll_gpio.o
 .debug_aranges
                0x00000380      0x148 ./Drivers/STM32WLxx_HAL_Driver/stm32wlxx_ll_tim.o
 .debug_aranges
                0x000004c8      0x140 ./Drivers/STM32WLxx_HAL_Driver/stm32wlxx_ll_utils.o

.debug_str      0x00000000    0x7898e
 .debug_str     0x00000000    0x7898e ./Application/Startup/startup_stm32wl55jcix.o
                                 0xde (size before relaxing)
 .debug_str     0x0007898e        0x0 ./Application/User/main.o
                              0x75337 (size before relaxing)
 .debug_str     0x0007898e        0x0 ./Application/User/stm32wlxx_it.o
                              0x745c0 (size before relaxing)
 .debug_str     0x0007898e        0x0 ./Drivers/CMSIS/system_stm32wlxx.o
                              0x6372f (size before relaxing)
 .debug_str     0x0007898e        0x0 ./Drivers/STM32WLxx_HAL_Driver/stm32wlxx_ll_exti.o
                              0x641eb (size before relaxing)
 .debug_str     0x0007898e        0x0 ./Drivers/STM32WLxx_HAL_Driver/stm32wlxx_ll_gpio.o
                              0x65378 (size before relaxing)
 .debug_str     0x0007898e        0x0 ./Drivers/STM32WLxx_HAL_Driver/stm32wlxx_ll_tim.o
                              0x6aabc (size before relaxing)
 .debug_str     0x0007898e        0x0 ./Drivers/STM32WLxx_HAL_Driver/stm32wlxx_ll_utils.o
                              0x6adf6 (size before relaxing)

.debug_rnglists
                0x00000000      0x478
 .debug_rnglists
                0x00000000       0x19 ./Application/Startup/startup_stm32wl55jcix.o
 .debug_rnglists
                0x00000019      0x11f ./Application/User/main.o
 .debug_rnglists
                0x00000138       0x67 ./Application/User/stm32wlxx_it.o
 .debug_rnglists
                0x0000019f       0x1a ./Drivers/CMSIS/system_stm32wlxx.o
 .debug_rnglists
                0x000001b9       0x80 ./Drivers/STM32WLxx_HAL_Driver/stm32wlxx_ll_exti.o
 .debug_rnglists
                0x00000239       0x51 ./Drivers/STM32WLxx_HAL_Driver/stm32wlxx_ll_gpio.o
 .debug_rnglists
                0x0000028a       0xfe ./Drivers/STM32WLxx_HAL_Driver/stm32wlxx_ll_tim.o
 .debug_rnglists
                0x00000388       0xf0 ./Drivers/STM32WLxx_HAL_Driver/stm32wlxx_ll_utils.o

.debug_macro    0x00000000    0x154ae
 .debug_macro   0x00000000      0x151 ./Application/User/main.o
 .debug_macro   0x00000151      0xb1a ./Application/User/main.o
 .debug_macro   0x00000c6b       0x2e ./Application/User/main.o
 .debug_macro   0x00000c99       0x3a ./Application/User/main.o
 .debug_macro   0x00000cd3       0x22 ./Application/User/main.o
 .debug_macro   0x00000cf5       0x8e ./Application/User/main.o
 .debug_macro   0x00000d83       0x51 ./Application/User/main.o
 .debug_macro   0x00000dd4      0x103 ./Application/User/main.o
 .debug_macro   0x00000ed7       0x6a ./Application/User/main.o
 .debug_macro   0x00000f41      0x1df ./Application/User/main.o
 .debug_macro   0x00001120       0x1c ./Application/User/main.o
 .debug_macro   0x0000113c       0x22 ./Application/User/main.o
 .debug_macro   0x0000115e       0xfb ./Application/User/main.o
 .debug_macro   0x00001259     0x1011 ./Application/User/main.o
 .debug_macro   0x0000226a      0x11f ./Application/User/main.o
 .debug_macro   0x00002389     0xf31a ./Application/User/main.o
 .debug_macro   0x000116a3       0x6d ./Application/User/main.o
 .debug_macro   0x00011710      0x685 ./Application/User/main.o
 .debug_macro   0x00011d95      0x20e ./Application/User/main.o
 .debug_macro   0x00011fa3      0x45a ./Application/User/main.o
 .debug_macro   0x000123fd      0x16e ./Application/User/main.o
 .debug_macro   0x0001256b      0x1a4 ./Application/User/main.o
 .debug_macro   0x0001270f       0x45 ./Application/User/main.o
 .debug_macro   0x00012754      0x283 ./Application/User/main.o
 .debug_macro   0x000129d7      0x416 ./Application/User/main.o
 .debug_macro   0x00012ded      0x2a3 ./Application/User/main.o
 .debug_macro   0x00013090      0x906 ./Application/User/main.o
 .debug_macro   0x00013996      0x14a ./Application/User/main.o
 .debug_macro   0x00013ae0       0x40 ./Application/User/main.o
 .debug_macro   0x00013b20      0x155 ./Application/User/stm32wlxx_it.o
 .debug_macro   0x00013c75       0xd3 ./Drivers/CMSIS/system_stm32wlxx.o
 .debug_macro   0x00013d48       0xfa ./Drivers/STM32WLxx_HAL_Driver/stm32wlxx_ll_exti.o
 .debug_macro   0x00013e42      0x168 ./Drivers/STM32WLxx_HAL_Driver/stm32wlxx_ll_exti.o
 .debug_macro   0x00013faa      0x10f ./Drivers/STM32WLxx_HAL_Driver/stm32wlxx_ll_gpio.o
 .debug_macro   0x000140b9      0x144 ./Drivers/STM32WLxx_HAL_Driver/stm32wlxx_ll_gpio.o
 .debug_macro   0x000141fd      0x184 ./Drivers/STM32WLxx_HAL_Driver/stm32wlxx_ll_tim.o
 .debug_macro   0x00014381      0x900 ./Drivers/STM32WLxx_HAL_Driver/stm32wlxx_ll_tim.o
 .debug_macro   0x00014c81      0x163 ./Drivers/STM32WLxx_HAL_Driver/stm32wlxx_ll_utils.o
 .debug_macro   0x00014de4       0x3f ./Drivers/STM32WLxx_HAL_Driver/stm32wlxx_ll_utils.o
 .debug_macro   0x00014e23      0x68b ./Drivers/STM32WLxx_HAL_Driver/stm32wlxx_ll_utils.o

.comment        0x00000000       0x43
 .comment       0x00000000       0x43 ./Application/User/main.o
                                 0x44 (size before relaxing)
 .comment       0x00000043        0x0 ./Application/User/stm32wlxx_it.o
                                 0x44 (size before relaxing)
 .comment       0x00000043        0x0 ./Drivers/CMSIS/system_stm32wlxx.o
                                 0x44 (size before relaxing)
 .comment       0x00000043        0x0 ./Drivers/STM32WLxx_HAL_Driver/stm32wlxx_ll_exti.o
                                 0x44 (size before relaxing)
 .comment       0x00000043        0x0 ./Drivers/STM32WLxx_HAL_Driver/stm32wlxx_ll_gpio.o
                                 0x44 (size before relaxing)
 .comment       0x00000043        0x0 ./Drivers/STM32WLxx_HAL_Driver/stm32wlxx_ll_tim.o
                                 0x44 (size before relaxing)
 .comment       0x00000043        0x0 ./Drivers/STM32WLxx_HAL_Driver/stm32wlxx_ll_utils.o
                                 0x44 (size before relaxing)

.debug_frame    0x00000000     0x18f0
 .debug_frame   0x00000000      0x6ac ./Application/User/main.o
 .debug_frame   0x000006ac      0x1e8 ./Application/User/stm32wlxx_it.o
 .debug_frame   0x00000894       0x58 ./Drivers/CMSIS/system_stm32wlxx.o
 .debug_frame   0x000008ec      0x2fc ./Drivers/STM32WLxx_HAL_Driver/stm32wlxx_ll_exti.o
 .debug_frame   0x00000be8      0x1c0 ./Drivers/STM32WLxx_HAL_Driver/stm32wlxx_ll_gpio.o
 .debug_frame   0x00000da8      0x5d0 ./Drivers/STM32WLxx_HAL_Driver/stm32wlxx_ll_tim.o
 .debug_frame   0x00001378      0x52c ./Drivers/STM32WLxx_HAL_Driver/stm32wlxx_ll_utils.o
 .debug_frame   0x000018a4       0x20 C:/ST/STM32CubeIDE_2.0.0/STM32CubeIDE/plugins/com.st.stm32cube.ide.mcu.externaltools.gnu-tools-for-stm32.13.3.rel1.win32_1.0.100.202509120712/tools/bin/../lib/gcc/arm-none-eabi/13.3.1/../../../../arm-none-eabi/lib/thumb/v7e-m/nofp\libc_nano.a(libc_a-memset.o)
 .debug_frame   0x000018c4       0x2c C:/ST/STM32CubeIDE_2.0.0/STM32CubeIDE/plugins/com.st.stm32cube.ide.mcu.externaltools.gnu-tools-for-stm32.13.3.rel1.win32_1.0.100.202509120712/tools/bin/../lib/gcc/arm-none-eabi/13.3.1/../../../../arm-none-eabi/lib/thumb/v7e-m/nofp\libc_nano.a(libc_a-init.o)
