C:/D_DRIVE_BACKUP/workspace/stm32cubewl-v1-4-0/STM32Cube_FW_WL_V1.4.0/Middlewares/Third_Party/LoRaWAN/Mac/LoRaMac.c:1010:13:UpdateRxSlotIdleState	0	static
C:/D_DRIVE_BACKUP/workspace/stm32cubewl-v1-4-0/STM32Cube_FW_WL_V1.4.0/Middlewares/Third_Party/LoRaWAN/Mac/LoRaMac.c:4475:13:OnMacProcessNotify	0	static
C:/D_DRIVE_BACKUP/workspace/stm32cubewl-v1-4-0/STM32Cube_FW_WL_V1.4.0/Middlewares/Third_Party/LoRaWAN/Mac/LoRaMac.c:995:13:OnRadioRxError	0	static
C:/D_DRIVE_BACKUP/workspace/stm32cubewl-v1-4-0/STM32Cube_FW_WL_V1.4.0/Middlewares/Third_Party/LoRaWAN/Mac/LoRaMac.c:6165:13:OnAbpJoinPendingTimerEvent	0	static
C:/D_DRIVE_BACKUP/workspace/stm32cubewl-v1-4-0/STM32Cube_FW_WL_V1.4.0/Middlewares/Third_Party/LoRaWAN/Mac/LoRaMac.c:2696:16:GetMaxAppPayloadWithoutFOptsLength	24	static
C:/D_DRIVE_BACKUP/workspace/stm32cubewl-v1-4-0/STM32Cube_FW_WL_V1.4.0/Middlewares/Third_Party/LoRaWAN/Mac/LoRaMac.c:2522:13:OnRetransmitTimeoutTimerEvent	8	static
C:/D_DRIVE_BACKUP/workspace/stm32cubewl-v1-4-0/STM32Cube_FW_WL_V1.4.0/Middlewares/Third_Party/LoRaWAN/Mac/LoRaMac.c:1107:13:PrepareRxDoneAbort	8	static
C:/D_DRIVE_BACKUP/workspace/stm32cubewl-v1-4-0/STM32Cube_FW_WL_V1.4.0/Middlewares/Third_Party/LoRaWAN/Mac/LoRaMac.c:1850:13:HandleRadioRxErrorTimeout	24	static
C:/D_DRIVE_BACKUP/workspace/stm32cubewl-v1-4-0/STM32Cube_FW_WL_V1.4.0/Middlewares/Third_Party/LoRaWAN/Mac/LoRaMac.c:1002:13:OnRadioRxTimeout	8	static
C:/D_DRIVE_BACKUP/workspace/stm32cubewl-v1-4-0/STM32Cube_FW_WL_V1.4.0/Middlewares/Third_Party/LoRaWAN/Mac/LoRaMac.c:987:13:OnRadioTxTimeout	8	static
C:/D_DRIVE_BACKUP/workspace/stm32cubewl-v1-4-0/STM32Cube_FW_WL_V1.4.0/Middlewares/Third_Party/LoRaWAN/Mac/LoRaMac.c:970:13:OnRadioRxDone	24	static
C:/D_DRIVE_BACKUP/workspace/stm32cubewl-v1-4-0/STM32Cube_FW_WL_V1.4.0/Middlewares/Third_Party/LoRaWAN/Mac/LoRaMac.c:959:13:OnRadioTxDone	16	static
C:/D_DRIVE_BACKUP/workspace/stm32cubewl-v1-4-0/STM32Cube_FW_WL_V1.4.0/Middlewares/Third_Party/LoRaWAN/Mac/LoRaMac.c:3608:24:ScheduleTx	96	static
C:/D_DRIVE_BACKUP/workspace/stm32cubewl-v1-4-0/STM32Cube_FW_WL_V1.4.0/Middlewares/Third_Party/LoRaWAN/Mac/LoRaMac.c:3930:13:OpenContinuousRxCWindow	24	static
C:/D_DRIVE_BACKUP/workspace/stm32cubewl-v1-4-0/STM32Cube_FW_WL_V1.4.0/Middlewares/Third_Party/LoRaWAN/Mac/LoRaMac.c:2590:24:SwitchClass	24	static
C:/D_DRIVE_BACKUP/workspace/stm32cubewl-v1-4-0/STM32Cube_FW_WL_V1.4.0/Middlewares/Third_Party/LoRaWAN/Mac/LoRaMac.c:3784:13:ResetMacParameters.constprop	88	static
C:/D_DRIVE_BACKUP/workspace/stm32cubewl-v1-4-0/STM32Cube_FW_WL_V1.4.0/Middlewares/Third_Party/LoRaWAN/Mac/LoRaMac.c:3915:13:RxWindowSetup.constprop	24	static
C:/D_DRIVE_BACKUP/workspace/stm32cubewl-v1-4-0/STM32Cube_FW_WL_V1.4.0/Middlewares/Third_Party/LoRaWAN/Mac/LoRaMac.c:2415:13:OnRxWindow1TimerEvent	0	static
C:/D_DRIVE_BACKUP/workspace/stm32cubewl-v1-4-0/STM32Cube_FW_WL_V1.4.0/Middlewares/Third_Party/LoRaWAN/Mac/LoRaMac.c:2430:13:OnRxWindow2TimerEvent	0	static
C:/D_DRIVE_BACKUP/workspace/stm32cubewl-v1-4-0/STM32Cube_FW_WL_V1.4.0/Middlewares/Third_Party/LoRaWAN/Mac/LoRaMac.c:2242:13:LoRaMacHandleNvm.part.0.constprop	16	static
C:/D_DRIVE_BACKUP/workspace/stm32cubewl-v1-4-0/STM32Cube_FW_WL_V1.4.0/Middlewares/Third_Party/LoRaWAN/Mac/LoRaMac.c:2734:13:ProcessMacCommands.constprop	96	static
C:/D_DRIVE_BACKUP/workspace/stm32cubewl-v1-4-0/STM32Cube_FW_WL_V1.4.0/Middlewares/Third_Party/LoRaWAN/Mac/LoRaMac.c:4417:13:StopRetransmission.isra	0	static
C:/D_DRIVE_BACKUP/workspace/stm32cubewl-v1-4-0/STM32Cube_FW_WL_V1.4.0/Middlewares/Third_Party/LoRaWAN/Mac/LoRaMac.c:2377:13:OnTxDelayedTimerEvent	16	static
C:/D_DRIVE_BACKUP/workspace/stm32cubewl-v1-4-0/STM32Cube_FW_WL_V1.4.0/Middlewares/Third_Party/LoRaWAN/Mac/LoRaMac.c:1963:6:LoRaMacIsBusy	0	static
C:/D_DRIVE_BACKUP/workspace/stm32cubewl-v1-4-0/STM32Cube_FW_WL_V1.4.0/Middlewares/Third_Party/LoRaWAN/Mac/LoRaMac.c:1985:6:LoRaMacIsStopped	0	static
C:/D_DRIVE_BACKUP/workspace/stm32cubewl-v1-4-0/STM32Cube_FW_WL_V1.4.0/Middlewares/Third_Party/LoRaWAN/Mac/LoRaMac.c:2333:6:LoRaMacProcess	200	static,ignoring_inline_asm
C:/D_DRIVE_BACKUP/workspace/stm32cubewl-v1-4-0/STM32Cube_FW_WL_V1.4.0/Middlewares/Third_Party/LoRaWAN/Mac/LoRaMac.c:4538:17:LoRaMacInitialization	80	static
C:/D_DRIVE_BACKUP/workspace/stm32cubewl-v1-4-0/STM32Cube_FW_WL_V1.4.0/Middlewares/Third_Party/LoRaWAN/Mac/LoRaMac.c:4764:17:LoRaMacStart	8	static
C:/D_DRIVE_BACKUP/workspace/stm32cubewl-v1-4-0/STM32Cube_FW_WL_V1.4.0/Middlewares/Third_Party/LoRaWAN/Mac/LoRaMac.c:4771:17:LoRaMacStop	8	static
C:/D_DRIVE_BACKUP/workspace/stm32cubewl-v1-4-0/STM32Cube_FW_WL_V1.4.0/Middlewares/Third_Party/LoRaWAN/Mac/LoRaMac.c:4789:17:LoRaMacHalt	16	static
C:/D_DRIVE_BACKUP/workspace/stm32cubewl-v1-4-0/STM32Cube_FW_WL_V1.4.0/Middlewares/Third_Party/LoRaWAN/Mac/LoRaMac.c:4821:17:LoRaMacQueryTxPossible	56	static
C:/D_DRIVE_BACKUP/workspace/stm32cubewl-v1-4-0/STM32Cube_FW_WL_V1.4.0/Middlewares/Third_Party/LoRaWAN/Mac/LoRaMac.c:4891:17:LoRaMacMibGetRequestConfirm	24	static
C:/D_DRIVE_BACKUP/workspace/stm32cubewl-v1-4-0/STM32Cube_FW_WL_V1.4.0/Middlewares/Third_Party/LoRaWAN/Mac/LoRaMac.c:5179:17:LoRaMacMibSetRequestConfirm	32	static
C:/D_DRIVE_BACKUP/workspace/stm32cubewl-v1-4-0/STM32Cube_FW_WL_V1.4.0/Middlewares/Third_Party/LoRaWAN/Mac/LoRaMac.c:5972:17:LoRaMacChannelAdd	32	static
C:/D_DRIVE_BACKUP/workspace/stm32cubewl-v1-4-0/STM32Cube_FW_WL_V1.4.0/Middlewares/Third_Party/LoRaWAN/Mac/LoRaMac.c:5990:17:LoRaMacChannelRemove	16	static
C:/D_DRIVE_BACKUP/workspace/stm32cubewl-v1-4-0/STM32Cube_FW_WL_V1.4.0/Middlewares/Third_Party/LoRaWAN/Mac/LoRaMac.c:6011:17:LoRaMacMcChannelSetup	24	static
C:/D_DRIVE_BACKUP/workspace/stm32cubewl-v1-4-0/STM32Cube_FW_WL_V1.4.0/Middlewares/Third_Party/LoRaWAN/Mac/LoRaMac.c:6055:17:LoRaMacMcChannelDelete	64	static
C:/D_DRIVE_BACKUP/workspace/stm32cubewl-v1-4-0/STM32Cube_FW_WL_V1.4.0/Middlewares/Third_Party/LoRaWAN/Mac/LoRaMac.c:6078:9:LoRaMacMcChannelGetGroupId	0	static
C:/D_DRIVE_BACKUP/workspace/stm32cubewl-v1-4-0/STM32Cube_FW_WL_V1.4.0/Middlewares/Third_Party/LoRaWAN/Mac/LoRaMac.c:6090:17:LoRaMacMcChannelSetupRxParams	32	static
C:/D_DRIVE_BACKUP/workspace/stm32cubewl-v1-4-0/STM32Cube_FW_WL_V1.4.0/Middlewares/Third_Party/LoRaWAN/Mac/LoRaMac.c:6193:17:LoRaMacProcessMicForDatablock	16	static
C:/D_DRIVE_BACKUP/workspace/stm32cubewl-v1-4-0/STM32Cube_FW_WL_V1.4.0/Middlewares/Third_Party/LoRaWAN/Mac/LoRaMac.c:6206:17:LoRaMacMlmeRequest	72	static
C:/D_DRIVE_BACKUP/workspace/stm32cubewl-v1-4-0/STM32Cube_FW_WL_V1.4.0/Middlewares/Third_Party/LoRaWAN/Mac/LoRaMac.c:6462:17:LoRaMacMcpsRequest	136	static
C:/D_DRIVE_BACKUP/workspace/stm32cubewl-v1-4-0/STM32Cube_FW_WL_V1.4.0/Middlewares/Third_Party/LoRaWAN/Mac/LoRaMac.c:6759:6:LoRaMacTestSetDutyCycleOn	24	static
C:/D_DRIVE_BACKUP/workspace/stm32cubewl-v1-4-0/STM32Cube_FW_WL_V1.4.0/Middlewares/Third_Party/LoRaWAN/Mac/LoRaMac.c:6773:17:LoRaMacDeInitialization	8	static
C:/D_DRIVE_BACKUP/workspace/stm32cubewl-v1-4-0/STM32Cube_FW_WL_V1.4.0/Middlewares/Third_Party/LoRaWAN/Mac/LoRaMac.c:6804:6:LoRaMacReset	8	static
