../../../../../../../Drivers/STM32WLxx_HAL_Driver/Inc/stm32wlxx_ll_tim.h:1727:22:LL_TIM_SetPrescaler	16	static
../../../../../../../Drivers/STM32WLxx_HAL_Driver/Inc/stm32wlxx_ll_tim.h:1754:22:LL_TIM_SetAutoReload	16	static
../../../../../../../Drivers/STM32WLxx_HAL_Driver/Inc/stm32wlxx_ll_tim.h:1782:22:LL_TIM_SetRepetitionCounter	16	static
../../../../../../../Drivers/STM32WLxx_HAL_Driver/Inc/stm32wlxx_ll_tim.h:2563:22:LL_TIM_OC_SetCompareCH1	16	static
../../../../../../../Drivers/STM32WLxx_HAL_Driver/Inc/stm32wlxx_ll_tim.h:2580:22:LL_TIM_OC_SetCompareCH2	16	static
../../../../../../../Drivers/STM32WLxx_HAL_Driver/Inc/stm32wlxx_ll_tim.h:2597:22:LL_TIM_OC_SetCompareCH3	16	static
../../../../../../../Drivers/STM32WLxx_HAL_Driver/Inc/stm32wlxx_ll_tim.h:2614:22:LL_TIM_OC_SetCompareCH4	16	static
../../../../../../../Drivers/STM32WLxx_HAL_Driver/Inc/stm32wlxx_ll_tim.h:2628:22:LL_TIM_OC_SetCompareCH5	16	static
../../../../../../../Drivers/STM32WLxx_HAL_Driver/Inc/stm32wlxx_ll_tim.h:2642:22:LL_TIM_OC_SetCompareCH6	16	static
../../../../../../../Drivers/STM32WLxx_HAL_Driver/Inc/stm32wlxx_ll_tim.h:3228:22:LL_TIM_SetEncoderMode	16	static
../../../../../../../Drivers/STM32WLxx_HAL_Driver/Inc/stm32wlxx_ll_tim.h:4838:22:LL_TIM_GenerateEvent_UPDATE	16	static
../../../../../../../Drivers/STM32WLxx_HAL_Driver/Inc/stm32wlxx_ll_bus.h:1062:22:LL_APB1_GRP1_ForceReset	16	static
../../../../../../../Drivers/STM32WLxx_HAL_Driver/Inc/stm32wlxx_ll_bus.h:1107:22:LL_APB1_GRP1_ReleaseReset	16	static
../../../../../../../Drivers/STM32WLxx_HAL_Driver/Inc/stm32wlxx_ll_bus.h:1374:22:LL_APB2_GRP1_ForceReset	16	static
../../../../../../../Drivers/STM32WLxx_HAL_Driver/Inc/stm32wlxx_ll_bus.h:1397:22:LL_APB2_GRP1_ReleaseReset	16	static
C:/D_DRIVE_BACKUP/workspace/stm32cubewl-v1-4-0/STM32Cube_FW_WL_V1.4.0/Drivers/STM32WLxx_HAL_Driver/Src/stm32wlxx_ll_tim.c:222:13:LL_TIM_DeInit	24	static
C:/D_DRIVE_BACKUP/workspace/stm32cubewl-v1-4-0/STM32Cube_FW_WL_V1.4.0/Drivers/STM32WLxx_HAL_Driver/Src/stm32wlxx_ll_tim.c:263:6:LL_TIM_StructInit	16	static
C:/D_DRIVE_BACKUP/workspace/stm32cubewl-v1-4-0/STM32Cube_FW_WL_V1.4.0/Drivers/STM32WLxx_HAL_Driver/Src/stm32wlxx_ll_tim.c:282:13:LL_TIM_Init	24	static
C:/D_DRIVE_BACKUP/workspace/stm32cubewl-v1-4-0/STM32Cube_FW_WL_V1.4.0/Drivers/STM32WLxx_HAL_Driver/Src/stm32wlxx_ll_tim.c:334:6:LL_TIM_OC_StructInit	16	static
C:/D_DRIVE_BACKUP/workspace/stm32cubewl-v1-4-0/STM32Cube_FW_WL_V1.4.0/Drivers/STM32WLxx_HAL_Driver/Src/stm32wlxx_ll_tim.c:363:13:LL_TIM_OC_Init	32	static
C:/D_DRIVE_BACKUP/workspace/stm32cubewl-v1-4-0/STM32Cube_FW_WL_V1.4.0/Drivers/STM32WLxx_HAL_Driver/Src/stm32wlxx_ll_tim.c:401:6:LL_TIM_IC_StructInit	16	static
C:/D_DRIVE_BACKUP/workspace/stm32cubewl-v1-4-0/STM32Cube_FW_WL_V1.4.0/Drivers/STM32WLxx_HAL_Driver/Src/stm32wlxx_ll_tim.c:424:13:LL_TIM_IC_Init	32	static
C:/D_DRIVE_BACKUP/workspace/stm32cubewl-v1-4-0/STM32Cube_FW_WL_V1.4.0/Drivers/STM32WLxx_HAL_Driver/Src/stm32wlxx_ll_tim.c:455:6:LL_TIM_ENCODER_StructInit	16	static
C:/D_DRIVE_BACKUP/workspace/stm32cubewl-v1-4-0/STM32Cube_FW_WL_V1.4.0/Drivers/STM32WLxx_HAL_Driver/Src/stm32wlxx_ll_tim.c:478:13:LL_TIM_ENCODER_Init	24	static
C:/D_DRIVE_BACKUP/workspace/stm32cubewl-v1-4-0/STM32Cube_FW_WL_V1.4.0/Drivers/STM32WLxx_HAL_Driver/Src/stm32wlxx_ll_tim.c:541:6:LL_TIM_HALLSENSOR_StructInit	16	static
C:/D_DRIVE_BACKUP/workspace/stm32cubewl-v1-4-0/STM32Cube_FW_WL_V1.4.0/Drivers/STM32WLxx_HAL_Driver/Src/stm32wlxx_ll_tim.c:571:13:LL_TIM_HALLSENSOR_Init	32	static
C:/D_DRIVE_BACKUP/workspace/stm32cubewl-v1-4-0/STM32Cube_FW_WL_V1.4.0/Drivers/STM32WLxx_HAL_Driver/Src/stm32wlxx_ll_tim.c:650:6:LL_TIM_BDTR_StructInit	16	static
C:/D_DRIVE_BACKUP/workspace/stm32cubewl-v1-4-0/STM32Cube_FW_WL_V1.4.0/Drivers/STM32WLxx_HAL_Driver/Src/stm32wlxx_ll_tim.c:685:13:LL_TIM_BDTR_Init	24	static
C:/D_DRIVE_BACKUP/workspace/stm32cubewl-v1-4-0/STM32Cube_FW_WL_V1.4.0/Drivers/STM32WLxx_HAL_Driver/Src/stm32wlxx_ll_tim.c:753:20:OC1Config	32	static
C:/D_DRIVE_BACKUP/workspace/stm32cubewl-v1-4-0/STM32Cube_FW_WL_V1.4.0/Drivers/STM32WLxx_HAL_Driver/Src/stm32wlxx_ll_tim.c:832:20:OC2Config	32	static
C:/D_DRIVE_BACKUP/workspace/stm32cubewl-v1-4-0/STM32Cube_FW_WL_V1.4.0/Drivers/STM32WLxx_HAL_Driver/Src/stm32wlxx_ll_tim.c:911:20:OC3Config	32	static
C:/D_DRIVE_BACKUP/workspace/stm32cubewl-v1-4-0/STM32Cube_FW_WL_V1.4.0/Drivers/STM32WLxx_HAL_Driver/Src/stm32wlxx_ll_tim.c:990:20:OC4Config	32	static
C:/D_DRIVE_BACKUP/workspace/stm32cubewl-v1-4-0/STM32Cube_FW_WL_V1.4.0/Drivers/STM32WLxx_HAL_Driver/Src/stm32wlxx_ll_tim.c:1057:20:OC5Config	24	static
C:/D_DRIVE_BACKUP/workspace/stm32cubewl-v1-4-0/STM32Cube_FW_WL_V1.4.0/Drivers/STM32WLxx_HAL_Driver/Src/stm32wlxx_ll_tim.c:1118:20:OC6Config	24	static
C:/D_DRIVE_BACKUP/workspace/stm32cubewl-v1-4-0/STM32Cube_FW_WL_V1.4.0/Drivers/STM32WLxx_HAL_Driver/Src/stm32wlxx_ll_tim.c:1178:20:IC1Config	16	static
C:/D_DRIVE_BACKUP/workspace/stm32cubewl-v1-4-0/STM32Cube_FW_WL_V1.4.0/Drivers/STM32WLxx_HAL_Driver/Src/stm32wlxx_ll_tim.c:1211:20:IC2Config	16	static
C:/D_DRIVE_BACKUP/workspace/stm32cubewl-v1-4-0/STM32Cube_FW_WL_V1.4.0/Drivers/STM32WLxx_HAL_Driver/Src/stm32wlxx_ll_tim.c:1244:20:IC3Config	16	static
C:/D_DRIVE_BACKUP/workspace/stm32cubewl-v1-4-0/STM32Cube_FW_WL_V1.4.0/Drivers/STM32WLxx_HAL_Driver/Src/stm32wlxx_ll_tim.c:1277:20:IC4Config	16	static
